Archive member included to satisfy reference by file (symbol)

d:/evr/gcc-arm-none-eabi-10.3-2021.10/bin/../lib/gcc/arm-none-eabi/10.3.1/../../../../arm-none-eabi/lib/thumb/v7e-m/nofp\libg.a(lib_a-exit.o)
                              d:/evr/gcc-arm-none-eabi-10.3-2021.10/bin/../lib/gcc/arm-none-eabi/10.3.1/../../../../arm-none-eabi/lib/thumb/v7e-m/nofp/crt0.o (exit)
d:/evr/gcc-arm-none-eabi-10.3-2021.10/bin/../lib/gcc/arm-none-eabi/10.3.1/../../../../arm-none-eabi/lib/thumb/v7e-m/nofp\libg.a(lib_a-impure.o)
                              d:/evr/gcc-arm-none-eabi-10.3-2021.10/bin/../lib/gcc/arm-none-eabi/10.3.1/../../../../arm-none-eabi/lib/thumb/v7e-m/nofp\libg.a(lib_a-exit.o) (_global_impure_ptr)
d:/evr/gcc-arm-none-eabi-10.3-2021.10/bin/../lib/gcc/arm-none-eabi/10.3.1/../../../../arm-none-eabi/lib/thumb/v7e-m/nofp\libg.a(lib_a-init.o)
                              d:/evr/gcc-arm-none-eabi-10.3-2021.10/bin/../lib/gcc/arm-none-eabi/10.3.1/../../../../arm-none-eabi/lib/thumb/v7e-m/nofp/crt0.o (__libc_init_array)
d:/evr/gcc-arm-none-eabi-10.3-2021.10/bin/../lib/gcc/arm-none-eabi/10.3.1/../../../../arm-none-eabi/lib/thumb/v7e-m/nofp\libg.a(lib_a-memset.o)
                              d:/evr/gcc-arm-none-eabi-10.3-2021.10/bin/../lib/gcc/arm-none-eabi/10.3.1/../../../../arm-none-eabi/lib/thumb/v7e-m/nofp/crt0.o (memset)
d:/evr/gcc-arm-none-eabi-10.3-2021.10/bin/../lib/gcc/arm-none-eabi/10.3.1/../../../../arm-none-eabi/lib/thumb/v7e-m/nofp\libg.a(lib_a-printf.o)
                              CMakeFiles/CLion_Test.elf.dir/UserApp/main.c.obj (printf)
d:/evr/gcc-arm-none-eabi-10.3-2021.10/bin/../lib/gcc/arm-none-eabi/10.3.1/../../../../arm-none-eabi/lib/thumb/v7e-m/nofp\libg.a(lib_a-vfprintf.o)
                              d:/evr/gcc-arm-none-eabi-10.3-2021.10/bin/../lib/gcc/arm-none-eabi/10.3.1/../../../../arm-none-eabi/lib/thumb/v7e-m/nofp\libg.a(lib_a-printf.o) (_vfprintf_r)
d:/evr/gcc-arm-none-eabi-10.3-2021.10/bin/../lib/gcc/arm-none-eabi/10.3.1/../../../../arm-none-eabi/lib/thumb/v7e-m/nofp\libg.a(lib_a-wsetup.o)
                              d:/evr/gcc-arm-none-eabi-10.3-2021.10/bin/../lib/gcc/arm-none-eabi/10.3.1/../../../../arm-none-eabi/lib/thumb/v7e-m/nofp\libg.a(lib_a-vfprintf.o) (__swsetup_r)
d:/evr/gcc-arm-none-eabi-10.3-2021.10/bin/../lib/gcc/arm-none-eabi/10.3.1/../../../../arm-none-eabi/lib/thumb/v7e-m/nofp\libg.a(lib_a-__call_atexit.o)
                              d:/evr/gcc-arm-none-eabi-10.3-2021.10/bin/../lib/gcc/arm-none-eabi/10.3.1/../../../../arm-none-eabi/lib/thumb/v7e-m/nofp\libg.a(lib_a-exit.o) (__call_exitprocs)
d:/evr/gcc-arm-none-eabi-10.3-2021.10/bin/../lib/gcc/arm-none-eabi/10.3.1/../../../../arm-none-eabi/lib/thumb/v7e-m/nofp\libg.a(lib_a-atexit.o)
                              d:/evr/gcc-arm-none-eabi-10.3-2021.10/bin/../lib/gcc/arm-none-eabi/10.3.1/../../../../arm-none-eabi/lib/thumb/v7e-m/nofp\libg.a(lib_a-__call_atexit.o) (atexit)
d:/evr/gcc-arm-none-eabi-10.3-2021.10/bin/../lib/gcc/arm-none-eabi/10.3.1/../../../../arm-none-eabi/lib/thumb/v7e-m/nofp\libg.a(lib_a-dtoa.o)
                              d:/evr/gcc-arm-none-eabi-10.3-2021.10/bin/../lib/gcc/arm-none-eabi/10.3.1/../../../../arm-none-eabi/lib/thumb/v7e-m/nofp\libg.a(lib_a-vfprintf.o) (_dtoa_r)
d:/evr/gcc-arm-none-eabi-10.3-2021.10/bin/../lib/gcc/arm-none-eabi/10.3.1/../../../../arm-none-eabi/lib/thumb/v7e-m/nofp\libg.a(lib_a-fflush.o)
                              d:/evr/gcc-arm-none-eabi-10.3-2021.10/bin/../lib/gcc/arm-none-eabi/10.3.1/../../../../arm-none-eabi/lib/thumb/v7e-m/nofp\libg.a(lib_a-vfprintf.o) (_fflush_r)
d:/evr/gcc-arm-none-eabi-10.3-2021.10/bin/../lib/gcc/arm-none-eabi/10.3.1/../../../../arm-none-eabi/lib/thumb/v7e-m/nofp\libg.a(lib_a-findfp.o)
                              d:/evr/gcc-arm-none-eabi-10.3-2021.10/bin/../lib/gcc/arm-none-eabi/10.3.1/../../../../arm-none-eabi/lib/thumb/v7e-m/nofp\libg.a(lib_a-vfprintf.o) (__sinit)
d:/evr/gcc-arm-none-eabi-10.3-2021.10/bin/../lib/gcc/arm-none-eabi/10.3.1/../../../../arm-none-eabi/lib/thumb/v7e-m/nofp\libg.a(lib_a-fini.o)
                              d:/evr/gcc-arm-none-eabi-10.3-2021.10/bin/../lib/gcc/arm-none-eabi/10.3.1/../../../../arm-none-eabi/lib/thumb/v7e-m/nofp\libg.a(lib_a-__call_atexit.o) (__libc_fini_array)
d:/evr/gcc-arm-none-eabi-10.3-2021.10/bin/../lib/gcc/arm-none-eabi/10.3.1/../../../../arm-none-eabi/lib/thumb/v7e-m/nofp\libg.a(lib_a-freer.o)
                              d:/evr/gcc-arm-none-eabi-10.3-2021.10/bin/../lib/gcc/arm-none-eabi/10.3.1/../../../../arm-none-eabi/lib/thumb/v7e-m/nofp\libg.a(lib_a-vfprintf.o) (_free_r)
d:/evr/gcc-arm-none-eabi-10.3-2021.10/bin/../lib/gcc/arm-none-eabi/10.3.1/../../../../arm-none-eabi/lib/thumb/v7e-m/nofp\libg.a(lib_a-fwalk.o)
                              d:/evr/gcc-arm-none-eabi-10.3-2021.10/bin/../lib/gcc/arm-none-eabi/10.3.1/../../../../arm-none-eabi/lib/thumb/v7e-m/nofp\libg.a(lib_a-findfp.o) (_fwalk)
[...]
Memory Configuration

Name             Origin             Length             Attributes
FLASH            0x08000000         0x00200000         xr
RAM              0x20000000         0x00030000         xrw
TCMRAM           0x10000000         0x00010000         rw
*default*        0x00000000         0xffffffff

Linker script and memory map

LOAD d:/evr/gcc-arm-none-eabi-10.3-2021.10/bin/../lib/gcc/arm-none-eabi/10.3.1/thumb/v7e-m/nofp/crti.o
LOAD d:/evr/gcc-arm-none-eabi-10.3-2021.10/bin/../lib/gcc/arm-none-eabi/10.3.1/thumb/v7e-m/nofp/crtbegin.o
LOAD d:/evr/gcc-arm-none-eabi-10.3-2021.10/bin/../lib/gcc/arm-none-eabi/10.3.1/../../../../arm-none-eabi/lib/thumb/v7e-m/nofp/crt0.o
LOAD CMakeFiles/CLion_Test.elf.dir/Core/Src/gd32f4xx_adc.c.obj
LOAD CMakeFiles/CLion_Test.elf.dir/Core/Src/gd32f4xx_can.c.obj
LOAD CMakeFiles/CLion_Test.elf.dir/Core/Src/gd32f4xx_crc.c.obj
LOAD CMakeFiles/CLion_Test.elf.dir/Core/Src/gd32f4xx_ctc.c.obj
LOAD CMakeFiles/CLion_Test.elf.dir/Core/Src/gd32f4xx_dac.c.obj
LOAD CMakeFiles/CLion_Test.elf.dir/Core/Src/gd32f4xx_dbg.c.obj
LOAD CMakeFiles/CLion_Test.elf.dir/Core/Src/gd32f4xx_dci.c.obj
LOAD CMakeFiles/CLion_Test.elf.dir/Core/Src/gd32f4xx_dma.c.obj
LOAD CMakeFiles/CLion_Test.elf.dir/Core/Src/gd32f4xx_enet.c.obj
LOAD CMakeFiles/CLion_Test.elf.dir/Core/Src/gd32f4xx_exmc.c.obj
LOAD CMakeFiles/CLion_Test.elf.dir/Core/Src/gd32f4xx_exti.c.obj
LOAD CMakeFiles/CLion_Test.elf.dir/Core/Src/gd32f4xx_fmc.c.obj
LOAD CMakeFiles/CLion_Test.elf.dir/Core/Src/gd32f4xx_fwdgt.c.obj
LOAD CMakeFiles/CLion_Test.elf.dir/Core/Src/gd32f4xx_gpio.c.obj
LOAD CMakeFiles/CLion_Test.elf.dir/Core/Src/gd32f4xx_i2c.c.obj
LOAD CMakeFiles/CLion_Test.elf.dir/Core/Src/gd32f4xx_ipa.c.obj
LOAD CMakeFiles/CLion_Test.elf.dir/Core/Src/gd32f4xx_iref.c.obj
LOAD CMakeFiles/CLion_Test.elf.dir/Core/Src/gd32f4xx_misc.c.obj
LOAD CMakeFiles/CLion_Test.elf.dir/Core/Src/gd32f4xx_pmu.c.obj
LOAD CMakeFiles/CLion_Test.elf.dir/Core/Src/gd32f4xx_rcu.c.obj
LOAD CMakeFiles/CLion_Test.elf.dir/Core/Src/gd32f4xx_rtc.c.obj
LOAD CMakeFiles/CLion_Test.elf.dir/Core/Src/gd32f4xx_sdio.c.obj
LOAD CMakeFiles/CLion_Test.elf.dir/Core/Src/gd32f4xx_spi.c.obj
LOAD CMakeFiles/CLion_Test.elf.dir/Core/Src/gd32f4xx_syscfg.c.obj
LOAD CMakeFiles/CLion_Test.elf.dir/Core/Src/gd32f4xx_timer.c.obj
LOAD CMakeFiles/CLion_Test.elf.dir/Core/Src/gd32f4xx_tli.c.obj
LOAD CMakeFiles/CLion_Test.elf.dir/Core/Src/gd32f4xx_trng.c.obj
LOAD CMakeFiles/CLion_Test.elf.dir/Core/Src/gd32f4xx_usart.c.obj
LOAD CMakeFiles/CLion_Test.elf.dir/Core/Src/gd32f4xx_wwdgt.c.obj
LOAD CMakeFiles/CLion_Test.elf.dir/Drivers/CMSIS/system_gd32f4xx.c.obj
LOAD CMakeFiles/CLion_Test.elf.dir/MyLib/LED/led.c.obj
LOAD CMakeFiles/CLion_Test.elf.dir/MyLib/USART/usart.c.obj
LOAD CMakeFiles/CLion_Test.elf.dir/MyLib/delay/delay.c.obj
LOAD CMakeFiles/CLion_Test.elf.dir/UserApp/gd32f4xx_it.c.obj
LOAD CMakeFiles/CLion_Test.elf.dir/UserApp/i2c.c.obj
LOAD CMakeFiles/CLion_Test.elf.dir/UserApp/main.c.obj
LOAD CMakeFiles/CLion_Test.elf.dir/UserApp/systick.c.obj
LOAD CMakeFiles/CLion_Test.elf.dir/startup/startup_gd32f450.S.obj
START GROUP
LOAD d:/evr/gcc-arm-none-eabi-10.3-2021.10/bin/../lib/gcc/arm-none-eabi/10.3.1/thumb/v7e-m/nofp\libgcc.a
LOAD d:/evr/gcc-arm-none-eabi-10.3-2021.10/bin/../lib/gcc/arm-none-eabi/10.3.1/../../../../arm-none-eabi/lib/thumb/v7e-m/nofp\libg.a
LOAD d:/evr/gcc-arm-none-eabi-10.3-2021.10/bin/../lib/gcc/arm-none-eabi/10.3.1/../../../../arm-none-eabi/lib/thumb/v7e-m/nofp\libc.a
END GROUP
START GROUP
LOAD d:/evr/gcc-arm-none-eabi-10.3-2021.10/bin/../lib/gcc/arm-none-eabi/10.3.1/thumb/v7e-m/nofp\libgcc.a
LOAD d:/evr/gcc-arm-none-eabi-10.3-2021.10/bin/../lib/gcc/arm-none-eabi/10.3.1/../../../../arm-none-eabi/lib/thumb/v7e-m/nofp\libc.a
LOAD d:/evr/gcc-arm-none-eabi-10.3-2021.10/bin/../lib/gcc/arm-none-eabi/10.3.1/../../../../arm-none-eabi/lib/thumb/v7e-m/nofp\libnosys.a
END GROUP
LOAD d:/evr/gcc-arm-none-eabi-10.3-2021.10/bin/../lib/gcc/arm-none-eabi/10.3.1/thumb/v7e-m/nofp/crtend.o
LOAD d:/evr/gcc-arm-none-eabi-10.3-2021.10/bin/../lib/gcc/arm-none-eabi/10.3.1/thumb/v7e-m/nofp/crtn.o
                0x00000800                __stack_size = DEFINED (__stack_size)?__stack_size:0x800

.vectors        0x08000000      0x1ac
                0x08000000                . = ALIGN (0x4)
 *(.vectors)
 .vectors       0x08000000      0x1ac CMakeFiles/CLion_Test.elf.dir/startup/startup_gd32f450.S.obj
                0x08000000                __gVectors
                0x080001ac                . = ALIGN (0x4)
                0x080001ac                __Vectors_End = .
                0x080001ac                __Vectors_Size = (__Vectors_End - __gVectors)

.text           0x080001c0     0x7ca4
                0x080001c0                . = ALIGN (0x4)
 *(.text)
 .text          0x080001c0       0x40 d:/evr/gcc-arm-none-eabi-10.3-2021.10/bin/../lib/gcc/arm-none-eabi/10.3.1/thumb/v7e-m/nofp/crtbegin.o
 .text          0x08000200       0xa0 d:/evr/gcc-arm-none-eabi-10.3-2021.10/bin/../lib/gcc/arm-none-eabi/10.3.1/../../../../arm-none-eabi/lib/thumb/v7e-m/nofp\libg.a(lib_a-memchr.o)
                0x08000200                memchr
 .text          0x080002a0      0x134 d:/evr/gcc-arm-none-eabi-10.3-2021.10/bin/../lib/gcc/arm-none-eabi/10.3.1/../../../../arm-none-eabi/lib/thumb/v7e-m/nofp\libg.a(lib_a-memcpy.o)
                0x080002a0                memcpy
 *fill*         0x080003d4       0x2c 
 .text          0x08000400       0xdc d:/evr/gcc-arm-none-eabi-10.3-2021.10/bin/../lib/gcc/arm-none-eabi/10.3.1/../../../../arm-none-eabi/lib/thumb/v7e-m/nofp\libg.a(lib_a-strlen.o)
                0x08000400                strlen
 .text          0x080004dc      0x378 d:/evr/gcc-arm-none-eabi-10.3-2021.10/bin/../lib/gcc/arm-none-eabi/10.3.1/thumb/v7e-m/nofp\libgcc.a(_arm_addsubdf3.o)
                0x080004dc                __aeabi_drsub
                0x080004e4                __aeabi_dsub
                0x080004e4                __subdf3
                0x080004e8                __aeabi_dadd
                0x080004e8                __adddf3
                0x08000760                __floatunsidf
                0x08000760                __aeabi_ui2d
                0x08000780                __floatsidf
                0x08000780                __aeabi_i2d
                0x080007a4                __aeabi_f2d
                0x080007a4                __extendsfdf2
                0x080007e8                __floatundidf
                0x080007e8                __aeabi_ul2d
                0x080007f8                __floatdidf
                0x080007f8                __aeabi_l2d
 .text          0x08000854      0x424 d:/evr/gcc-arm-none-eabi-10.3-2021.10/bin/../lib/gcc/arm-none-eabi/10.3.1/thumb/v7e-m/nofp\libgcc.a(_arm_muldivdf3.o)
                0x08000854                __aeabi_dmul
                0x08000854                __muldf3
                0x08000aa8                __divdf3
                0x08000aa8                __aeabi_ddiv
 .text          0x08000c78      0x110 d:/evr/gcc-arm-none-eabi-10.3-2021.10/bin/../lib/gcc/arm-none-eabi/10.3.1/thumb/v7e-m/nofp\libgcc.a(_arm_cmpdf2.o)
                0x08000c78                __gtdf2
                0x08000c78                __gedf2
                0x08000c80                __ltdf2
                0x08000c80                __ledf2
                0x08000c88                __nedf2
                0x08000c88                __eqdf2
                0x08000c88                __cmpdf2
                0x08000d04                __aeabi_cdrcmple
                0x08000d14                __aeabi_cdcmpeq
                0x08000d14                __aeabi_cdcmple
                0x08000d24                __aeabi_dcmpeq
                0x08000d38                __aeabi_dcmplt
                0x08000d4c                __aeabi_dcmple
                0x08000d60                __aeabi_dcmpge
                0x08000d74                __aeabi_dcmpgt
 .text          0x08000d88       0x2c d:/evr/gcc-arm-none-eabi-10.3-2021.10/bin/../lib/gcc/arm-none-eabi/10.3.1/thumb/v7e-m/nofp\libgcc.a(_arm_unorddf2.o)
                0x08000d88                __unorddf2
                0x08000d88                __aeabi_dcmpun
 .text          0x08000db4       0x50 d:/evr/gcc-arm-none-eabi-10.3-2021.10/bin/../lib/gcc/arm-none-eabi/10.3.1/thumb/v7e-m/nofp\libgcc.a(_arm_fixdfsi.o)
                0x08000db4                __aeabi_d2iz
                0x08000db4                __fixdfsi
 .text          0x08000e04       0x30 d:/evr/gcc-arm-none-eabi-10.3-2021.10/bin/../lib/gcc/arm-none-eabi/10.3.1/thumb/v7e-m/nofp\libgcc.a(_aeabi_uldivmod.o)
                0x08000e04                __aeabi_uldivmod
 .text          0x08000e34      0x2d0 d:/evr/gcc-arm-none-eabi-10.3-2021.10/bin/../lib/gcc/arm-none-eabi/10.3.1/thumb/v7e-m/nofp\libgcc.a(_udivmoddi4.o)
                0x08000e34                __udivmoddi4
 .text          0x08001104        0x4 d:/evr/gcc-arm-none-eabi-10.3-2021.10/bin/../lib/gcc/arm-none-eabi/10.3.1/thumb/v7e-m/nofp\libgcc.a(_dvmd_tls.o)
                0x08001104                __aeabi_idiv0
                0x08001104                __aeabi_ldiv0
 *(.text*)
 .text.gpio_mode_set
                0x08001108       0x52 CMakeFiles/CLion_Test.elf.dir/Core/Src/gd32f4xx_gpio.c.obj
                0x08001108                gpio_mode_set
 .text.gpio_output_options_set
                0x0800115a       0x50 CMakeFiles/CLion_Test.elf.dir/Core/Src/gd32f4xx_gpio.c.obj
                0x0800115a                gpio_output_options_set
 .text.gpio_af_set
                0x080011aa       0x78 CMakeFiles/CLion_Test.elf.dir/Core/Src/gd32f4xx_gpio.c.obj
                0x080011aa                gpio_af_set
 *fill*         0x08001222        0x2 
 .text.i2c_clock_config
                0x08001224       0xd4 CMakeFiles/CLion_Test.elf.dir/Core/Src/gd32f4xx_i2c.c.obj
                0x08001224                i2c_clock_config
 .text.i2c_mode_addr_config
                0x080012f8       0x1a CMakeFiles/CLion_Test.elf.dir/Core/Src/gd32f4xx_i2c.c.obj
                0x080012f8                i2c_mode_addr_config
 .text.i2c_ack_config
                0x08001312        0xc CMakeFiles/CLion_Test.elf.dir/Core/Src/gd32f4xx_i2c.c.obj
                0x08001312                i2c_ack_config
 .text.i2c_ackpos_config
                0x0800131e        0xc CMakeFiles/CLion_Test.elf.dir/Core/Src/gd32f4xx_i2c.c.obj
                0x0800131e                i2c_ackpos_config
 .text.i2c_master_addressing
                0x0800132a       0x14 CMakeFiles/CLion_Test.elf.dir/Core/Src/gd32f4xx_i2c.c.obj
                0x0800132a                i2c_master_addressing
 .text.i2c_enable
                0x0800133e        0xa CMakeFiles/CLion_Test.elf.dir/Core/Src/gd32f4xx_i2c.c.obj
                0x0800133e                i2c_enable
 .text.i2c_start_on_bus
                0x08001348        0xa CMakeFiles/CLion_Test.elf.dir/Core/Src/gd32f4xx_i2c.c.obj
                0x08001348                i2c_start_on_bus
 .text.i2c_stop_on_bus
                0x08001352        0xa CMakeFiles/CLion_Test.elf.dir/Core/Src/gd32f4xx_i2c.c.obj
                0x08001352                i2c_stop_on_bus
 .text.i2c_data_transmit
                0x0800135c        0x4 CMakeFiles/CLion_Test.elf.dir/Core/Src/gd32f4xx_i2c.c.obj
                0x0800135c                i2c_data_transmit
 .text.i2c_data_receive
                0x08001360        0x6 CMakeFiles/CLion_Test.elf.dir/Core/Src/gd32f4xx_i2c.c.obj
                0x08001360                i2c_data_receive
 .text.i2c_flag_get
                0x08001366       0x1a CMakeFiles/CLion_Test.elf.dir/Core/Src/gd32f4xx_i2c.c.obj
                0x08001366                i2c_flag_get
 .text.i2c_flag_clear
                0x08001380       0x2a CMakeFiles/CLion_Test.elf.dir/Core/Src/gd32f4xx_i2c.c.obj
                0x08001380                i2c_flag_clear
 .text.rcu_periph_clock_enable
                0x080013aa       0x1c CMakeFiles/CLion_Test.elf.dir/Core/Src/gd32f4xx_rcu.c.obj
                0x080013aa                rcu_periph_clock_enable
 *fill*         0x080013c6        0x2 
 .text.rcu_clock_freq_get
                0x080013c8       0xe8 CMakeFiles/CLion_Test.elf.dir/Core/Src/gd32f4xx_rcu.c.obj
                0x080013c8                rcu_clock_freq_get
 .text.usart_data_transmit
                0x080014b0        0x8 CMakeFiles/CLion_Test.elf.dir/Core/Src/gd32f4xx_usart.c.obj
                0x080014b0                usart_data_transmit
 .text.usart_flag_get
                0x080014b8       0x1a CMakeFiles/CLion_Test.elf.dir/Core/Src/gd32f4xx_usart.c.obj
                0x080014b8                usart_flag_get
 *fill*         0x080014d2        0x2 
 .text.system_clock_200m_25m_hxtal
                0x080014d4       0xe8 CMakeFiles/CLion_Test.elf.dir/Drivers/CMSIS/system_gd32f4xx.c.obj
 .text.system_clock_config
                0x080015bc        0x8 CMakeFiles/CLion_Test.elf.dir/Drivers/CMSIS/system_gd32f4xx.c.obj
 .text.SystemInit
                0x080015c4       0xa8 CMakeFiles/CLion_Test.elf.dir/Drivers/CMSIS/system_gd32f4xx.c.obj
                0x080015c4                SystemInit
 .text.USART_Send_Byte
                0x0800166c       0x1c CMakeFiles/CLion_Test.elf.dir/MyLib/USART/usart.c.obj
                0x0800166c                USART_Send_Byte
 .text.USART_Send_String
                0x08001688       0x16 CMakeFiles/CLion_Test.elf.dir/MyLib/USART/usart.c.obj
                0x08001688                USART_Send_String
 *fill*         0x0800169e        0x2 
 .text.__io_putchar
                0x080016a0       0x20 CMakeFiles/CLion_Test.elf.dir/MyLib/USART/usart.c.obj
                0x080016a0                __io_putchar
 .text._write   0x080016c0       0x1c CMakeFiles/CLion_Test.elf.dir/MyLib/USART/usart.c.obj
                0x080016c0                _write
 .text.NMI_Handler
                0x080016dc        0x2 CMakeFiles/CLion_Test.elf.dir/UserApp/gd32f4xx_it.c.obj
                0x080016dc                NMI_Handler
 .text.HardFault_Handler
                0x080016de        0x2 CMakeFiles/CLion_Test.elf.dir/UserApp/gd32f4xx_it.c.obj
                0x080016de                HardFault_Handler
 .text.MemManage_Handler
                0x080016e0        0x2 CMakeFiles/CLion_Test.elf.dir/UserApp/gd32f4xx_it.c.obj
                0x080016e0                MemManage_Handler
 .text.BusFault_Handler
                0x080016e2        0x2 CMakeFiles/CLion_Test.elf.dir/UserApp/gd32f4xx_it.c.obj
                0x080016e2                BusFault_Handler
 .text.UsageFault_Handler
                0x080016e4        0x2 CMakeFiles/CLion_Test.elf.dir/UserApp/gd32f4xx_it.c.obj
                0x080016e4                UsageFault_Handler
 .text.SVC_Handler
                0x080016e6        0x2 CMakeFiles/CLion_Test.elf.dir/UserApp/gd32f4xx_it.c.obj
                0x080016e6                SVC_Handler
 .text.DebugMon_Handler
                0x080016e8        0x2 CMakeFiles/CLion_Test.elf.dir/UserApp/gd32f4xx_it.c.obj
                0x080016e8                DebugMon_Handler
 .text.PendSV_Handler
                0x080016ea        0x2 CMakeFiles/CLion_Test.elf.dir/UserApp/gd32f4xx_it.c.obj
                0x080016ea                PendSV_Handler
 .text.SysTick_Handler
                0x080016ec        0x8 CMakeFiles/CLion_Test.elf.dir/UserApp/gd32f4xx_it.c.obj
                0x080016ec                SysTick_Handler
 .text.i2c0_gpio_config
                0x080016f4       0x64 CMakeFiles/CLion_Test.elf.dir/UserApp/i2c.c.obj
                0x080016f4                i2c0_gpio_config
 .text.i2c0_config
                0x08001758       0x3c CMakeFiles/CLion_Test.elf.dir/UserApp/i2c.c.obj
                0x08001758                i2c0_config
 .text.i2c1_gpio_config
                0x08001794       0x5c CMakeFiles/CLion_Test.elf.dir/UserApp/i2c.c.obj
                0x08001794                i2c1_gpio_config
 .text.i2c1_config
                0x080017f0       0x3c CMakeFiles/CLion_Test.elf.dir/UserApp/i2c.c.obj
                0x080017f0                i2c1_config
 .text.i2c_addr_poll
                0x0800182c       0x6c CMakeFiles/CLion_Test.elf.dir/UserApp/i2c.c.obj
                0x0800182c                i2c_addr_poll
 .text.i2c_cmd_write
                0x08001898       0x96 CMakeFiles/CLion_Test.elf.dir/UserApp/i2c.c.obj
                0x08001898                i2c_cmd_write
 .text.i2c_byte_write
                0x0800192e       0xae CMakeFiles/CLion_Test.elf.dir/UserApp/i2c.c.obj
                0x0800192e                i2c_byte_write
 .text.i2c_read
                0x080019dc      0x16c CMakeFiles/CLion_Test.elf.dir/UserApp/i2c.c.obj
                0x080019dc                i2c_read
 .text.setPWM   0x08001b48       0x5a CMakeFiles/CLion_Test.elf.dir/UserApp/main.c.obj
                0x08001b48                setPWM
 .text.setPWM_off
                0x08001ba2       0x34 CMakeFiles/CLion_Test.elf.dir/UserApp/main.c.obj
                0x08001ba2                setPWM_off
 *fill*         0x08001bd6        0x2 
 .text.i2c_addr_init
                0x08001bd8      0x100 CMakeFiles/CLion_Test.elf.dir/UserApp/main.c.obj
                0x08001bd8                i2c_addr_init
 .text.led_control
                0x08001cd8       0xd4 CMakeFiles/CLion_Test.elf.dir/UserApp/main.c.obj
                0x08001cd8                led_control
 .text.key_control
                0x08001dac       0x26 CMakeFiles/CLion_Test.elf.dir/UserApp/main.c.obj
                0x08001dac                key_control
 *fill*         0x08001dd2        0x2 
 .text.key_trans
                0x08001dd4       0x34 CMakeFiles/CLion_Test.elf.dir/UserApp/main.c.obj
                0x08001dd4                key_trans
 .text.main     0x08001e08       0x68 CMakeFiles/CLion_Test.elf.dir/UserApp/main.c.obj
                0x08001e08                main
 .text.systick_config
                0x08001e70       0x40 CMakeFiles/CLion_Test.elf.dir/UserApp/systick.c.obj
                0x08001e70                systick_config
 .text.delay_1ms
                0x08001eb0       0x14 CMakeFiles/CLion_Test.elf.dir/UserApp/systick.c.obj
                0x08001eb0                delay_1ms
 .text.delay_decrement
                0x08001ec4       0x14 CMakeFiles/CLion_Test.elf.dir/UserApp/systick.c.obj
                0x08001ec4                delay_decrement
 .text.Reset_Handler
                0x08001ed8       0x44 CMakeFiles/CLion_Test.elf.dir/startup/startup_gd32f450.S.obj
                0x08001ed8                Reset_Handler
 .text.Default_Handler
                0x08001f1c        0x2 CMakeFiles/CLion_Test.elf.dir/startup/startup_gd32f450.S.obj
                0x08001f1c                RTC_Alarm_IRQHandler
                0x08001f1c                EXTI2_IRQHandler
                0x08001f1c                TIMER2_IRQHandler
                0x08001f1c                LVD_IRQHandler
                0x08001f1c                SPI4_IRQHandler
                0x08001f1c                CAN1_EWMC_IRQHandler
                0x08001f1c                TIMER7_UP_TIMER12_IRQHandler
                0x08001f1c                SDIO_IRQHandler
                0x08001f1c                EXTI3_IRQHandler
                0x08001f1c                DCI_IRQHandler
                0x08001f1c                USBFS_WKUP_IRQHandler
                0x08001f1c                USBHS_IRQHandler
                0x08001f1c                IPA_IRQHandler
                0x08001f1c                TIMER5_DAC_IRQHandler
                0x08001f1c                TIMER0_TRG_CMT_TIMER10_IRQHandler
                0x08001f1c                USBFS_IRQHandler
                0x08001f1c                TIMER3_IRQHandler
                0x08001f1c                DMA0_Channel6_IRQHandler
                0x08001f1c                I2C0_EV_IRQHandler
                0x08001f1c                EXTI0_IRQHandler
                0x08001f1c                I2C2_EV_IRQHandler
                0x08001f1c                CAN1_RX0_IRQHandler
                0x08001f1c                FPU_IRQHandler
                0x08001f1c                TIMER7_TRG_CMT_TIMER13_IRQHandler
                0x08001f1c                TIMER4_IRQHandler
                0x08001f1c                SPI1_IRQHandler
                0x08001f1c                DMA0_Channel0_IRQHandler
                0x08001f1c                USART5_IRQHandler
                0x08001f1c                TIMER0_BRK_TIMER8_IRQHandler
                0x08001f1c                DMA1_Channel0_IRQHandler
                0x08001f1c                TIMER7_BRK_TIMER11_IRQHandler
                0x08001f1c                TIMER7_CC_IRQHandler
                0x08001f1c                TIMER6_IRQHandler
                0x08001f1c                DMA1_Channel4_IRQHandler
                0x08001f1c                DMA0_Channel3_IRQHandler
                0x08001f1c                I2C0_ER_IRQHandler
                0x08001f1c                TLI_IRQHandler
                0x08001f1c                TIMER0_UP_TIMER9_IRQHandler
                0x08001f1c                TIMER0_CC_IRQHandler
                0x08001f1c                DMA1_Channel7_IRQHandler
                0x08001f1c                CAN1_RX1_IRQHandler
                0x08001f1c                DMA0_Channel2_IRQHandler
                0x08001f1c                TIMER1_IRQHandler
                0x08001f1c                I2C1_EV_IRQHandler
                0x08001f1c                DMA1_Channel6_IRQHandler
                0x08001f1c                UART4_IRQHandler
                0x08001f1c                EXTI10_15_IRQHandler
                0x08001f1c                DMA1_Channel1_IRQHandler
                0x08001f1c                Default_Handler
                0x08001f1c                DMA0_Channel7_IRQHandler
                0x08001f1c                ADC_IRQHandler
                0x08001f1c                CAN0_TX_IRQHandler
                0x08001f1c                WWDGT_IRQHandler
                0x08001f1c                EXMC_IRQHandler
                0x08001f1c                SPI5_IRQHandler
                0x08001f1c                TAMPER_STAMP_IRQHandler
                0x08001f1c                RTC_WKUP_IRQHandler
                0x08001f1c                SPI2_IRQHandler
                0x08001f1c                CAN1_TX_IRQHandler
                0x08001f1c                RCU_CTC_IRQHandler
                0x08001f1c                DMA1_Channel5_IRQHandler
                0x08001f1c                EXTI4_IRQHandler
                0x08001f1c                CAN0_RX1_IRQHandler
                0x08001f1c                DMA0_Channel5_IRQHandler
                0x08001f1c                DMA1_Channel3_IRQHandler
                0x08001f1c                EXTI5_9_IRQHandler
                0x08001f1c                DMA0_Channel1_IRQHandler
                0x08001f1c                EXTI1_IRQHandler
                0x08001f1c                ENET_WKUP_IRQHandler
                0x08001f1c                USBHS_EP1_In_IRQHandler
                0x08001f1c                SPI0_IRQHandler
                0x08001f1c                UART7_IRQHandler
                0x08001f1c                USART2_IRQHandler
                0x08001f1c                UART6_IRQHandler
                0x08001f1c                CAN0_EWMC_IRQHandler
                0x08001f1c                CAN0_RX0_IRQHandler
                0x08001f1c                I2C2_ER_IRQHandler
                0x08001f1c                DMA1_Channel2_IRQHandler
                0x08001f1c                TLI_ER_IRQHandler
                0x08001f1c                USART1_IRQHandler
                0x08001f1c                SPI3_IRQHandler
                0x08001f1c                UART3_IRQHandler
                0x08001f1c                I2C1_ER_IRQHandler
                0x08001f1c                FMC_IRQHandler
                0x08001f1c                USBHS_WKUP_IRQHandler
                0x08001f1c                DMA0_Channel4_IRQHandler
                0x08001f1c                TRNG_IRQHandler
                0x08001f1c                ENET_IRQHandler
                0x08001f1c                USBHS_EP1_Out_IRQHandler
 *fill*         0x08001f1e        0x2 
 .text.memset   0x08001f20       0xa4 d:/evr/gcc-arm-none-eabi-10.3-2021.10/bin/../lib/gcc/arm-none-eabi/10.3.1/../../../../arm-none-eabi/lib/thumb/v7e-m/nofp\libg.a(lib_a-memset.o)
                0x08001f20                memset
 .text.printf   0x08001fc4       0x28 d:/evr/gcc-arm-none-eabi-10.3-2021.10/bin/../lib/gcc/arm-none-eabi/10.3.1/../../../../arm-none-eabi/lib/thumb/v7e-m/nofp\libg.a(lib_a-printf.o)
                0x08001fc4                printf
 .text._vfprintf_r
                0x08001fec     0x1ad4 d:/evr/gcc-arm-none-eabi-10.3-2021.10/bin/../lib/gcc/arm-none-eabi/10.3.1/../../../../arm-none-eabi/lib/thumb/v7e-m/nofp\libg.a(lib_a-vfprintf.o)
                0x08001fec                _vfprintf_r
 .text.__sbprintf
                0x08003ac0       0x80 d:/evr/gcc-arm-none-eabi-10.3-2021.10/bin/../lib/gcc/arm-none-eabi/10.3.1/../../../../arm-none-eabi/lib/thumb/v7e-m/nofp\libg.a(lib_a-vfprintf.o)
 .text.__swsetup_r
                0x08003b40       0xd4 d:/evr/gcc-arm-none-eabi-10.3-2021.10/bin/../lib/gcc/arm-none-eabi/10.3.1/../../../../arm-none-eabi/lib/thumb/v7e-m/nofp\libg.a(lib_a-wsetup.o)
                0x08003b40                __swsetup_r
 .text.startup.register_fini
                0x08003c14       0x14 d:/evr/gcc-arm-none-eabi-10.3-2021.10/bin/../lib/gcc/arm-none-eabi/10.3.1/../../../../arm-none-eabi/lib/thumb/v7e-m/nofp\libg.a(lib_a-__call_atexit.o)
 .text.atexit   0x08003c28        0xc d:/evr/gcc-arm-none-eabi-10.3-2021.10/bin/../lib/gcc/arm-none-eabi/10.3.1/../../../../arm-none-eabi/lib/thumb/v7e-m/nofp\libg.a(lib_a-atexit.o)
                0x08003c28                atexit
 .text.quorem   0x08003c34      0x124 d:/evr/gcc-arm-none-eabi-10.3-2021.10/bin/../lib/gcc/arm-none-eabi/10.3.1/../../../../arm-none-eabi/lib/thumb/v7e-m/nofp\libg.a(lib_a-dtoa.o)
 .text._dtoa_r  0x08003d58      0xec4 d:/evr/gcc-arm-none-eabi-10.3-2021.10/bin/../lib/gcc/arm-none-eabi/10.3.1/../../../../arm-none-eabi/lib/thumb/v7e-m/nofp\libg.a(lib_a-dtoa.o)
                0x08003d58                _dtoa_r
 .text.__sflush_r
                0x08004c1c      0x120 d:/evr/gcc-arm-none-eabi-10.3-2021.10/bin/../lib/gcc/arm-none-eabi/10.3.1/../../../../arm-none-eabi/lib/thumb/v7e-m/nofp\libg.a(lib_a-fflush.o)
                0x08004c1c                __sflush_r
 .text._fflush_r
                0x08004d3c       0x5c d:/evr/gcc-arm-none-eabi-10.3-2021.10/bin/../lib/gcc/arm-none-eabi/10.3.1/../../../../arm-none-eabi/lib/thumb/v7e-m/nofp\libg.a(lib_a-fflush.o)
                0x08004d3c                _fflush_r
 .text._cleanup_r
                0x08004d98        0xc d:/evr/gcc-arm-none-eabi-10.3-2021.10/bin/../lib/gcc/arm-none-eabi/10.3.1/../../../../arm-none-eabi/lib/thumb/v7e-m/nofp\libg.a(lib_a-findfp.o)
                0x08004d98                _cleanup_r
 .text.__sinit  0x08004da4      0x10c d:/evr/gcc-arm-none-eabi-10.3-2021.10/bin/../lib/gcc/arm-none-eabi/10.3.1/../../../../arm-none-eabi/lib/thumb/v7e-m/nofp\libg.a(lib_a-findfp.o)
                0x08004da4                __sinit
 .text.__sfp_lock_acquire
                0x08004eb0        0xc d:/evr/gcc-arm-none-eabi-10.3-2021.10/bin/../lib/gcc/arm-none-eabi/10.3.1/../../../../arm-none-eabi/lib/thumb/v7e-m/nofp\libg.a(lib_a-findfp.o)
                0x08004eb0                __sfp_lock_acquire
 .text.__sfp_lock_release
                0x08004ebc        0xc d:/evr/gcc-arm-none-eabi-10.3-2021.10/bin/../lib/gcc/arm-none-eabi/10.3.1/../../../../arm-none-eabi/lib/thumb/v7e-m/nofp\libg.a(lib_a-findfp.o)
                0x08004ebc                __sfp_lock_release
 .text.__libc_fini_array
                0x08004ec8       0x2c d:/evr/gcc-arm-none-eabi-10.3-2021.10/bin/../lib/gcc/arm-none-eabi/10.3.1/../../../../arm-none-eabi/lib/thumb/v7e-m/nofp\libg.a(lib_a-fini.o)
                0x08004ec8                __libc_fini_array
 .text._malloc_trim_r
                0x08004ef4       0xa0 d:/evr/gcc-arm-none-eabi-10.3-2021.10/bin/../lib/gcc/arm-none-eabi/10.3.1/../../../../arm-none-eabi/lib/thumb/v7e-m/nofp\libg.a(lib_a-freer.o)
                0x08004ef4                _malloc_trim_r
 .text._free_r  0x08004f94      0x20c d:/evr/gcc-arm-none-eabi-10.3-2021.10/bin/../lib/gcc/arm-none-eabi/10.3.1/../../../../arm-none-eabi/lib/thumb/v7e-m/nofp\libg.a(lib_a-freer.o)
                0x08004f94                _free_r
 .text._fwalk_reent
                0x080051a0       0x48 d:/evr/gcc-arm-none-eabi-10.3-2021.10/bin/../lib/gcc/arm-none-eabi/10.3.1/../../../../arm-none-eabi/lib/thumb/v7e-m/nofp\libg.a(lib_a-fwalk.o)
                0x080051a0                _fwalk_reent
 .text._localeconv_r
                0x080051e8        0x8 d:/evr/gcc-arm-none-eabi-10.3-2021.10/bin/../lib/gcc/arm-none-eabi/10.3.1/../../../../arm-none-eabi/lib/thumb/v7e-m/nofp\libg.a(lib_a-localeconv.o)
                0x080051e8                _localeconv_r
 .text.__retarget_lock_init_recursive
                0x080051f0        0x4 d:/evr/gcc-arm-none-eabi-10.3-2021.10/bin/../lib/gcc/arm-none-eabi/10.3.1/../../../../arm-none-eabi/lib/thumb/v7e-m/nofp\libg.a(lib_a-lock.o)
                0x080051f0                __retarget_lock_init_recursive
 .text.__retarget_lock_close_recursive
                0x080051f4        0x4 d:/evr/gcc-arm-none-eabi-10.3-2021.10/bin/../lib/gcc/arm-none-eabi/10.3.1/../../../../arm-none-eabi/lib/thumb/v7e-m/nofp\libg.a(lib_a-lock.o)
                0x080051f4                __retarget_lock_close_recursive
 .text.__retarget_lock_acquire_recursive
                0x080051f8        0x4 d:/evr/gcc-arm-none-eabi-10.3-2021.10/bin/../lib/gcc/arm-none-eabi/10.3.1/../../../../arm-none-eabi/lib/thumb/v7e-m/nofp\libg.a(lib_a-lock.o)
                0x080051f8                __retarget_lock_acquire_recursive
 .text.__retarget_lock_release_recursive
                0x080051fc        0x4 d:/evr/gcc-arm-none-eabi-10.3-2021.10/bin/../lib/gcc/arm-none-eabi/10.3.1/../../../../arm-none-eabi/lib/thumb/v7e-m/nofp\libg.a(lib_a-lock.o)
                0x080051fc                __retarget_lock_release_recursive
 .text.__smakebuf_r
                0x08005200       0xe0 d:/evr/gcc-arm-none-eabi-10.3-2021.10/bin/../lib/gcc/arm-none-eabi/10.3.1/../../../../arm-none-eabi/lib/thumb/v7e-m/nofp\libg.a(lib_a-makebuf.o)
                0x08005200                __smakebuf_r
 .text._malloc_r
                0x080052e0      0x560 d:/evr/gcc-arm-none-eabi-10.3-2021.10/bin/../lib/gcc/arm-none-eabi/10.3.1/../../../../arm-none-eabi/lib/thumb/v7e-m/nofp\libg.a(lib_a-mallocr.o)
                0x080052e0                _malloc_r
 .text.__malloc_lock
                0x08005840        0xc d:/evr/gcc-arm-none-eabi-10.3-2021.10/bin/../lib/gcc/arm-none-eabi/10.3.1/../../../../arm-none-eabi/lib/thumb/v7e-m/nofp\libg.a(lib_a-mlock.o)
                0x08005840                __malloc_lock
 .text.__malloc_unlock
                0x0800584c        0xc d:/evr/gcc-arm-none-eabi-10.3-2021.10/bin/../lib/gcc/arm-none-eabi/10.3.1/../../../../arm-none-eabi/lib/thumb/v7e-m/nofp\libg.a(lib_a-mlock.o)
                0x0800584c                __malloc_unlock
 .text._Balloc  0x08005858       0x4c d:/evr/gcc-arm-none-eabi-10.3-2021.10/bin/../lib/gcc/arm-none-eabi/10.3.1/../../../../arm-none-eabi/lib/thumb/v7e-m/nofp\libg.a(lib_a-mprec.o)
                0x08005858                _Balloc
 .text._Bfree   0x080058a4       0x14 d:/evr/gcc-arm-none-eabi-10.3-2021.10/bin/../lib/gcc/arm-none-eabi/10.3.1/../../../../arm-none-eabi/lib/thumb/v7e-m/nofp\libg.a(lib_a-mprec.o)
                0x080058a4                _Bfree
 .text.__multadd
                0x080058b8       0xa0 d:/evr/gcc-arm-none-eabi-10.3-2021.10/bin/../lib/gcc/arm-none-eabi/10.3.1/../../../../arm-none-eabi/lib/thumb/v7e-m/nofp\libg.a(lib_a-mprec.o)
                0x080058b8                __multadd
 .text.__hi0bits
                0x08005958       0x40 d:/evr/gcc-arm-none-eabi-10.3-2021.10/bin/../lib/gcc/arm-none-eabi/10.3.1/../../../../arm-none-eabi/lib/thumb/v7e-m/nofp\libg.a(lib_a-mprec.o)
                0x08005958                __hi0bits
 .text.__lo0bits
                0x08005998       0x5c d:/evr/gcc-arm-none-eabi-10.3-2021.10/bin/../lib/gcc/arm-none-eabi/10.3.1/../../../../arm-none-eabi/lib/thumb/v7e-m/nofp\libg.a(lib_a-mprec.o)
                0x08005998                __lo0bits
 .text.__i2b    0x080059f4       0x5c d:/evr/gcc-arm-none-eabi-10.3-2021.10/bin/../lib/gcc/arm-none-eabi/10.3.1/../../../../arm-none-eabi/lib/thumb/v7e-m/nofp\libg.a(lib_a-mprec.o)
                0x080059f4                __i2b
 .text.__multiply
                0x08005a50      0x15c d:/evr/gcc-arm-none-eabi-10.3-2021.10/bin/../lib/gcc/arm-none-eabi/10.3.1/../../../../arm-none-eabi/lib/thumb/v7e-m/nofp\libg.a(lib_a-mprec.o)
                0x08005a50                __multiply
 .text.__pow5mult
                0x08005bac       0xc0 d:/evr/gcc-arm-none-eabi-10.3-2021.10/bin/../lib/gcc/arm-none-eabi/10.3.1/../../../../arm-none-eabi/lib/thumb/v7e-m/nofp\libg.a(lib_a-mprec.o)
                0x08005bac                __pow5mult
 .text.__lshift
                0x08005c6c       0xf0 d:/evr/gcc-arm-none-eabi-10.3-2021.10/bin/../lib/gcc/arm-none-eabi/10.3.1/../../../../arm-none-eabi/lib/thumb/v7e-m/nofp\libg.a(lib_a-mprec.o)
                0x08005c6c                __lshift
 .text.__mcmp   0x08005d5c       0x40 d:/evr/gcc-arm-none-eabi-10.3-2021.10/bin/../lib/gcc/arm-none-eabi/10.3.1/../../../../arm-none-eabi/lib/thumb/v7e-m/nofp\libg.a(lib_a-mprec.o)
                0x08005d5c                __mcmp
 .text.__mdiff  0x08005d9c      0x14c d:/evr/gcc-arm-none-eabi-10.3-2021.10/bin/../lib/gcc/arm-none-eabi/10.3.1/../../../../arm-none-eabi/lib/thumb/v7e-m/nofp\libg.a(lib_a-mprec.o)
                0x08005d9c                __mdiff
 .text.__d2b    0x08005ee8       0xc4 d:/evr/gcc-arm-none-eabi-10.3-2021.10/bin/../lib/gcc/arm-none-eabi/10.3.1/../../../../arm-none-eabi/lib/thumb/v7e-m/nofp\libg.a(lib_a-mprec.o)
                0x08005ee8                __d2b
 .text.frexp    0x08005fac       0x70 d:/evr/gcc-arm-none-eabi-10.3-2021.10/bin/../lib/gcc/arm-none-eabi/10.3.1/../../../../arm-none-eabi/lib/thumb/v7e-m/nofp\libg.a(lib_a-s_frexp.o)
                0x08005fac                frexp
 .text._sbrk_r  0x0800601c       0x24 d:/evr/gcc-arm-none-eabi-10.3-2021.10/bin/../lib/gcc/arm-none-eabi/10.3.1/../../../../arm-none-eabi/lib/thumb/v7e-m/nofp\libg.a(lib_a-sbrkr.o)
                0x0800601c                _sbrk_r
 .text.__sread  0x08006040       0x24 d:/evr/gcc-arm-none-eabi-10.3-2021.10/bin/../lib/gcc/arm-none-eabi/10.3.1/../../../../arm-none-eabi/lib/thumb/v7e-m/nofp\libg.a(lib_a-stdio.o)
                0x08006040                __sread
 .text.__swrite
                0x08006064       0x40 d:/evr/gcc-arm-none-eabi-10.3-2021.10/bin/../lib/gcc/arm-none-eabi/10.3.1/../../../../arm-none-eabi/lib/thumb/v7e-m/nofp\libg.a(lib_a-stdio.o)
                0x08006064                __swrite
 .text.__sseek  0x080060a4       0x20 d:/evr/gcc-arm-none-eabi-10.3-2021.10/bin/../lib/gcc/arm-none-eabi/10.3.1/../../../../arm-none-eabi/lib/thumb/v7e-m/nofp\libg.a(lib_a-stdio.o)
                0x080060a4                __sseek
 .text.__sclose
                0x080060c4        0x8 d:/evr/gcc-arm-none-eabi-10.3-2021.10/bin/../lib/gcc/arm-none-eabi/10.3.1/../../../../arm-none-eabi/lib/thumb/v7e-m/nofp\libg.a(lib_a-stdio.o)
                0x080060c4                __sclose
 .text.strncpy  0x080060cc       0x64 d:/evr/gcc-arm-none-eabi-10.3-2021.10/bin/../lib/gcc/arm-none-eabi/10.3.1/../../../../arm-none-eabi/lib/thumb/v7e-m/nofp\libg.a(lib_a-strncpy.o)
                0x080060cc                strncpy
 .text.__sprint_r.part.0
                0x08006130       0x78 d:/evr/gcc-arm-none-eabi-10.3-2021.10/bin/../lib/gcc/arm-none-eabi/10.3.1/../../../../arm-none-eabi/lib/thumb/v7e-m/nofp\libg.a(lib_a-vfiprintf.o)
 .text.__sprint_r
                0x080061a8       0x14 d:/evr/gcc-arm-none-eabi-10.3-2021.10/bin/../lib/gcc/arm-none-eabi/10.3.1/../../../../arm-none-eabi/lib/thumb/v7e-m/nofp\libg.a(lib_a-vfiprintf.o)
                0x080061a8                __sprint_r
 .text._vfiprintf_r
                0x080061bc      0xda0 d:/evr/gcc-arm-none-eabi-10.3-2021.10/bin/../lib/gcc/arm-none-eabi/10.3.1/../../../../arm-none-eabi/lib/thumb/v7e-m/nofp\libg.a(lib_a-vfiprintf.o)
                0x080061bc                _vfiprintf_r
 .text.__sbprintf
                0x08006f5c       0x80 d:/evr/gcc-arm-none-eabi-10.3-2021.10/bin/../lib/gcc/arm-none-eabi/10.3.1/../../../../arm-none-eabi/lib/thumb/v7e-m/nofp\libg.a(lib_a-vfiprintf.o)
 .text._write_r
                0x08006fdc       0x2c d:/evr/gcc-arm-none-eabi-10.3-2021.10/bin/../lib/gcc/arm-none-eabi/10.3.1/../../../../arm-none-eabi/lib/thumb/v7e-m/nofp\libg.a(lib_a-writer.o)
                0x08006fdc                _write_r
 .text.__register_exitproc
                0x08007008       0x8c d:/evr/gcc-arm-none-eabi-10.3-2021.10/bin/../lib/gcc/arm-none-eabi/10.3.1/../../../../arm-none-eabi/lib/thumb/v7e-m/nofp\libg.a(lib_a-__atexit.o)
                0x08007008                __register_exitproc
 .text.__assert_func
                0x08007094       0x40 d:/evr/gcc-arm-none-eabi-10.3-2021.10/bin/../lib/gcc/arm-none-eabi/10.3.1/../../../../arm-none-eabi/lib/thumb/v7e-m/nofp\libg.a(lib_a-assert.o)
                0x08007094                __assert_func
 .text._calloc_r
                0x080070d4       0x78 d:/evr/gcc-arm-none-eabi-10.3-2021.10/bin/../lib/gcc/arm-none-eabi/10.3.1/../../../../arm-none-eabi/lib/thumb/v7e-m/nofp\libg.a(lib_a-callocr.o)
                0x080070d4                _calloc_r
 .text._close_r
                0x0800714c       0x24 d:/evr/gcc-arm-none-eabi-10.3-2021.10/bin/../lib/gcc/arm-none-eabi/10.3.1/../../../../arm-none-eabi/lib/thumb/v7e-m/nofp\libg.a(lib_a-closer.o)
                0x0800714c                _close_r
 .text.__errno  0x08007170        0xc d:/evr/gcc-arm-none-eabi-10.3-2021.10/bin/../lib/gcc/arm-none-eabi/10.3.1/../../../../arm-none-eabi/lib/thumb/v7e-m/nofp\libg.a(lib_a-errno.o)
                0x08007170                __errno
 .text._fclose_r
                0x0800717c       0xcc d:/evr/gcc-arm-none-eabi-10.3-2021.10/bin/../lib/gcc/arm-none-eabi/10.3.1/../../../../arm-none-eabi/lib/thumb/v7e-m/nofp\libg.a(lib_a-fclose.o)
                0x0800717c                _fclose_r
 .text.fiprintf
                0x08007248       0x28 d:/evr/gcc-arm-none-eabi-10.3-2021.10/bin/../lib/gcc/arm-none-eabi/10.3.1/../../../../arm-none-eabi/lib/thumb/v7e-m/nofp\libg.a(lib_a-fiprintf.o)
                0x08007248                fiprintf
 .text.__fputwc
                0x08007270       0xa8 d:/evr/gcc-arm-none-eabi-10.3-2021.10/bin/../lib/gcc/arm-none-eabi/10.3.1/../../../../arm-none-eabi/lib/thumb/v7e-m/nofp\libg.a(lib_a-fputwc.o)
                0x08007270                __fputwc
 .text._fputwc_r
                0x08007318       0x68 d:/evr/gcc-arm-none-eabi-10.3-2021.10/bin/../lib/gcc/arm-none-eabi/10.3.1/../../../../arm-none-eabi/lib/thumb/v7e-m/nofp\libg.a(lib_a-fputwc.o)
                0x08007318                _fputwc_r
 .text._fstat_r
                0x08007380       0x2c d:/evr/gcc-arm-none-eabi-10.3-2021.10/bin/../lib/gcc/arm-none-eabi/10.3.1/../../../../arm-none-eabi/lib/thumb/v7e-m/nofp\libg.a(lib_a-fstatr.o)
                0x08007380                _fstat_r
 .text.__sfvwrite_r
                0x080073ac      0x2e8 d:/evr/gcc-arm-none-eabi-10.3-2021.10/bin/../lib/gcc/arm-none-eabi/10.3.1/../../../../arm-none-eabi/lib/thumb/v7e-m/nofp\libg.a(lib_a-fvwrite.o)
                0x080073ac                __sfvwrite_r
 .text._isatty_r
                0x08007694       0x24 d:/evr/gcc-arm-none-eabi-10.3-2021.10/bin/../lib/gcc/arm-none-eabi/10.3.1/../../../../arm-none-eabi/lib/thumb/v7e-m/nofp\libg.a(lib_a-isattyr.o)
                0x08007694                _isatty_r
 .text.__locale_mb_cur_max
                0x080076b8        0xc d:/evr/gcc-arm-none-eabi-10.3-2021.10/bin/../lib/gcc/arm-none-eabi/10.3.1/../../../../arm-none-eabi/lib/thumb/v7e-m/nofp\libg.a(lib_a-locale.o)
                0x080076b8                __locale_mb_cur_max
 .text._lseek_r
                0x080076c4       0x2c d:/evr/gcc-arm-none-eabi-10.3-2021.10/bin/../lib/gcc/arm-none-eabi/10.3.1/../../../../arm-none-eabi/lib/thumb/v7e-m/nofp\libg.a(lib_a-lseekr.o)
                0x080076c4                _lseek_r
 .text.__ascii_mbtowc
                0x080076f0       0x2c d:/evr/gcc-arm-none-eabi-10.3-2021.10/bin/../lib/gcc/arm-none-eabi/10.3.1/../../../../arm-none-eabi/lib/thumb/v7e-m/nofp\libg.a(lib_a-mbtowc_r.o)
                0x080076f0                __ascii_mbtowc
 .text.memmove  0x0800771c       0xf8 d:/evr/gcc-arm-none-eabi-10.3-2021.10/bin/../lib/gcc/arm-none-eabi/10.3.1/../../../../arm-none-eabi/lib/thumb/v7e-m/nofp\libg.a(lib_a-memmove.o)
                0x0800771c                memmove
 .text._read_r  0x08007814       0x2c d:/evr/gcc-arm-none-eabi-10.3-2021.10/bin/../lib/gcc/arm-none-eabi/10.3.1/../../../../arm-none-eabi/lib/thumb/v7e-m/nofp\libg.a(lib_a-readr.o)
                0x08007814                _read_r
 .text._realloc_r
                0x08007840      0x3d8 d:/evr/gcc-arm-none-eabi-10.3-2021.10/bin/../lib/gcc/arm-none-eabi/10.3.1/../../../../arm-none-eabi/lib/thumb/v7e-m/nofp\libg.a(lib_a-reallocr.o)
                0x08007840                _realloc_r
 .text.__swbuf_r
                0x08007c18       0xb0 d:/evr/gcc-arm-none-eabi-10.3-2021.10/bin/../lib/gcc/arm-none-eabi/10.3.1/../../../../arm-none-eabi/lib/thumb/v7e-m/nofp\libg.a(lib_a-wbuf.o)
                0x08007c18                __swbuf_r
 .text._wcrtomb_r
                0x08007cc8       0x3c d:/evr/gcc-arm-none-eabi-10.3-2021.10/bin/../lib/gcc/arm-none-eabi/10.3.1/../../../../arm-none-eabi/lib/thumb/v7e-m/nofp\libg.a(lib_a-wcrtomb.o)
                0x08007cc8                _wcrtomb_r
 .text.__ascii_wctomb
                0x08007d04       0x1c d:/evr/gcc-arm-none-eabi-10.3-2021.10/bin/../lib/gcc/arm-none-eabi/10.3.1/../../../../arm-none-eabi/lib/thumb/v7e-m/nofp\libg.a(lib_a-wctomb_r.o)
                0x08007d04                __ascii_wctomb
 .text.abort    0x08007d20       0x10 d:/evr/gcc-arm-none-eabi-10.3-2021.10/bin/../lib/gcc/arm-none-eabi/10.3.1/../../../../arm-none-eabi/lib/thumb/v7e-m/nofp\libg.a(lib_a-abort.o)
                0x08007d20                abort
 .text.raise    0x08007d30       0x5c d:/evr/gcc-arm-none-eabi-10.3-2021.10/bin/../lib/gcc/arm-none-eabi/10.3.1/../../../../arm-none-eabi/lib/thumb/v7e-m/nofp\libg.a(lib_a-signal.o)
                0x08007d30                raise
 .text._kill_r  0x08007d8c       0x2c d:/evr/gcc-arm-none-eabi-10.3-2021.10/bin/../lib/gcc/arm-none-eabi/10.3.1/../../../../arm-none-eabi/lib/thumb/v7e-m/nofp\libg.a(lib_a-signalr.o)
                0x08007d8c                _kill_r
 .text._getpid_r
                0x08007db8        0x4 d:/evr/gcc-arm-none-eabi-10.3-2021.10/bin/../lib/gcc/arm-none-eabi/10.3.1/../../../../arm-none-eabi/lib/thumb/v7e-m/nofp\libg.a(lib_a-signalr.o)
                0x08007db8                _getpid_r
 .text._close   0x08007dbc       0x10 d:/evr/gcc-arm-none-eabi-10.3-2021.10/bin/../lib/gcc/arm-none-eabi/10.3.1/../../../../arm-none-eabi/lib/thumb/v7e-m/nofp\libnosys.a(close.o)
                0x08007dbc                _close
 .text._fstat   0x08007dcc       0x10 d:/evr/gcc-arm-none-eabi-10.3-2021.10/bin/../lib/gcc/arm-none-eabi/10.3.1/../../../../arm-none-eabi/lib/thumb/v7e-m/nofp\libnosys.a(fstat.o)
                0x08007dcc                _fstat
 .text._getpid  0x08007ddc       0x10 d:/evr/gcc-arm-none-eabi-10.3-2021.10/bin/../lib/gcc/arm-none-eabi/10.3.1/../../../../arm-none-eabi/lib/thumb/v7e-m/nofp\libnosys.a(getpid.o)
                0x08007ddc                _getpid
 .text._isatty  0x08007dec       0x10 d:/evr/gcc-arm-none-eabi-10.3-2021.10/bin/../lib/gcc/arm-none-eabi/10.3.1/../../../../arm-none-eabi/lib/thumb/v7e-m/nofp\libnosys.a(isatty.o)
                0x08007dec                _isatty
 .text._kill    0x08007dfc       0x10 d:/evr/gcc-arm-none-eabi-10.3-2021.10/bin/../lib/gcc/arm-none-eabi/10.3.1/../../../../arm-none-eabi/lib/thumb/v7e-m/nofp\libnosys.a(kill.o)
                0x08007dfc                _kill
 .text._lseek   0x08007e0c       0x10 d:/evr/gcc-arm-none-eabi-10.3-2021.10/bin/../lib/gcc/arm-none-eabi/10.3.1/../../../../arm-none-eabi/lib/thumb/v7e-m/nofp\libnosys.a(lseek.o)
                0x08007e0c                _lseek
 .text._read    0x08007e1c       0x10 d:/evr/gcc-arm-none-eabi-10.3-2021.10/bin/../lib/gcc/arm-none-eabi/10.3.1/../../../../arm-none-eabi/lib/thumb/v7e-m/nofp\libnosys.a(read.o)
                0x08007e1c                _read
 .text._sbrk    0x08007e2c       0x1c d:/evr/gcc-arm-none-eabi-10.3-2021.10/bin/../lib/gcc/arm-none-eabi/10.3.1/../../../../arm-none-eabi/lib/thumb/v7e-m/nofp\libnosys.a(sbrk.o)
                0x08007e2c                _sbrk
 .text._exit    0x08007e48        0x4 d:/evr/gcc-arm-none-eabi-10.3-2021.10/bin/../lib/gcc/arm-none-eabi/10.3.1/../../../../arm-none-eabi/lib/thumb/v7e-m/nofp\libnosys.a(_exit.o)
                0x08007e48                _exit
 *(.glue_7)
 .glue_7        0x08007e4c        0x0 linker stubs
 *(.glue_7t)
 .glue_7t       0x08007e4c        0x0 linker stubs
 *(.eh_frame)
 .eh_frame      0x08007e4c        0x0 d:/evr/gcc-arm-none-eabi-10.3-2021.10/bin/../lib/gcc/arm-none-eabi/10.3.1/thumb/v7e-m/nofp/crtbegin.o
 *(.init)
 .init          0x08007e4c        0x4 d:/evr/gcc-arm-none-eabi-10.3-2021.10/bin/../lib/gcc/arm-none-eabi/10.3.1/thumb/v7e-m/nofp/crti.o
                0x08007e4c                _init
 .init          0x08007e50        0x8 d:/evr/gcc-arm-none-eabi-10.3-2021.10/bin/../lib/gcc/arm-none-eabi/10.3.1/thumb/v7e-m/nofp/crtn.o
 *(.fini)
 .fini          0x08007e58        0x4 d:/evr/gcc-arm-none-eabi-10.3-2021.10/bin/../lib/gcc/arm-none-eabi/10.3.1/thumb/v7e-m/nofp/crti.o
                0x08007e58                _fini
 .fini          0x08007e5c        0x8 d:/evr/gcc-arm-none-eabi-10.3-2021.10/bin/../lib/gcc/arm-none-eabi/10.3.1/thumb/v7e-m/nofp/crtn.o
                0x08007e64                . = ALIGN (0x4)
                0x08007e64                _etext = .

.vfp11_veneer   0x08007e64        0x0
 .vfp11_veneer  0x08007e64        0x0 linker stubs

.v4_bx          0x08007e64        0x0
 .v4_bx         0x08007e64        0x0 linker stubs

.iplt           0x08007e64        0x0
 .iplt          0x08007e64        0x0 d:/evr/gcc-arm-none-eabi-10.3-2021.10/bin/../lib/gcc/arm-none-eabi/10.3.1/thumb/v7e-m/nofp/crtbegin.o

.rodata         0x08007e68      0x420
                0x08007e68                . = ALIGN (0x4)
 *(.rodata)
 .rodata        0x08007e68       0x18 CMakeFiles/CLion_Test.elf.dir/Core/Src/gd32f4xx_rcu.c.obj
 *(.rodata*)
 .rodata.main.str1.4
                0x08007e80        0xc CMakeFiles/CLion_Test.elf.dir/UserApp/main.c.obj
 .rodata._global_impure_ptr
                0x08007e8c        0x4 d:/evr/gcc-arm-none-eabi-10.3-2021.10/bin/../lib/gcc/arm-none-eabi/10.3.1/../../../../arm-none-eabi/lib/thumb/v7e-m/nofp\libg.a(lib_a-impure.o)
                0x08007e8c                _global_impure_ptr
 .rodata._vfprintf_r.str1.4
                0x08007e90       0x42 d:/evr/gcc-arm-none-eabi-10.3-2021.10/bin/../lib/gcc/arm-none-eabi/10.3.1/../../../../arm-none-eabi/lib/thumb/v7e-m/nofp\libg.a(lib_a-vfprintf.o)
 *fill*         0x08007ed2        0x2 
 .rodata.blanks.1
                0x08007ed4       0x10 d:/evr/gcc-arm-none-eabi-10.3-2021.10/bin/../lib/gcc/arm-none-eabi/10.3.1/../../../../arm-none-eabi/lib/thumb/v7e-m/nofp\libg.a(lib_a-vfprintf.o)
 .rodata.zeroes.0
                0x08007ee4       0x10 d:/evr/gcc-arm-none-eabi-10.3-2021.10/bin/../lib/gcc/arm-none-eabi/10.3.1/../../../../arm-none-eabi/lib/thumb/v7e-m/nofp\libg.a(lib_a-vfprintf.o)
 .rodata._dtoa_r.str1.4
                0x08007ef4       0xa2 d:/evr/gcc-arm-none-eabi-10.3-2021.10/bin/../lib/gcc/arm-none-eabi/10.3.1/../../../../arm-none-eabi/lib/thumb/v7e-m/nofp\libg.a(lib_a-dtoa.o)
                                 0xa6 (size before relaxing)
 *fill*         0x08007f96        0x2 
 .rodata.__multadd.str1.4
                0x08007f98       0x7f d:/evr/gcc-arm-none-eabi-10.3-2021.10/bin/../lib/gcc/arm-none-eabi/10.3.1/../../../../arm-none-eabi/lib/thumb/v7e-m/nofp\libg.a(lib_a-mprec.o)
                                 0x93 (size before relaxing)
 *fill*         0x08008017        0x1 
 .rodata.__mprec_bigtens
                0x08008018       0x28 d:/evr/gcc-arm-none-eabi-10.3-2021.10/bin/../lib/gcc/arm-none-eabi/10.3.1/../../../../arm-none-eabi/lib/thumb/v7e-m/nofp\libg.a(lib_a-mprec.o)
                0x08008018                __mprec_bigtens
 .rodata.__mprec_tens
                0x08008040       0xc8 d:/evr/gcc-arm-none-eabi-10.3-2021.10/bin/../lib/gcc/arm-none-eabi/10.3.1/../../../../arm-none-eabi/lib/thumb/v7e-m/nofp\libg.a(lib_a-mprec.o)
                0x08008040                __mprec_tens
 .rodata.p05.0  0x08008108        0xc d:/evr/gcc-arm-none-eabi-10.3-2021.10/bin/../lib/gcc/arm-none-eabi/10.3.1/../../../../arm-none-eabi/lib/thumb/v7e-m/nofp\libg.a(lib_a-mprec.o)
 .rodata._vfiprintf_r.str1.4
                0x08008114       0x2f d:/evr/gcc-arm-none-eabi-10.3-2021.10/bin/../lib/gcc/arm-none-eabi/10.3.1/../../../../arm-none-eabi/lib/thumb/v7e-m/nofp\libg.a(lib_a-vfiprintf.o)
 .rodata.blanks.1
                0x08008114       0x10 d:/evr/gcc-arm-none-eabi-10.3-2021.10/bin/../lib/gcc/arm-none-eabi/10.3.1/../../../../arm-none-eabi/lib/thumb/v7e-m/nofp\libg.a(lib_a-vfiprintf.o)
 .rodata.zeroes.0
                0x08008124       0x10 d:/evr/gcc-arm-none-eabi-10.3-2021.10/bin/../lib/gcc/arm-none-eabi/10.3.1/../../../../arm-none-eabi/lib/thumb/v7e-m/nofp\libg.a(lib_a-vfiprintf.o)
 .rodata.__assert_func.str1.4
                0x08008134       0x3f d:/evr/gcc-arm-none-eabi-10.3-2021.10/bin/../lib/gcc/arm-none-eabi/10.3.1/../../../../arm-none-eabi/lib/thumb/v7e-m/nofp\libg.a(lib_a-assert.o)
                                 0x43 (size before relaxing)
 *fill*         0x08008173        0x1 
 .rodata._setlocale_r.str1.4
                0x08008174        0xa d:/evr/gcc-arm-none-eabi-10.3-2021.10/bin/../lib/gcc/arm-none-eabi/10.3.1/../../../../arm-none-eabi/lib/thumb/v7e-m/nofp\libg.a(lib_a-locale.o)
                                  0xd (size before relaxing)
 *fill*         0x0800817e        0x2 
 .rodata.str1.4
                0x08008180        0x2 d:/evr/gcc-arm-none-eabi-10.3-2021.10/bin/../lib/gcc/arm-none-eabi/10.3.1/../../../../arm-none-eabi/lib/thumb/v7e-m/nofp\libg.a(lib_a-locale.o)
 *fill*         0x08008182        0x2 
 .rodata._ctype_
                0x08008184      0x101 d:/evr/gcc-arm-none-eabi-10.3-2021.10/bin/../lib/gcc/arm-none-eabi/10.3.1/../../../../arm-none-eabi/lib/thumb/v7e-m/nofp\libg.a(lib_a-ctype_.o)
                0x08008184                _ctype_
                0x08008288                . = ALIGN (0x4)
 *fill*         0x08008285        0x3 

.ARM.extab
 *(.ARM.extab* .gnu.linkonce.armextab.*)

.ARM            0x08008288        0x8
                0x08008288                __exidx_start = .
 *(.ARM.exidx*)
 .ARM.exidx     0x08008288        0x8 d:/evr/gcc-arm-none-eabi-10.3-2021.10/bin/../lib/gcc/arm-none-eabi/10.3.1/thumb/v7e-m/nofp\libgcc.a(_udivmoddi4.o)
                0x08008290                __exidx_end = .

.rel.dyn        0x08008290        0x0
 .rel.iplt      0x08008290        0x0 d:/evr/gcc-arm-none-eabi-10.3-2021.10/bin/../lib/gcc/arm-none-eabi/10.3.1/thumb/v7e-m/nofp/crtbegin.o

.ARM.attributes
                0x08008290       0x2a
 *(.ARM.attributes)
 .ARM.attributes
                0x08008290       0x1e d:/evr/gcc-arm-none-eabi-10.3-2021.10/bin/../lib/gcc/arm-none-eabi/10.3.1/thumb/v7e-m/nofp/crti.o
 .ARM.attributes
                0x080082ae       0x2e d:/evr/gcc-arm-none-eabi-10.3-2021.10/bin/../lib/gcc/arm-none-eabi/10.3.1/thumb/v7e-m/nofp/crtbegin.o
 .ARM.attributes
                0x080082dc       0x2e CMakeFiles/CLion_Test.elf.dir/Core/Src/gd32f4xx_gpio.c.obj
 .ARM.attributes
                0x0800830a       0x2e CMakeFiles/CLion_Test.elf.dir/Core/Src/gd32f4xx_i2c.c.obj
 .ARM.attributes
                0x08008338       0x2e CMakeFiles/CLion_Test.elf.dir/Core/Src/gd32f4xx_rcu.c.obj
 .ARM.attributes
                0x08008366       0x2e CMakeFiles/CLion_Test.elf.dir/Core/Src/gd32f4xx_usart.c.obj
 .ARM.attributes
                0x08008394       0x2e CMakeFiles/CLion_Test.elf.dir/Drivers/CMSIS/system_gd32f4xx.c.obj
 .ARM.attributes
                0x080083c2       0x2e CMakeFiles/CLion_Test.elf.dir/MyLib/USART/usart.c.obj
 .ARM.attributes
                0x080083f0       0x2e CMakeFiles/CLion_Test.elf.dir/UserApp/gd32f4xx_it.c.obj
 .ARM.attributes
                0x0800841e       0x2e CMakeFiles/CLion_Test.elf.dir/UserApp/i2c.c.obj
 .ARM.attributes
                0x0800844c       0x2e CMakeFiles/CLion_Test.elf.dir/UserApp/main.c.obj
 .ARM.attributes
                0x0800847a       0x2e CMakeFiles/CLion_Test.elf.dir/UserApp/systick.c.obj
 .ARM.attributes
                0x080084a8       0x21 CMakeFiles/CLion_Test.elf.dir/startup/startup_gd32f450.S.obj
 .ARM.attributes
                0x080084c9       0x2e d:/evr/gcc-arm-none-eabi-10.3-2021.10/bin/../lib/gcc/arm-none-eabi/10.3.1/../../../../arm-none-eabi/lib/thumb/v7e-m/nofp\libg.a(lib_a-impure.o)
 .ARM.attributes
                0x080084f7       0x2e d:/evr/gcc-arm-none-eabi-10.3-2021.10/bin/../lib/gcc/arm-none-eabi/10.3.1/../../../../arm-none-eabi/lib/thumb/v7e-m/nofp\libg.a(lib_a-memset.o)
 .ARM.attributes
                0x08008525       0x2e d:/evr/gcc-arm-none-eabi-10.3-2021.10/bin/../lib/gcc/arm-none-eabi/10.3.1/../../../../arm-none-eabi/lib/thumb/v7e-m/nofp\libg.a(lib_a-printf.o)
 .ARM.attributes
                0x08008553       0x2e d:/evr/gcc-arm-none-eabi-10.3-2021.10/bin/../lib/gcc/arm-none-eabi/10.3.1/../../../../arm-none-eabi/lib/thumb/v7e-m/nofp\libg.a(lib_a-vfprintf.o)
 .ARM.attributes
                0x08008581       0x2e d:/evr/gcc-arm-none-eabi-10.3-2021.10/bin/../lib/gcc/arm-none-eabi/10.3.1/../../../../arm-none-eabi/lib/thumb/v7e-m/nofp\libg.a(lib_a-wsetup.o)
 .ARM.attributes
                0x080085af       0x2e d:/evr/gcc-arm-none-eabi-10.3-2021.10/bin/../lib/gcc/arm-none-eabi/10.3.1/../../../../arm-none-eabi/lib/thumb/v7e-m/nofp\libg.a(lib_a-__call_atexit.o)
 .ARM.attributes
                0x080085dd       0x2e d:/evr/gcc-arm-none-eabi-10.3-2021.10/bin/../lib/gcc/arm-none-eabi/10.3.1/../../../../arm-none-eabi/lib/thumb/v7e-m/nofp\libg.a(lib_a-atexit.o)
 .ARM.attributes
                0x0800860b       0x2e d:/evr/gcc-arm-none-eabi-10.3-2021.10/bin/../lib/gcc/arm-none-eabi/10.3.1/../../../../arm-none-eabi/lib/thumb/v7e-m/nofp\libg.a(lib_a-dtoa.o)
 .ARM.attributes
                0x08008639       0x2e d:/evr/gcc-arm-none-eabi-10.3-2021.10/bin/../lib/gcc/arm-none-eabi/10.3.1/../../../../arm-none-eabi/lib/thumb/v7e-m/nofp\libg.a(lib_a-fflush.o)
 .ARM.attributes
                0x08008667       0x2e d:/evr/gcc-arm-none-eabi-10.3-2021.10/bin/../lib/gcc/arm-none-eabi/10.3.1/../../../../arm-none-eabi/lib/thumb/v7e-m/nofp\libg.a(lib_a-findfp.o)
 .ARM.attributes
                0x08008695       0x2e d:/evr/gcc-arm-none-eabi-10.3-2021.10/bin/../lib/gcc/arm-none-eabi/10.3.1/../../../../arm-none-eabi/lib/thumb/v7e-m/nofp\libg.a(lib_a-fini.o)
 .ARM.attributes
                0x080086c3       0x2e d:/evr/gcc-arm-none-eabi-10.3-2021.10/bin/../lib/gcc/arm-none-eabi/10.3.1/../../../../arm-none-eabi/lib/thumb/v7e-m/nofp\libg.a(lib_a-freer.o)
 .ARM.attributes
                0x080086f1       0x2e d:/evr/gcc-arm-none-eabi-10.3-2021.10/bin/../lib/gcc/arm-none-eabi/10.3.1/../../../../arm-none-eabi/lib/thumb/v7e-m/nofp\libg.a(lib_a-fwalk.o)
 .ARM.attributes
                0x0800871f       0x2e d:/evr/gcc-arm-none-eabi-10.3-2021.10/bin/../lib/gcc/arm-none-eabi/10.3.1/../../../../arm-none-eabi/lib/thumb/v7e-m/nofp\libg.a(lib_a-localeconv.o)
 .ARM.attributes
                0x0800874d       0x2e d:/evr/gcc-arm-none-eabi-10.3-2021.10/bin/../lib/gcc/arm-none-eabi/10.3.1/../../../../arm-none-eabi/lib/thumb/v7e-m/nofp\libg.a(lib_a-lock.o)
 .ARM.attributes
                0x0800877b       0x2e d:/evr/gcc-arm-none-eabi-10.3-2021.10/bin/../lib/gcc/arm-none-eabi/10.3.1/../../../../arm-none-eabi/lib/thumb/v7e-m/nofp\libg.a(lib_a-makebuf.o)
 .ARM.attributes
                0x080087a9       0x2e d:/evr/gcc-arm-none-eabi-10.3-2021.10/bin/../lib/gcc/arm-none-eabi/10.3.1/../../../../arm-none-eabi/lib/thumb/v7e-m/nofp\libg.a(lib_a-mallocr.o)
 .ARM.attributes
                0x080087d7       0x1c d:/evr/gcc-arm-none-eabi-10.3-2021.10/bin/../lib/gcc/arm-none-eabi/10.3.1/../../../../arm-none-eabi/lib/thumb/v7e-m/nofp\libg.a(lib_a-memchr.o)
 .ARM.attributes
                0x080087f3       0x1c d:/evr/gcc-arm-none-eabi-10.3-2021.10/bin/../lib/gcc/arm-none-eabi/10.3.1/../../../../arm-none-eabi/lib/thumb/v7e-m/nofp\libg.a(lib_a-memcpy.o)
 .ARM.attributes
                0x0800880f       0x2e d:/evr/gcc-arm-none-eabi-10.3-2021.10/bin/../lib/gcc/arm-none-eabi/10.3.1/../../../../arm-none-eabi/lib/thumb/v7e-m/nofp\libg.a(lib_a-mlock.o)
 .ARM.attributes
                0x0800883d       0x2e d:/evr/gcc-arm-none-eabi-10.3-2021.10/bin/../lib/gcc/arm-none-eabi/10.3.1/../../../../arm-none-eabi/lib/thumb/v7e-m/nofp\libg.a(lib_a-mprec.o)
 .ARM.attributes
                0x0800886b       0x2e d:/evr/gcc-arm-none-eabi-10.3-2021.10/bin/../lib/gcc/arm-none-eabi/10.3.1/../../../../arm-none-eabi/lib/thumb/v7e-m/nofp\libg.a(lib_a-s_frexp.o)
 .ARM.attributes
                0x08008899       0x2e d:/evr/gcc-arm-none-eabi-10.3-2021.10/bin/../lib/gcc/arm-none-eabi/10.3.1/../../../../arm-none-eabi/lib/thumb/v7e-m/nofp\libg.a(lib_a-sbrkr.o)
 .ARM.attributes
                0x080088c7       0x2e d:/evr/gcc-arm-none-eabi-10.3-2021.10/bin/../lib/gcc/arm-none-eabi/10.3.1/../../../../arm-none-eabi/lib/thumb/v7e-m/nofp\libg.a(lib_a-stdio.o)
 .ARM.attributes
                0x080088f5       0x1c d:/evr/gcc-arm-none-eabi-10.3-2021.10/bin/../lib/gcc/arm-none-eabi/10.3.1/../../../../arm-none-eabi/lib/thumb/v7e-m/nofp\libg.a(lib_a-strlen.o)
 .ARM.attributes
                0x08008911       0x2e d:/evr/gcc-arm-none-eabi-10.3-2021.10/bin/../lib/gcc/arm-none-eabi/10.3.1/../../../../arm-none-eabi/lib/thumb/v7e-m/nofp\libg.a(lib_a-strncpy.o)
 .ARM.attributes
                0x0800893f       0x2e d:/evr/gcc-arm-none-eabi-10.3-2021.10/bin/../lib/gcc/arm-none-eabi/10.3.1/../../../../arm-none-eabi/lib/thumb/v7e-m/nofp\libg.a(lib_a-vfiprintf.o)
 .ARM.attributes
                0x0800896d       0x2e d:/evr/gcc-arm-none-eabi-10.3-2021.10/bin/../lib/gcc/arm-none-eabi/10.3.1/../../../../arm-none-eabi/lib/thumb/v7e-m/nofp\libg.a(lib_a-writer.o)
 .ARM.attributes
                0x0800899b       0x2e d:/evr/gcc-arm-none-eabi-10.3-2021.10/bin/../lib/gcc/arm-none-eabi/10.3.1/../../../../arm-none-eabi/lib/thumb/v7e-m/nofp\libg.a(lib_a-__atexit.o)
 .ARM.attributes
                0x080089c9       0x2e d:/evr/gcc-arm-none-eabi-10.3-2021.10/bin/../lib/gcc/arm-none-eabi/10.3.1/../../../../arm-none-eabi/lib/thumb/v7e-m/nofp\libg.a(lib_a-assert.o)
 .ARM.attributes
                0x080089f7       0x2e d:/evr/gcc-arm-none-eabi-10.3-2021.10/bin/../lib/gcc/arm-none-eabi/10.3.1/../../../../arm-none-eabi/lib/thumb/v7e-m/nofp\libg.a(lib_a-callocr.o)
 .ARM.attributes
                0x08008a25       0x2e d:/evr/gcc-arm-none-eabi-10.3-2021.10/bin/../lib/gcc/arm-none-eabi/10.3.1/../../../../arm-none-eabi/lib/thumb/v7e-m/nofp\libg.a(lib_a-closer.o)
 .ARM.attributes
                0x08008a53       0x2e d:/evr/gcc-arm-none-eabi-10.3-2021.10/bin/../lib/gcc/arm-none-eabi/10.3.1/../../../../arm-none-eabi/lib/thumb/v7e-m/nofp\libg.a(lib_a-errno.o)
 .ARM.attributes
                0x08008a81       0x2e d:/evr/gcc-arm-none-eabi-10.3-2021.10/bin/../lib/gcc/arm-none-eabi/10.3.1/../../../../arm-none-eabi/lib/thumb/v7e-m/nofp\libg.a(lib_a-fclose.o)
 .ARM.attributes
                0x08008aaf       0x2e d:/evr/gcc-arm-none-eabi-10.3-2021.10/bin/../lib/gcc/arm-none-eabi/10.3.1/../../../../arm-none-eabi/lib/thumb/v7e-m/nofp\libg.a(lib_a-fiprintf.o)
 .ARM.attributes
                0x08008add       0x2e d:/evr/gcc-arm-none-eabi-10.3-2021.10/bin/../lib/gcc/arm-none-eabi/10.3.1/../../../../arm-none-eabi/lib/thumb/v7e-m/nofp\libg.a(lib_a-fputwc.o)
 .ARM.attributes
                0x08008b0b       0x2e d:/evr/gcc-arm-none-eabi-10.3-2021.10/bin/../lib/gcc/arm-none-eabi/10.3.1/../../../../arm-none-eabi/lib/thumb/v7e-m/nofp\libg.a(lib_a-fstatr.o)
 .ARM.attributes
                0x08008b39       0x2e d:/evr/gcc-arm-none-eabi-10.3-2021.10/bin/../lib/gcc/arm-none-eabi/10.3.1/../../../../arm-none-eabi/lib/thumb/v7e-m/nofp\libg.a(lib_a-fvwrite.o)
 .ARM.attributes
                0x08008b67       0x2e d:/evr/gcc-arm-none-eabi-10.3-2021.10/bin/../lib/gcc/arm-none-eabi/10.3.1/../../../../arm-none-eabi/lib/thumb/v7e-m/nofp\libg.a(lib_a-isattyr.o)
 .ARM.attributes
                0x08008b95       0x2e d:/evr/gcc-arm-none-eabi-10.3-2021.10/bin/../lib/gcc/arm-none-eabi/10.3.1/../../../../arm-none-eabi/lib/thumb/v7e-m/nofp\libg.a(lib_a-locale.o)
 .ARM.attributes
                0x08008bc3       0x2e d:/evr/gcc-arm-none-eabi-10.3-2021.10/bin/../lib/gcc/arm-none-eabi/10.3.1/../../../../arm-none-eabi/lib/thumb/v7e-m/nofp\libg.a(lib_a-lseekr.o)
 .ARM.attributes
                0x08008bf1       0x2e d:/evr/gcc-arm-none-eabi-10.3-2021.10/bin/../lib/gcc/arm-none-eabi/10.3.1/../../../../arm-none-eabi/lib/thumb/v7e-m/nofp\libg.a(lib_a-mbtowc_r.o)
 .ARM.attributes
                0x08008c1f       0x2e d:/evr/gcc-arm-none-eabi-10.3-2021.10/bin/../lib/gcc/arm-none-eabi/10.3.1/../../../../arm-none-eabi/lib/thumb/v7e-m/nofp\libg.a(lib_a-memmove.o)
 .ARM.attributes
                0x08008c4d       0x2e d:/evr/gcc-arm-none-eabi-10.3-2021.10/bin/../lib/gcc/arm-none-eabi/10.3.1/../../../../arm-none-eabi/lib/thumb/v7e-m/nofp\libg.a(lib_a-readr.o)
 .ARM.attributes
                0x08008c7b       0x2e d:/evr/gcc-arm-none-eabi-10.3-2021.10/bin/../lib/gcc/arm-none-eabi/10.3.1/../../../../arm-none-eabi/lib/thumb/v7e-m/nofp\libg.a(lib_a-reallocr.o)
 .ARM.attributes
                0x08008ca9       0x2e d:/evr/gcc-arm-none-eabi-10.3-2021.10/bin/../lib/gcc/arm-none-eabi/10.3.1/../../../../arm-none-eabi/lib/thumb/v7e-m/nofp\libg.a(lib_a-reent.o)
 .ARM.attributes
                0x08008cd7       0x2e d:/evr/gcc-arm-none-eabi-10.3-2021.10/bin/../lib/gcc/arm-none-eabi/10.3.1/../../../../arm-none-eabi/lib/thumb/v7e-m/nofp\libg.a(lib_a-wbuf.o)
 .ARM.attributes
                0x08008d05       0x2e d:/evr/gcc-arm-none-eabi-10.3-2021.10/bin/../lib/gcc/arm-none-eabi/10.3.1/../../../../arm-none-eabi/lib/thumb/v7e-m/nofp\libg.a(lib_a-wcrtomb.o)
 .ARM.attributes
                0x08008d33       0x2e d:/evr/gcc-arm-none-eabi-10.3-2021.10/bin/../lib/gcc/arm-none-eabi/10.3.1/../../../../arm-none-eabi/lib/thumb/v7e-m/nofp\libg.a(lib_a-wctomb_r.o)
 .ARM.attributes
                0x08008d61       0x2e d:/evr/gcc-arm-none-eabi-10.3-2021.10/bin/../lib/gcc/arm-none-eabi/10.3.1/../../../../arm-none-eabi/lib/thumb/v7e-m/nofp\libg.a(lib_a-abort.o)
 .ARM.attributes
                0x08008d8f       0x2e d:/evr/gcc-arm-none-eabi-10.3-2021.10/bin/../lib/gcc/arm-none-eabi/10.3.1/../../../../arm-none-eabi/lib/thumb/v7e-m/nofp\libg.a(lib_a-ctype_.o)
 .ARM.attributes
                0x08008dbd       0x2e d:/evr/gcc-arm-none-eabi-10.3-2021.10/bin/../lib/gcc/arm-none-eabi/10.3.1/../../../../arm-none-eabi/lib/thumb/v7e-m/nofp\libg.a(lib_a-signal.o)
 .ARM.attributes
                0x08008deb       0x2e d:/evr/gcc-arm-none-eabi-10.3-2021.10/bin/../lib/gcc/arm-none-eabi/10.3.1/../../../../arm-none-eabi/lib/thumb/v7e-m/nofp\libg.a(lib_a-signalr.o)
 .ARM.attributes
                0x08008e19       0x1e d:/evr/gcc-arm-none-eabi-10.3-2021.10/bin/../lib/gcc/arm-none-eabi/10.3.1/thumb/v7e-m/nofp\libgcc.a(_arm_addsubdf3.o)
 .ARM.attributes
                0x08008e37       0x1e d:/evr/gcc-arm-none-eabi-10.3-2021.10/bin/../lib/gcc/arm-none-eabi/10.3.1/thumb/v7e-m/nofp\libgcc.a(_arm_muldivdf3.o)
 .ARM.attributes
                0x08008e55       0x1e d:/evr/gcc-arm-none-eabi-10.3-2021.10/bin/../lib/gcc/arm-none-eabi/10.3.1/thumb/v7e-m/nofp\libgcc.a(_arm_cmpdf2.o)
 .ARM.attributes
                0x08008e73       0x1e d:/evr/gcc-arm-none-eabi-10.3-2021.10/bin/../lib/gcc/arm-none-eabi/10.3.1/thumb/v7e-m/nofp\libgcc.a(_arm_unorddf2.o)
 .ARM.attributes
                0x08008e91       0x1e d:/evr/gcc-arm-none-eabi-10.3-2021.10/bin/../lib/gcc/arm-none-eabi/10.3.1/thumb/v7e-m/nofp\libgcc.a(_arm_fixdfsi.o)
 .ARM.attributes
                0x08008eaf       0x1e d:/evr/gcc-arm-none-eabi-10.3-2021.10/bin/../lib/gcc/arm-none-eabi/10.3.1/thumb/v7e-m/nofp\libgcc.a(_aeabi_uldivmod.o)
 .ARM.attributes
                0x08008ecd       0x2e d:/evr/gcc-arm-none-eabi-10.3-2021.10/bin/../lib/gcc/arm-none-eabi/10.3.1/thumb/v7e-m/nofp\libgcc.a(_udivmoddi4.o)
 .ARM.attributes
                0x08008efb       0x1e d:/evr/gcc-arm-none-eabi-10.3-2021.10/bin/../lib/gcc/arm-none-eabi/10.3.1/thumb/v7e-m/nofp\libgcc.a(_dvmd_tls.o)
 .ARM.attributes
                0x08008f19       0x2e d:/evr/gcc-arm-none-eabi-10.3-2021.10/bin/../lib/gcc/arm-none-eabi/10.3.1/../../../../arm-none-eabi/lib/thumb/v7e-m/nofp\libnosys.a(close.o)
 .ARM.attributes
                0x08008f47       0x2e d:/evr/gcc-arm-none-eabi-10.3-2021.10/bin/../lib/gcc/arm-none-eabi/10.3.1/../../../../arm-none-eabi/lib/thumb/v7e-m/nofp\libnosys.a(fstat.o)
 .ARM.attributes
                0x08008f75       0x2e d:/evr/gcc-arm-none-eabi-10.3-2021.10/bin/../lib/gcc/arm-none-eabi/10.3.1/../../../../arm-none-eabi/lib/thumb/v7e-m/nofp\libnosys.a(getpid.o)
 .ARM.attributes
                0x08008fa3       0x2e d:/evr/gcc-arm-none-eabi-10.3-2021.10/bin/../lib/gcc/arm-none-eabi/10.3.1/../../../../arm-none-eabi/lib/thumb/v7e-m/nofp\libnosys.a(isatty.o)
 .ARM.attributes
                0x08008fd1       0x2e d:/evr/gcc-arm-none-eabi-10.3-2021.10/bin/../lib/gcc/arm-none-eabi/10.3.1/../../../../arm-none-eabi/lib/thumb/v7e-m/nofp\libnosys.a(kill.o)
 .ARM.attributes
                0x08008fff       0x2e d:/evr/gcc-arm-none-eabi-10.3-2021.10/bin/../lib/gcc/arm-none-eabi/10.3.1/../../../../arm-none-eabi/lib/thumb/v7e-m/nofp\libnosys.a(lseek.o)
 .ARM.attributes
                0x0800902d       0x2e d:/evr/gcc-arm-none-eabi-10.3-2021.10/bin/../lib/gcc/arm-none-eabi/10.3.1/../../../../arm-none-eabi/lib/thumb/v7e-m/nofp\libnosys.a(read.o)
 .ARM.attributes
                0x0800905b       0x2e d:/evr/gcc-arm-none-eabi-10.3-2021.10/bin/../lib/gcc/arm-none-eabi/10.3.1/../../../../arm-none-eabi/lib/thumb/v7e-m/nofp\libnosys.a(sbrk.o)
 .ARM.attributes
                0x08009089       0x2e d:/evr/gcc-arm-none-eabi-10.3-2021.10/bin/../lib/gcc/arm-none-eabi/10.3.1/../../../../arm-none-eabi/lib/thumb/v7e-m/nofp\libnosys.a(_exit.o)
 .ARM.attributes
                0x080090b7       0x1e d:/evr/gcc-arm-none-eabi-10.3-2021.10/bin/../lib/gcc/arm-none-eabi/10.3.1/thumb/v7e-m/nofp/crtn.o

.preinit_array  0x08008290        0x0
                0x08008290                PROVIDE (__preinit_array_start = .)
 *(.preinit_array*)
                0x08008290                PROVIDE (__preinit_array_end = .)

.init_array     0x08008290        0x8
                0x08008290                PROVIDE (__init_array_start = .)
 *(SORT_BY_NAME(.init_array.*))
 .init_array.00000
                0x08008290        0x4 d:/evr/gcc-arm-none-eabi-10.3-2021.10/bin/../lib/gcc/arm-none-eabi/10.3.1/../../../../arm-none-eabi/lib/thumb/v7e-m/nofp\libg.a(lib_a-__call_atexit.o)
 *(.init_array*)
 .init_array    0x08008294        0x4 d:/evr/gcc-arm-none-eabi-10.3-2021.10/bin/../lib/gcc/arm-none-eabi/10.3.1/thumb/v7e-m/nofp/crtbegin.o
                0x08008298                PROVIDE (__init_array_end = .)

.fini_array     0x08008298        0x4
                0x08008298                PROVIDE (__fini_array_start = .)
 *(.fini_array*)
 .fini_array    0x08008298        0x4 d:/evr/gcc-arm-none-eabi-10.3-2021.10/bin/../lib/gcc/arm-none-eabi/10.3.1/thumb/v7e-m/nofp/crtbegin.o
 *(SORT_BY_NAME(.fini_array.*))
                0x0800829c                PROVIDE (__fini_array_end = .)
                0x0800829c                _sidata = LOADADDR (.data)

.data           0x20000000      0x9b0 load address 0x0800829c
                0x20000000                . = ALIGN (0x4)
                0x20000000                _sdata = .
 *(.data)
 *(.data*)
 .data.SystemCoreClock
                0x20000000        0x4 CMakeFiles/CLion_Test.elf.dir/Drivers/CMSIS/system_gd32f4xx.c.obj
                0x20000000                SystemCoreClock
 .data._impure_ptr
                0x20000004        0x4 d:/evr/gcc-arm-none-eabi-10.3-2021.10/bin/../lib/gcc/arm-none-eabi/10.3.1/../../../../arm-none-eabi/lib/thumb/v7e-m/nofp\libg.a(lib_a-impure.o)
                0x20000004                _impure_ptr
 .data.impure_data
                0x20000008      0x428 d:/evr/gcc-arm-none-eabi-10.3-2021.10/bin/../lib/gcc/arm-none-eabi/10.3.1/../../../../arm-none-eabi/lib/thumb/v7e-m/nofp\libg.a(lib_a-impure.o)
 .data.__atexit_recursive_mutex
                0x20000430        0x4 d:/evr/gcc-arm-none-eabi-10.3-2021.10/bin/../lib/gcc/arm-none-eabi/10.3.1/../../../../arm-none-eabi/lib/thumb/v7e-m/nofp\libg.a(lib_a-__call_atexit.o)
                0x20000430                __atexit_recursive_mutex
 .data.__malloc_av_
                0x20000434      0x408 d:/evr/gcc-arm-none-eabi-10.3-2021.10/bin/../lib/gcc/arm-none-eabi/10.3.1/../../../../arm-none-eabi/lib/thumb/v7e-m/nofp\libg.a(lib_a-mallocr.o)
                0x20000434                __malloc_av_
 .data.__malloc_sbrk_base
                0x2000083c        0x4 d:/evr/gcc-arm-none-eabi-10.3-2021.10/bin/../lib/gcc/arm-none-eabi/10.3.1/../../../../arm-none-eabi/lib/thumb/v7e-m/nofp\libg.a(lib_a-mallocr.o)
                0x2000083c                __malloc_sbrk_base
 .data.__malloc_trim_threshold
                0x20000840        0x4 d:/evr/gcc-arm-none-eabi-10.3-2021.10/bin/../lib/gcc/arm-none-eabi/10.3.1/../../../../arm-none-eabi/lib/thumb/v7e-m/nofp\libg.a(lib_a-mallocr.o)
                0x20000840                __malloc_trim_threshold
 .data.__global_locale
                0x20000844      0x16c d:/evr/gcc-arm-none-eabi-10.3-2021.10/bin/../lib/gcc/arm-none-eabi/10.3.1/../../../../arm-none-eabi/lib/thumb/v7e-m/nofp\libg.a(lib_a-locale.o)
                0x20000844                __global_locale
                0x200009b0                . = ALIGN (0x4)
                0x200009b0                _edata = .

.igot.plt       0x200009b0        0x0 load address 0x08008c4c
 .igot.plt      0x200009b0        0x0 d:/evr/gcc-arm-none-eabi-10.3-2021.10/bin/../lib/gcc/arm-none-eabi/10.3.1/thumb/v7e-m/nofp/crtbegin.o
                0x200009b0                . = ALIGN (0x4)

.bss            0x200009b0       0x8c load address 0x08008c4c
                0x200009b0                _sbss = .
                0x200009b0                __bss_start__ = _sbss
 *(.bss)
 .bss           0x200009b0       0x1c d:/evr/gcc-arm-none-eabi-10.3-2021.10/bin/../lib/gcc/arm-none-eabi/10.3.1/thumb/v7e-m/nofp/crtbegin.o
 *(.bss*)
 .bss.LED_addr  0x200009cc        0xc CMakeFiles/CLion_Test.elf.dir/UserApp/main.c.obj
                0x200009cc                LED_addr
 .bss.key_addr  0x200009d8        0xc CMakeFiles/CLion_Test.elf.dir/UserApp/main.c.obj
                0x200009d8                key_addr
 .bss.keyvalue  0x200009e4        0x6 CMakeFiles/CLion_Test.elf.dir/UserApp/main.c.obj
                0x200009e4                keyvalue
 *fill*         0x200009ea        0x2 
 .bss.delay     0x200009ec        0x4 CMakeFiles/CLion_Test.elf.dir/UserApp/systick.c.obj
 .bss.__lock___atexit_recursive_mutex
                0x200009f0        0x1 d:/evr/gcc-arm-none-eabi-10.3-2021.10/bin/../lib/gcc/arm-none-eabi/10.3.1/../../../../arm-none-eabi/lib/thumb/v7e-m/nofp\libg.a(lib_a-lock.o)
                0x200009f0                __lock___atexit_recursive_mutex
 *fill*         0x200009f1        0x3 
 .bss.__lock___malloc_recursive_mutex
                0x200009f4        0x1 d:/evr/gcc-arm-none-eabi-10.3-2021.10/bin/../lib/gcc/arm-none-eabi/10.3.1/../../../../arm-none-eabi/lib/thumb/v7e-m/nofp\libg.a(lib_a-lock.o)
                0x200009f4                __lock___malloc_recursive_mutex
 *fill*         0x200009f5        0x3 
 .bss.__lock___sfp_recursive_mutex
                0x200009f8        0x1 d:/evr/gcc-arm-none-eabi-10.3-2021.10/bin/../lib/gcc/arm-none-eabi/10.3.1/../../../../arm-none-eabi/lib/thumb/v7e-m/nofp\libg.a(lib_a-lock.o)
                0x200009f8                __lock___sfp_recursive_mutex
 *fill*         0x200009f9        0x3 
 .bss.__lock___sinit_recursive_mutex
                0x200009fc        0x1 d:/evr/gcc-arm-none-eabi-10.3-2021.10/bin/../lib/gcc/arm-none-eabi/10.3.1/../../../../arm-none-eabi/lib/thumb/v7e-m/nofp\libg.a(lib_a-lock.o)
                0x200009fc                __lock___sinit_recursive_mutex
 *fill*         0x200009fd        0x3 
 .bss.__malloc_current_mallinfo
                0x20000a00       0x28 d:/evr/gcc-arm-none-eabi-10.3-2021.10/bin/../lib/gcc/arm-none-eabi/10.3.1/../../../../arm-none-eabi/lib/thumb/v7e-m/nofp\libg.a(lib_a-mallocr.o)
                0x20000a00                __malloc_current_mallinfo
 .bss.__malloc_max_sbrked_mem
                0x20000a28        0x4 d:/evr/gcc-arm-none-eabi-10.3-2021.10/bin/../lib/gcc/arm-none-eabi/10.3.1/../../../../arm-none-eabi/lib/thumb/v7e-m/nofp\libg.a(lib_a-mallocr.o)
                0x20000a28                __malloc_max_sbrked_mem
 .bss.__malloc_max_total_mem
                0x20000a2c        0x4 d:/evr/gcc-arm-none-eabi-10.3-2021.10/bin/../lib/gcc/arm-none-eabi/10.3.1/../../../../arm-none-eabi/lib/thumb/v7e-m/nofp\libg.a(lib_a-mallocr.o)
                0x20000a2c                __malloc_max_total_mem
 .bss.__malloc_top_pad
                0x20000a30        0x4 d:/evr/gcc-arm-none-eabi-10.3-2021.10/bin/../lib/gcc/arm-none-eabi/10.3.1/../../../../arm-none-eabi/lib/thumb/v7e-m/nofp\libg.a(lib_a-mallocr.o)
                0x20000a30                __malloc_top_pad
 .bss.errno     0x20000a34        0x4 d:/evr/gcc-arm-none-eabi-10.3-2021.10/bin/../lib/gcc/arm-none-eabi/10.3.1/../../../../arm-none-eabi/lib/thumb/v7e-m/nofp\libg.a(lib_a-reent.o)
                0x20000a34                errno
 .bss.heap_end.0
                0x20000a38        0x4 d:/evr/gcc-arm-none-eabi-10.3-2021.10/bin/../lib/gcc/arm-none-eabi/10.3.1/../../../../arm-none-eabi/lib/thumb/v7e-m/nofp\libnosys.a(sbrk.o)
 *(COMMON)
                0x20000a3c                . = ALIGN (0x4)
                0x20000a3c                _ebss = .
                0x20000a3c                __bss_end__ = _ebss
                0x20000a40                . = ALIGN (0x8)
                0x20000a3c                PROVIDE (end = _ebss)
                [!provide]                PROVIDE (_end = _ebss)
                0x08008c4c                _sitcmram = LOADADDR (.tcmram)

.tcmram         0x10000000        0x0 load address 0x08008c4c
                0x10000000                . = ALIGN (0x4)
                0x10000000                _stcmram = .
 *(.tcmram)
 *(.tcmram*)
                0x10000000                . = ALIGN (0x4)
                0x10000000                _etcmram = .

.stack          0x2002f800      0x800 load address 0x20000a3c
                [!provide]                PROVIDE (_heap_end = .)
                0x00000800                . = __stack_size
 *fill*         0x2002f800      0x800 
                0x20030000                PROVIDE (_sp = .)
START GROUP
LOAD d:/evr/gcc-arm-none-eabi-10.3-2021.10/bin/../lib/gcc/arm-none-eabi/10.3.1/thumb/v7e-m/nofp\libgcc.a
LOAD d:/evr/gcc-arm-none-eabi-10.3-2021.10/bin/../lib/gcc/arm-none-eabi/10.3.1/../../../../arm-none-eabi/lib/thumb/v7e-m/nofp\libc.a
LOAD d:/evr/gcc-arm-none-eabi-10.3-2021.10/bin/../lib/gcc/arm-none-eabi/10.3.1/../../../../arm-none-eabi/lib/thumb/v7e-m/nofp\libm.a
LOAD d:/evr/gcc-arm-none-eabi-10.3-2021.10/bin/../lib/gcc/arm-none-eabi/10.3.1/../../../../arm-none-eabi/lib/thumb/v7e-m/nofp\libnosys.a
END GROUP
OUTPUT(CLion_Test.elf elf32-littlearm)
LOAD linker stubs

.debug_info     0x00000000     0x6b04
 .debug_info    0x00000000      0x858 CMakeFiles/CLion_Test.elf.dir/Core/Src/gd32f4xx_gpio.c.obj
 .debug_info    0x00000858      0xf22 CMakeFiles/CLion_Test.elf.dir/Core/Src/gd32f4xx_i2c.c.obj
 .debug_info    0x0000177a     0x1558 CMakeFiles/CLion_Test.elf.dir/Core/Src/gd32f4xx_rcu.c.obj
 .debug_info    0x00002cd2     0x129d CMakeFiles/CLion_Test.elf.dir/Core/Src/gd32f4xx_usart.c.obj
 .debug_info    0x00003f6f      0x2a1 CMakeFiles/CLion_Test.elf.dir/Drivers/CMSIS/system_gd32f4xx.c.obj
 .debug_info    0x00004210      0x74e CMakeFiles/CLion_Test.elf.dir/MyLib/USART/usart.c.obj
 .debug_info    0x0000495e      0x136 CMakeFiles/CLion_Test.elf.dir/UserApp/gd32f4xx_it.c.obj
 .debug_info    0x00004a94     0x10f7 CMakeFiles/CLion_Test.elf.dir/UserApp/i2c.c.obj
 .debug_info    0x00005b8b      0x777 CMakeFiles/CLion_Test.elf.dir/UserApp/main.c.obj
 .debug_info    0x00006302      0x7e0 CMakeFiles/CLion_Test.elf.dir/UserApp/systick.c.obj
 .debug_info    0x00006ae2       0x22 CMakeFiles/CLion_Test.elf.dir/startup/startup_gd32f450.S.obj

.debug_abbrev   0x00000000      0xf9c
 .debug_abbrev  0x00000000      0x1bf CMakeFiles/CLion_Test.elf.dir/Core/Src/gd32f4xx_gpio.c.obj
 .debug_abbrev  0x000001bf      0x1ca CMakeFiles/CLion_Test.elf.dir/Core/Src/gd32f4xx_i2c.c.obj
 .debug_abbrev  0x00000389      0x1cb CMakeFiles/CLion_Test.elf.dir/Core/Src/gd32f4xx_rcu.c.obj
 .debug_abbrev  0x00000554      0x1de CMakeFiles/CLion_Test.elf.dir/Core/Src/gd32f4xx_usart.c.obj
 .debug_abbrev  0x00000732      0x163 CMakeFiles/CLion_Test.elf.dir/Drivers/CMSIS/system_gd32f4xx.c.obj
 .debug_abbrev  0x00000895      0x144 CMakeFiles/CLion_Test.elf.dir/MyLib/USART/usart.c.obj
 .debug_abbrev  0x000009d9       0x7e CMakeFiles/CLion_Test.elf.dir/UserApp/gd32f4xx_it.c.obj
 .debug_abbrev  0x00000a57      0x1a6 CMakeFiles/CLion_Test.elf.dir/UserApp/i2c.c.obj
 .debug_abbrev  0x00000bfd      0x1a3 CMakeFiles/CLion_Test.elf.dir/UserApp/main.c.obj
 .debug_abbrev  0x00000da0      0x1ea CMakeFiles/CLion_Test.elf.dir/UserApp/systick.c.obj
 .debug_abbrev  0x00000f8a       0x12 CMakeFiles/CLion_Test.elf.dir/startup/startup_gd32f450.S.obj

.debug_loc      0x00000000     0x2b9d
 .debug_loc     0x00000000      0x37c CMakeFiles/CLion_Test.elf.dir/Core/Src/gd32f4xx_gpio.c.obj
 .debug_loc     0x0000037c      0x73c CMakeFiles/CLion_Test.elf.dir/Core/Src/gd32f4xx_i2c.c.obj
 .debug_loc     0x00000ab8      0xd3d CMakeFiles/CLion_Test.elf.dir/Core/Src/gd32f4xx_rcu.c.obj
 .debug_loc     0x000017f5      0x9c3 CMakeFiles/CLion_Test.elf.dir/Core/Src/gd32f4xx_usart.c.obj
 .debug_loc     0x000021b8      0x150 CMakeFiles/CLion_Test.elf.dir/Drivers/CMSIS/system_gd32f4xx.c.obj
 .debug_loc     0x00002308      0x15d CMakeFiles/CLion_Test.elf.dir/MyLib/USART/usart.c.obj
 .debug_loc     0x00002465      0x44a CMakeFiles/CLion_Test.elf.dir/UserApp/i2c.c.obj
 .debug_loc     0x000028af      0x25e CMakeFiles/CLion_Test.elf.dir/UserApp/main.c.obj
 .debug_loc     0x00002b0d       0x90 CMakeFiles/CLion_Test.elf.dir/UserApp/systick.c.obj

.debug_aranges  0x00000000      0x718
 .debug_aranges
                0x00000000       0x90 CMakeFiles/CLion_Test.elf.dir/Core/Src/gd32f4xx_gpio.c.obj
 .debug_aranges
                0x00000090      0x148 CMakeFiles/CLion_Test.elf.dir/Core/Src/gd32f4xx_i2c.c.obj
 .debug_aranges
                0x000001d8      0x190 CMakeFiles/CLion_Test.elf.dir/Core/Src/gd32f4xx_rcu.c.obj
 .debug_aranges
                0x00000368      0x1d0 CMakeFiles/CLion_Test.elf.dir/Core/Src/gd32f4xx_usart.c.obj
 .debug_aranges
                0x00000538       0x38 CMakeFiles/CLion_Test.elf.dir/Drivers/CMSIS/system_gd32f4xx.c.obj
 .debug_aranges
                0x00000570       0x40 CMakeFiles/CLion_Test.elf.dir/MyLib/USART/usart.c.obj
 .debug_aranges
                0x000005b0       0x60 CMakeFiles/CLion_Test.elf.dir/UserApp/gd32f4xx_it.c.obj
 .debug_aranges
                0x00000610       0x60 CMakeFiles/CLion_Test.elf.dir/UserApp/i2c.c.obj
 .debug_aranges
                0x00000670       0x50 CMakeFiles/CLion_Test.elf.dir/UserApp/main.c.obj
 .debug_aranges
                0x000006c0       0x30 CMakeFiles/CLion_Test.elf.dir/UserApp/systick.c.obj
 .debug_aranges
                0x000006f0       0x28 CMakeFiles/CLion_Test.elf.dir/startup/startup_gd32f450.S.obj

.debug_ranges   0x00000000      0x670
 .debug_ranges  0x00000000       0x80 CMakeFiles/CLion_Test.elf.dir/Core/Src/gd32f4xx_gpio.c.obj
 .debug_ranges  0x00000080      0x138 CMakeFiles/CLion_Test.elf.dir/Core/Src/gd32f4xx_i2c.c.obj
 .debug_ranges  0x000001b8      0x180 CMakeFiles/CLion_Test.elf.dir/Core/Src/gd32f4xx_rcu.c.obj
 .debug_ranges  0x00000338      0x1c0 CMakeFiles/CLion_Test.elf.dir/Core/Src/gd32f4xx_usart.c.obj
 .debug_ranges  0x000004f8       0x28 CMakeFiles/CLion_Test.elf.dir/Drivers/CMSIS/system_gd32f4xx.c.obj
 .debug_ranges  0x00000520       0x30 CMakeFiles/CLion_Test.elf.dir/MyLib/USART/usart.c.obj
 .debug_ranges  0x00000550       0x50 CMakeFiles/CLion_Test.elf.dir/UserApp/gd32f4xx_it.c.obj
 .debug_ranges  0x000005a0       0x50 CMakeFiles/CLion_Test.elf.dir/UserApp/i2c.c.obj
 .debug_ranges  0x000005f0       0x40 CMakeFiles/CLion_Test.elf.dir/UserApp/main.c.obj
 .debug_ranges  0x00000630       0x20 CMakeFiles/CLion_Test.elf.dir/UserApp/systick.c.obj
 .debug_ranges  0x00000650       0x20 CMakeFiles/CLion_Test.elf.dir/startup/startup_gd32f450.S.obj

.debug_line     0x00000000     0x3cf6
 .debug_line    0x00000000      0x56c CMakeFiles/CLion_Test.elf.dir/Core/Src/gd32f4xx_gpio.c.obj
 .debug_line    0x0000056c      0x8e6 CMakeFiles/CLion_Test.elf.dir/Core/Src/gd32f4xx_i2c.c.obj
 .debug_line    0x00000e52      0xcab CMakeFiles/CLion_Test.elf.dir/Core/Src/gd32f4xx_rcu.c.obj
 .debug_line    0x00001afd      0xacf CMakeFiles/CLion_Test.elf.dir/Core/Src/gd32f4xx_usart.c.obj
 .debug_line    0x000025cc      0x3ff CMakeFiles/CLion_Test.elf.dir/Drivers/CMSIS/system_gd32f4xx.c.obj
 .debug_line    0x000029cb      0x2b9 CMakeFiles/CLion_Test.elf.dir/MyLib/USART/usart.c.obj
 .debug_line    0x00002c84      0x14f CMakeFiles/CLion_Test.elf.dir/UserApp/gd32f4xx_it.c.obj
 .debug_line    0x00002dd3      0x791 CMakeFiles/CLion_Test.elf.dir/UserApp/i2c.c.obj
 .debug_line    0x00003564      0x49d CMakeFiles/CLion_Test.elf.dir/UserApp/main.c.obj
 .debug_line    0x00003a01      0x26c CMakeFiles/CLion_Test.elf.dir/UserApp/systick.c.obj
 .debug_line    0x00003c6d       0x89 CMakeFiles/CLion_Test.elf.dir/startup/startup_gd32f450.S.obj

.debug_str      0x00000000     0x3469
 .debug_str     0x00000000      0x640 CMakeFiles/CLion_Test.elf.dir/Core/Src/gd32f4xx_gpio.c.obj
                                0x69e (size before relaxing)
 .debug_str     0x00000640      0x897 CMakeFiles/CLion_Test.elf.dir/Core/Src/gd32f4xx_i2c.c.obj
                                0xdac (size before relaxing)
 .debug_str     0x00000ed7     0x1144 CMakeFiles/CLion_Test.elf.dir/Core/Src/gd32f4xx_rcu.c.obj
                               0x169f (size before relaxing)
 .debug_str     0x0000201b      0x993 CMakeFiles/CLion_Test.elf.dir/Core/Src/gd32f4xx_usart.c.obj
                                0xf06 (size before relaxing)
 .debug_str     0x000029ae       0xdd CMakeFiles/CLion_Test.elf.dir/Drivers/CMSIS/system_gd32f4xx.c.obj
                                0x2d7 (size before relaxing)
 .debug_str     0x00002a8b       0x70 CMakeFiles/CLion_Test.elf.dir/MyLib/USART/usart.c.obj
                                0x6cc (size before relaxing)
 .debug_str     0x00002afb       0xcb CMakeFiles/CLion_Test.elf.dir/UserApp/gd32f4xx_it.c.obj
                                0x24c (size before relaxing)
 .debug_str     0x00002bc6       0xe8 CMakeFiles/CLion_Test.elf.dir/UserApp/i2c.c.obj
                                0x7fb (size before relaxing)
 .debug_str     0x00002cae       0xb9 CMakeFiles/CLion_Test.elf.dir/UserApp/main.c.obj
                                0x35e (size before relaxing)
 .debug_str     0x00002d67      0x6c4 CMakeFiles/CLion_Test.elf.dir/UserApp/systick.c.obj
                                0x902 (size before relaxing)
 .debug_str     0x0000342b       0x3e CMakeFiles/CLion_Test.elf.dir/startup/startup_gd32f450.S.obj
                                 0x65 (size before relaxing)

.comment        0x00000000       0x49
 .comment       0x00000000       0x49 CMakeFiles/CLion_Test.elf.dir/Core/Src/gd32f4xx_gpio.c.obj
                                 0x4a (size before relaxing)
 .comment       0x00000049       0x4a CMakeFiles/CLion_Test.elf.dir/Core/Src/gd32f4xx_i2c.c.obj
 .comment       0x00000049       0x4a CMakeFiles/CLion_Test.elf.dir/Core/Src/gd32f4xx_rcu.c.obj
 .comment       0x00000049       0x4a CMakeFiles/CLion_Test.elf.dir/Core/Src/gd32f4xx_usart.c.obj
 .comment       0x00000049       0x4a CMakeFiles/CLion_Test.elf.dir/Drivers/CMSIS/system_gd32f4xx.c.obj
 .comment       0x00000049       0x4a CMakeFiles/CLion_Test.elf.dir/MyLib/USART/usart.c.obj
 .comment       0x00000049       0x4a CMakeFiles/CLion_Test.elf.dir/UserApp/gd32f4xx_it.c.obj
 .comment       0x00000049       0x4a CMakeFiles/CLion_Test.elf.dir/UserApp/i2c.c.obj
 .comment       0x00000049       0x4a CMakeFiles/CLion_Test.elf.dir/UserApp/main.c.obj
 .comment       0x00000049       0x4a CMakeFiles/CLion_Test.elf.dir/UserApp/systick.c.obj

.debug_frame    0x00000000     0x24c8
 .debug_frame   0x00000000      0x12c CMakeFiles/CLion_Test.elf.dir/Core/Src/gd32f4xx_gpio.c.obj
 .debug_frame   0x0000012c      0x29c CMakeFiles/CLion_Test.elf.dir/Core/Src/gd32f4xx_i2c.c.obj
 .debug_frame   0x000003c8      0x33c CMakeFiles/CLion_Test.elf.dir/Core/Src/gd32f4xx_rcu.c.obj
 .debug_frame   0x00000704      0x3ac CMakeFiles/CLion_Test.elf.dir/Core/Src/gd32f4xx_usart.c.obj
 .debug_frame   0x00000ab0       0x70 CMakeFiles/CLion_Test.elf.dir/Drivers/CMSIS/system_gd32f4xx.c.obj
 .debug_frame   0x00000b20       0x90 CMakeFiles/CLion_Test.elf.dir/MyLib/USART/usart.c.obj
 .debug_frame   0x00000bb0       0xa8 CMakeFiles/CLion_Test.elf.dir/UserApp/gd32f4xx_it.c.obj
 .debug_frame   0x00000c58      0x10c CMakeFiles/CLion_Test.elf.dir/UserApp/i2c.c.obj
 .debug_frame   0x00000d64       0xd0 CMakeFiles/CLion_Test.elf.dir/UserApp/main.c.obj
 .debug_frame   0x00000e34       0x40 CMakeFiles/CLion_Test.elf.dir/UserApp/systick.c.obj
 .debug_frame   0x00000e74       0x2c d:/evr/gcc-arm-none-eabi-10.3-2021.10/bin/../lib/gcc/arm-none-eabi/10.3.1/../../../../arm-none-eabi/lib/thumb/v7e-m/nofp\libg.a(lib_a-memset.o)
 .debug_frame   0x00000ea0       0x74 d:/evr/gcc-arm-none-eabi-10.3-2021.10/bin/../lib/gcc/arm-none-eabi/10.3.1/../../../../arm-none-eabi/lib/thumb/v7e-m/nofp\libg.a(lib_a-printf.o)
 .debug_frame   0x00000f14       0x94 d:/evr/gcc-arm-none-eabi-10.3-2021.10/bin/../lib/gcc/arm-none-eabi/10.3.1/../../../../arm-none-eabi/lib/thumb/v7e-m/nofp\libg.a(lib_a-vfprintf.o)
 .debug_frame   0x00000fa8       0x2c d:/evr/gcc-arm-none-eabi-10.3-2021.10/bin/../lib/gcc/arm-none-eabi/10.3.1/../../../../arm-none-eabi/lib/thumb/v7e-m/nofp\libg.a(lib_a-wsetup.o)
 .debug_frame   0x00000fd4       0x5c d:/evr/gcc-arm-none-eabi-10.3-2021.10/bin/../lib/gcc/arm-none-eabi/10.3.1/../../../../arm-none-eabi/lib/thumb/v7e-m/nofp\libg.a(lib_a-__call_atexit.o)
 .debug_frame   0x00001030       0x20 d:/evr/gcc-arm-none-eabi-10.3-2021.10/bin/../lib/gcc/arm-none-eabi/10.3.1/../../../../arm-none-eabi/lib/thumb/v7e-m/nofp\libg.a(lib_a-atexit.o)
 .debug_frame   0x00001050       0x8c d:/evr/gcc-arm-none-eabi-10.3-2021.10/bin/../lib/gcc/arm-none-eabi/10.3.1/../../../../arm-none-eabi/lib/thumb/v7e-m/nofp\libg.a(lib_a-dtoa.o)
 .debug_frame   0x000010dc       0x70 d:/evr/gcc-arm-none-eabi-10.3-2021.10/bin/../lib/gcc/arm-none-eabi/10.3.1/../../../../arm-none-eabi/lib/thumb/v7e-m/nofp\libg.a(lib_a-fflush.o)
 .debug_frame   0x0000114c      0x154 d:/evr/gcc-arm-none-eabi-10.3-2021.10/bin/../lib/gcc/arm-none-eabi/10.3.1/../../../../arm-none-eabi/lib/thumb/v7e-m/nofp\libg.a(lib_a-findfp.o)
 .debug_frame   0x000012a0       0x34 d:/evr/gcc-arm-none-eabi-10.3-2021.10/bin/../lib/gcc/arm-none-eabi/10.3.1/../../../../arm-none-eabi/lib/thumb/v7e-m/nofp\libg.a(lib_a-fini.o)
 .debug_frame   0x000012d4       0x8c d:/evr/gcc-arm-none-eabi-10.3-2021.10/bin/../lib/gcc/arm-none-eabi/10.3.1/../../../../arm-none-eabi/lib/thumb/v7e-m/nofp\libg.a(lib_a-freer.o)
 .debug_frame   0x00001360       0x54 d:/evr/gcc-arm-none-eabi-10.3-2021.10/bin/../lib/gcc/arm-none-eabi/10.3.1/../../../../arm-none-eabi/lib/thumb/v7e-m/nofp\libg.a(lib_a-fwalk.o)
 .debug_frame   0x000013b4       0x40 d:/evr/gcc-arm-none-eabi-10.3-2021.10/bin/../lib/gcc/arm-none-eabi/10.3.1/../../../../arm-none-eabi/lib/thumb/v7e-m/nofp\libg.a(lib_a-localeconv.o)
 .debug_frame   0x000013f4       0xb0 d:/evr/gcc-arm-none-eabi-10.3-2021.10/bin/../lib/gcc/arm-none-eabi/10.3.1/../../../../arm-none-eabi/lib/thumb/v7e-m/nofp\libg.a(lib_a-lock.o)
 .debug_frame   0x000014a4       0x70 d:/evr/gcc-arm-none-eabi-10.3-2021.10/bin/../lib/gcc/arm-none-eabi/10.3.1/../../../../arm-none-eabi/lib/thumb/v7e-m/nofp\libg.a(lib_a-makebuf.o)
 .debug_frame   0x00001514       0x4c d:/evr/gcc-arm-none-eabi-10.3-2021.10/bin/../lib/gcc/arm-none-eabi/10.3.1/../../../../arm-none-eabi/lib/thumb/v7e-m/nofp\libg.a(lib_a-mallocr.o)
 .debug_frame   0x00001560       0x30 d:/evr/gcc-arm-none-eabi-10.3-2021.10/bin/../lib/gcc/arm-none-eabi/10.3.1/../../../../arm-none-eabi/lib/thumb/v7e-m/nofp\libg.a(lib_a-mlock.o)
 .debug_frame   0x00001590      0x264 d:/evr/gcc-arm-none-eabi-10.3-2021.10/bin/../lib/gcc/arm-none-eabi/10.3.1/../../../../arm-none-eabi/lib/thumb/v7e-m/nofp\libg.a(lib_a-mprec.o)
 .debug_frame   0x000017f4       0x30 d:/evr/gcc-arm-none-eabi-10.3-2021.10/bin/../lib/gcc/arm-none-eabi/10.3.1/../../../../arm-none-eabi/lib/thumb/v7e-m/nofp\libg.a(lib_a-s_frexp.o)
 .debug_frame   0x00001824       0x2c d:/evr/gcc-arm-none-eabi-10.3-2021.10/bin/../lib/gcc/arm-none-eabi/10.3.1/../../../../arm-none-eabi/lib/thumb/v7e-m/nofp\libg.a(lib_a-sbrkr.o)
 .debug_frame   0x00001850       0x8c d:/evr/gcc-arm-none-eabi-10.3-2021.10/bin/../lib/gcc/arm-none-eabi/10.3.1/../../../../arm-none-eabi/lib/thumb/v7e-m/nofp\libg.a(lib_a-stdio.o)
 .debug_frame   0x000018dc       0x2c d:/evr/gcc-arm-none-eabi-10.3-2021.10/bin/../lib/gcc/arm-none-eabi/10.3.1/../../../../arm-none-eabi/lib/thumb/v7e-m/nofp\libg.a(lib_a-strncpy.o)
 .debug_frame   0x00001908       0xdc d:/evr/gcc-arm-none-eabi-10.3-2021.10/bin/../lib/gcc/arm-none-eabi/10.3.1/../../../../arm-none-eabi/lib/thumb/v7e-m/nofp\libg.a(lib_a-vfiprintf.o)
 .debug_frame   0x000019e4       0x2c d:/evr/gcc-arm-none-eabi-10.3-2021.10/bin/../lib/gcc/arm-none-eabi/10.3.1/../../../../arm-none-eabi/lib/thumb/v7e-m/nofp\libg.a(lib_a-writer.o)
 .debug_frame   0x00001a10       0x34 d:/evr/gcc-arm-none-eabi-10.3-2021.10/bin/../lib/gcc/arm-none-eabi/10.3.1/../../../../arm-none-eabi/lib/thumb/v7e-m/nofp\libg.a(lib_a-__atexit.o)
 .debug_frame   0x00001a44       0x40 d:/evr/gcc-arm-none-eabi-10.3-2021.10/bin/../lib/gcc/arm-none-eabi/10.3.1/../../../../arm-none-eabi/lib/thumb/v7e-m/nofp\libg.a(lib_a-assert.o)
 .debug_frame   0x00001a84       0x2c d:/evr/gcc-arm-none-eabi-10.3-2021.10/bin/../lib/gcc/arm-none-eabi/10.3.1/../../../../arm-none-eabi/lib/thumb/v7e-m/nofp\libg.a(lib_a-callocr.o)
 .debug_frame   0x00001ab0       0x2c d:/evr/gcc-arm-none-eabi-10.3-2021.10/bin/../lib/gcc/arm-none-eabi/10.3.1/../../../../arm-none-eabi/lib/thumb/v7e-m/nofp\libg.a(lib_a-closer.o)
 .debug_frame   0x00001adc       0x20 d:/evr/gcc-arm-none-eabi-10.3-2021.10/bin/../lib/gcc/arm-none-eabi/10.3.1/../../../../arm-none-eabi/lib/thumb/v7e-m/nofp\libg.a(lib_a-errno.o)
 .debug_frame   0x00001afc       0x3c d:/evr/gcc-arm-none-eabi-10.3-2021.10/bin/../lib/gcc/arm-none-eabi/10.3.1/../../../../arm-none-eabi/lib/thumb/v7e-m/nofp\libg.a(lib_a-fclose.o)
 .debug_frame   0x00001b38       0x70 d:/evr/gcc-arm-none-eabi-10.3-2021.10/bin/../lib/gcc/arm-none-eabi/10.3.1/../../../../arm-none-eabi/lib/thumb/v7e-m/nofp\libg.a(lib_a-fiprintf.o)
 .debug_frame   0x00001ba8       0x88 d:/evr/gcc-arm-none-eabi-10.3-2021.10/bin/../lib/gcc/arm-none-eabi/10.3.1/../../../../arm-none-eabi/lib/thumb/v7e-m/nofp\libg.a(lib_a-fputwc.o)
 .debug_frame   0x00001c30       0x2c d:/evr/gcc-arm-none-eabi-10.3-2021.10/bin/../lib/gcc/arm-none-eabi/10.3.1/../../../../arm-none-eabi/lib/thumb/v7e-m/nofp\libg.a(lib_a-fstatr.o)
 .debug_frame   0x00001c5c       0x64 d:/evr/gcc-arm-none-eabi-10.3-2021.10/bin/../lib/gcc/arm-none-eabi/10.3.1/../../../../arm-none-eabi/lib/thumb/v7e-m/nofp\libg.a(lib_a-fvwrite.o)
 .debug_frame   0x00001cc0       0x2c d:/evr/gcc-arm-none-eabi-10.3-2021.10/bin/../lib/gcc/arm-none-eabi/10.3.1/../../../../arm-none-eabi/lib/thumb/v7e-m/nofp\libg.a(lib_a-isattyr.o)
 .debug_frame   0x00001cec       0x68 d:/evr/gcc-arm-none-eabi-10.3-2021.10/bin/../lib/gcc/arm-none-eabi/10.3.1/../../../../arm-none-eabi/lib/thumb/v7e-m/nofp\libg.a(lib_a-locale.o)
 .debug_frame   0x00001d54       0x2c d:/evr/gcc-arm-none-eabi-10.3-2021.10/bin/../lib/gcc/arm-none-eabi/10.3.1/../../../../arm-none-eabi/lib/thumb/v7e-m/nofp\libg.a(lib_a-lseekr.o)
 .debug_frame   0x00001d80       0x4c d:/evr/gcc-arm-none-eabi-10.3-2021.10/bin/../lib/gcc/arm-none-eabi/10.3.1/../../../../arm-none-eabi/lib/thumb/v7e-m/nofp\libg.a(lib_a-mbtowc_r.o)
 .debug_frame   0x00001dcc       0x40 d:/evr/gcc-arm-none-eabi-10.3-2021.10/bin/../lib/gcc/arm-none-eabi/10.3.1/../../../../arm-none-eabi/lib/thumb/v7e-m/nofp\libg.a(lib_a-memmove.o)
 .debug_frame   0x00001e0c       0x2c d:/evr/gcc-arm-none-eabi-10.3-2021.10/bin/../lib/gcc/arm-none-eabi/10.3.1/../../../../arm-none-eabi/lib/thumb/v7e-m/nofp\libg.a(lib_a-readr.o)
 .debug_frame   0x00001e38       0x48 d:/evr/gcc-arm-none-eabi-10.3-2021.10/bin/../lib/gcc/arm-none-eabi/10.3.1/../../../../arm-none-eabi/lib/thumb/v7e-m/nofp\libg.a(lib_a-reallocr.o)
 .debug_frame   0x00001e80       0x64 d:/evr/gcc-arm-none-eabi-10.3-2021.10/bin/../lib/gcc/arm-none-eabi/10.3.1/../../../../arm-none-eabi/lib/thumb/v7e-m/nofp\libg.a(lib_a-reent.o)
 .debug_frame   0x00001ee4       0x4c d:/evr/gcc-arm-none-eabi-10.3-2021.10/bin/../lib/gcc/arm-none-eabi/10.3.1/../../../../arm-none-eabi/lib/thumb/v7e-m/nofp\libg.a(lib_a-wbuf.o)
 .debug_frame   0x00001f30       0x60 d:/evr/gcc-arm-none-eabi-10.3-2021.10/bin/../lib/gcc/arm-none-eabi/10.3.1/../../../../arm-none-eabi/lib/thumb/v7e-m/nofp\libg.a(lib_a-wcrtomb.o)
 .debug_frame   0x00001f90       0x3c d:/evr/gcc-arm-none-eabi-10.3-2021.10/bin/../lib/gcc/arm-none-eabi/10.3.1/../../../../arm-none-eabi/lib/thumb/v7e-m/nofp\libg.a(lib_a-wctomb_r.o)
 .debug_frame   0x00001fcc       0x28 d:/evr/gcc-arm-none-eabi-10.3-2021.10/bin/../lib/gcc/arm-none-eabi/10.3.1/../../../../arm-none-eabi/lib/thumb/v7e-m/nofp\libg.a(lib_a-abort.o)