Archive member included to satisfy reference by file (symbol)

d:/evr/gcc-arm-none-eabi-10.3-2021.10/bin/../lib/gcc/arm-none-eabi/10.3.1/thumb/v7e-m/nofp\libgcc.a(_arm_muldf3.o)
                              CMakeFiles/CLion_Test.elf.dir/UserApp/src/display_E1.c.obj (__aeabi_dmul)
d:/evr/gcc-arm-none-eabi-10.3-2021.10/bin/../lib/gcc/arm-none-eabi/10.3.1/thumb/v7e-m/nofp\libgcc.a(_arm_addsubdf3.o)
                              CMakeFiles/CLion_Test.elf.dir/UserApp/src/temper_S2.c.obj (__aeabi_dsub)
d:/evr/gcc-arm-none-eabi-10.3-2021.10/bin/../lib/gcc/arm-none-eabi/10.3.1/thumb/v7e-m/nofp\libgcc.a(_arm_muldivdf3.o)
                              CMakeFiles/CLion_Test.elf.dir/UserApp/src/temper_S2.c.obj (__aeabi_ddiv)
d:/evr/gcc-arm-none-eabi-10.3-2021.10/bin/../lib/gcc/arm-none-eabi/10.3.1/thumb/v7e-m/nofp\libgcc.a(_arm_cmpdf2.o)
                              CMakeFiles/CLion_Test.elf.dir/UserApp/src/display_E1.c.obj (__aeabi_dcmplt)
d:/evr/gcc-arm-none-eabi-10.3-2021.10/bin/../lib/gcc/arm-none-eabi/10.3.1/thumb/v7e-m/nofp\libgcc.a(_arm_fixdfsi.o)
                              CMakeFiles/CLion_Test.elf.dir/UserApp/src/display_E1.c.obj (__aeabi_d2iz)
d:/evr/gcc-arm-none-eabi-10.3-2021.10/bin/../lib/gcc/arm-none-eabi/10.3.1/../../../../arm-none-eabi/lib/thumb/v7e-m/nofp\libg.a(lib_a-exit.o)
                              d:/evr/gcc-arm-none-eabi-10.3-2021.10/bin/../lib/gcc/arm-none-eabi/10.3.1/../../../../arm-none-eabi/lib/thumb/v7e-m/nofp/crt0.o (exit)
d:/evr/gcc-arm-none-eabi-10.3-2021.10/bin/../lib/gcc/arm-none-eabi/10.3.1/../../../../arm-none-eabi/lib/thumb/v7e-m/nofp\libg.a(lib_a-impure.o)
                              d:/evr/gcc-arm-none-eabi-10.3-2021.10/bin/../lib/gcc/arm-none-eabi/10.3.1/../../../../arm-none-eabi/lib/thumb/v7e-m/nofp\libg.a(lib_a-exit.o) (_global_impure_ptr)
d:/evr/gcc-arm-none-eabi-10.3-2021.10/bin/../lib/gcc/arm-none-eabi/10.3.1/../../../../arm-none-eabi/lib/thumb/v7e-m/nofp\libg.a(lib_a-init.o)
                              d:/evr/gcc-arm-none-eabi-10.3-2021.10/bin/../lib/gcc/arm-none-eabi/10.3.1/../../../../arm-none-eabi/lib/thumb/v7e-m/nofp/crt0.o (__libc_init_array)
d:/evr/gcc-arm-none-eabi-10.3-2021.10/bin/../lib/gcc/arm-none-eabi/10.3.1/../../../../arm-none-eabi/lib/thumb/v7e-m/nofp\libg.a(lib_a-memset.o)
                              d:/evr/gcc-arm-none-eabi-10.3-2021.10/bin/../lib/gcc/arm-none-eabi/10.3.1/../../../../arm-none-eabi/lib/thumb/v7e-m/nofp/crt0.o (memset)
d:/evr/gcc-arm-none-eabi-10.3-2021.10/bin/../lib/gcc/arm-none-eabi/10.3.1/../../../../arm-none-eabi/lib/thumb/v7e-m/nofp\libg.a(lib_a-printf.o)
                              CMakeFiles/CLion_Test.elf.dir/UserApp/src/WM8978.c.obj (printf)
d:/evr/gcc-arm-none-eabi-10.3-2021.10/bin/../lib/gcc/arm-none-eabi/10.3.1/../../../../arm-none-eabi/lib/thumb/v7e-m/nofp\libg.a(lib_a-strtol.o)
                              CMakeFiles/CLion_Test.elf.dir/UserApp/src/tools.c.obj (strtol)
d:/evr/gcc-arm-none-eabi-10.3-2021.10/bin/../lib/gcc/arm-none-eabi/10.3.1/../../../../arm-none-eabi/lib/thumb/v7e-m/nofp\libg.a(lib_a-vfprintf.o)
                              d:/evr/gcc-arm-none-eabi-10.3-2021.10/bin/../lib/gcc/arm-none-eabi/10.3.1/../../../../arm-none-eabi/lib/thumb/v7e-m/nofp\libg.a(lib_a-printf.o) (_vfprintf_r)
d:/evr/gcc-arm-none-eabi-10.3-2021.10/bin/../lib/gcc/arm-none-eabi/10.3.1/../../../../arm-none-eabi/lib/thumb/v7e-m/nofp\libg.a(lib_a-wsetup.o)
                              d:/evr/gcc-arm-none-eabi-10.3-2021.10/bin/../lib/gcc/arm-none-eabi/10.3.1/../../../../arm-none-eabi/lib/thumb/v7e-m/nofp\libg.a(lib_a-vfprintf.o) (__swsetup_r)
d:/evr/gcc-arm-none-eabi-10.3-2021.10/bin/../lib/gcc/arm-none-eabi/10.3.1/../../../../arm-none-eabi/lib/thumb/v7e-m/nofp\libg.a(lib_a-__call_atexit.o)
                              d:/evr/gcc-arm-none-eabi-10.3-2021.10/bin/../lib/gcc/arm-none-eabi/10.3.1/../../../../arm-none-eabi/lib/thumb/v7e-m/nofp\libg.a(lib_a-exit.o) (__call_exitprocs)
d:/evr/gcc-arm-none-eabi-10.3-2021.10/bin/../lib/gcc/arm-none-eabi/10.3.1/../../../../arm-none-eabi/lib/thumb/v7e-m/nofp\libg.a(lib_a-atexit.o)
                              d:/evr/gcc-arm-none-eabi-10.3-2021.10/bin/../lib/gcc/arm-none-eabi/10.3.1/../../../../arm-none-eabi/lib/thumb/v7e-m/nofp\libg.a(lib_a-__call_atexit.o) (atexit)
d:/evr/gcc-arm-none-eabi-10.3-2021.10/bin/../lib/gcc/arm-none-eabi/10.3.1/../../../../arm-none-eabi/lib/thumb/v7e-m/nofp\libg.a(lib_a-ctype_.o)
                              d:/evr/gcc-arm-none-eabi-10.3-2021.10/bin/../lib/gcc/arm-none-eabi/10.3.1/../../../../arm-none-eabi/lib/thumb/v7e-m/nofp\libg.a(lib_a-strtol.o) (_ctype_)
d:/evr/gcc-arm-none-eabi-10.3-2021.10/bin/../lib/gcc/arm-none-eabi/10.3.1/../../../../arm-none-eabi/lib/thumb/v7e-m/nofp\libg.a(lib_a-dtoa.o)
                              d:/evr/gcc-arm-none-eabi-10.3-2021.10/bin/../lib/gcc/arm-none-eabi/10.3.1/../../../../arm-none-eabi/lib/thumb/v7e-m/nofp\libg.a(lib_a-vfprintf.o) (_dtoa_r)
[...]
Memory Configuration

Name             Origin             Length             Attributes
FLASH            0x08000000         0x00200000         xr
RAM              0x20000000         0x00030000         xrw
TCMRAM           0x10000000         0x00010000         rw
*default*        0x00000000         0xffffffff

Linker script and memory map

LOAD d:/evr/gcc-arm-none-eabi-10.3-2021.10/bin/../lib/gcc/arm-none-eabi/10.3.1/thumb/v7e-m/nofp/crti.o
LOAD d:/evr/gcc-arm-none-eabi-10.3-2021.10/bin/../lib/gcc/arm-none-eabi/10.3.1/thumb/v7e-m/nofp/crtbegin.o
LOAD d:/evr/gcc-arm-none-eabi-10.3-2021.10/bin/../lib/gcc/arm-none-eabi/10.3.1/../../../../arm-none-eabi/lib/thumb/v7e-m/nofp/crt0.o
LOAD CMakeFiles/CLion_Test.elf.dir/Core/Src/gd32f4xx_adc.c.obj
LOAD CMakeFiles/CLion_Test.elf.dir/Core/Src/gd32f4xx_can.c.obj
LOAD CMakeFiles/CLion_Test.elf.dir/Core/Src/gd32f4xx_crc.c.obj
LOAD CMakeFiles/CLion_Test.elf.dir/Core/Src/gd32f4xx_ctc.c.obj
LOAD CMakeFiles/CLion_Test.elf.dir/Core/Src/gd32f4xx_dac.c.obj
LOAD CMakeFiles/CLion_Test.elf.dir/Core/Src/gd32f4xx_dbg.c.obj
LOAD CMakeFiles/CLion_Test.elf.dir/Core/Src/gd32f4xx_dci.c.obj
LOAD CMakeFiles/CLion_Test.elf.dir/Core/Src/gd32f4xx_dma.c.obj
LOAD CMakeFiles/CLion_Test.elf.dir/Core/Src/gd32f4xx_enet.c.obj
LOAD CMakeFiles/CLion_Test.elf.dir/Core/Src/gd32f4xx_exmc.c.obj
LOAD CMakeFiles/CLion_Test.elf.dir/Core/Src/gd32f4xx_exti.c.obj
LOAD CMakeFiles/CLion_Test.elf.dir/Core/Src/gd32f4xx_fmc.c.obj
LOAD CMakeFiles/CLion_Test.elf.dir/Core/Src/gd32f4xx_fwdgt.c.obj
LOAD CMakeFiles/CLion_Test.elf.dir/Core/Src/gd32f4xx_gpio.c.obj
LOAD CMakeFiles/CLion_Test.elf.dir/Core/Src/gd32f4xx_i2c.c.obj
LOAD CMakeFiles/CLion_Test.elf.dir/Core/Src/gd32f4xx_ipa.c.obj
LOAD CMakeFiles/CLion_Test.elf.dir/Core/Src/gd32f4xx_iref.c.obj
LOAD CMakeFiles/CLion_Test.elf.dir/Core/Src/gd32f4xx_misc.c.obj
LOAD CMakeFiles/CLion_Test.elf.dir/Core/Src/gd32f4xx_pmu.c.obj
LOAD CMakeFiles/CLion_Test.elf.dir/Core/Src/gd32f4xx_rcu.c.obj
LOAD CMakeFiles/CLion_Test.elf.dir/Core/Src/gd32f4xx_rtc.c.obj
LOAD CMakeFiles/CLion_Test.elf.dir/Core/Src/gd32f4xx_sdio.c.obj
LOAD CMakeFiles/CLion_Test.elf.dir/Core/Src/gd32f4xx_spi.c.obj
LOAD CMakeFiles/CLion_Test.elf.dir/Core/Src/gd32f4xx_syscfg.c.obj
LOAD CMakeFiles/CLion_Test.elf.dir/Core/Src/gd32f4xx_timer.c.obj
LOAD CMakeFiles/CLion_Test.elf.dir/Core/Src/gd32f4xx_tli.c.obj
LOAD CMakeFiles/CLion_Test.elf.dir/Core/Src/gd32f4xx_trng.c.obj
LOAD CMakeFiles/CLion_Test.elf.dir/Core/Src/gd32f4xx_usart.c.obj
LOAD CMakeFiles/CLion_Test.elf.dir/Core/Src/gd32f4xx_wwdgt.c.obj
LOAD CMakeFiles/CLion_Test.elf.dir/Drivers/CMSIS/system_gd32f4xx.c.obj
LOAD CMakeFiles/CLion_Test.elf.dir/MyLib/LED/led.c.obj
LOAD CMakeFiles/CLion_Test.elf.dir/MyLib/USART/usart.c.obj
LOAD CMakeFiles/CLion_Test.elf.dir/MyLib/delay/delay.c.obj
LOAD CMakeFiles/CLion_Test.elf.dir/UserApp/src/WM8978.c.obj
LOAD CMakeFiles/CLion_Test.elf.dir/UserApp/src/curtain_E3.c.obj
LOAD CMakeFiles/CLion_Test.elf.dir/UserApp/src/display_E1.c.obj
LOAD CMakeFiles/CLion_Test.elf.dir/UserApp/src/distance_S6.c.obj
LOAD CMakeFiles/CLion_Test.elf.dir/UserApp/src/gd32f4xx_it.c.obj
LOAD CMakeFiles/CLion_Test.elf.dir/UserApp/src/i2c.c.obj
LOAD CMakeFiles/CLion_Test.elf.dir/UserApp/src/key_S1.c.obj
LOAD CMakeFiles/CLion_Test.elf.dir/UserApp/src/led_E1.c.obj
LOAD CMakeFiles/CLion_Test.elf.dir/UserApp/src/light_S2.c.obj
LOAD CMakeFiles/CLion_Test.elf.dir/UserApp/src/main.c.obj
LOAD CMakeFiles/CLion_Test.elf.dir/UserApp/src/systick.c.obj
LOAD CMakeFiles/CLion_Test.elf.dir/UserApp/src/temper_S2.c.obj
LOAD CMakeFiles/CLion_Test.elf.dir/UserApp/src/tools.c.obj
LOAD CMakeFiles/CLion_Test.elf.dir/startup/startup_gd32f450.S.obj
START GROUP
LOAD d:/evr/gcc-arm-none-eabi-10.3-2021.10/bin/../lib/gcc/arm-none-eabi/10.3.1/thumb/v7e-m/nofp\libgcc.a
LOAD d:/evr/gcc-arm-none-eabi-10.3-2021.10/bin/../lib/gcc/arm-none-eabi/10.3.1/../../../../arm-none-eabi/lib/thumb/v7e-m/nofp\libg.a
LOAD d:/evr/gcc-arm-none-eabi-10.3-2021.10/bin/../lib/gcc/arm-none-eabi/10.3.1/../../../../arm-none-eabi/lib/thumb/v7e-m/nofp\libc.a
END GROUP
START GROUP
LOAD d:/evr/gcc-arm-none-eabi-10.3-2021.10/bin/../lib/gcc/arm-none-eabi/10.3.1/thumb/v7e-m/nofp\libgcc.a
LOAD d:/evr/gcc-arm-none-eabi-10.3-2021.10/bin/../lib/gcc/arm-none-eabi/10.3.1/../../../../arm-none-eabi/lib/thumb/v7e-m/nofp\libc.a
LOAD d:/evr/gcc-arm-none-eabi-10.3-2021.10/bin/../lib/gcc/arm-none-eabi/10.3.1/../../../../arm-none-eabi/lib/thumb/v7e-m/nofp\libnosys.a
END GROUP
LOAD d:/evr/gcc-arm-none-eabi-10.3-2021.10/bin/../lib/gcc/arm-none-eabi/10.3.1/thumb/v7e-m/nofp/crtend.o
LOAD d:/evr/gcc-arm-none-eabi-10.3-2021.10/bin/../lib/gcc/arm-none-eabi/10.3.1/thumb/v7e-m/nofp/crtn.o
                0x00000800                __stack_size = DEFINED (__stack_size)?__stack_size:0x800

.vectors        0x08000000      0x1ac
                0x08000000                . = ALIGN (0x4)
 *(.vectors)
 .vectors       0x08000000      0x1ac CMakeFiles/CLion_Test.elf.dir/startup/startup_gd32f450.S.obj
                0x08000000                __gVectors
                0x080001ac                . = ALIGN (0x4)
                0x080001ac                __Vectors_End = .
                0x080001ac                __Vectors_Size = (__Vectors_End - __gVectors)

.text           0x080001ac     0x1654
                0x080001ac                . = ALIGN (0x4)
 *(.text)
 .text          0x080001ac       0x40 d:/evr/gcc-arm-none-eabi-10.3-2021.10/bin/../lib/gcc/arm-none-eabi/10.3.1/thumb/v7e-m/nofp/crtbegin.o
 *(.text*)
 .text.gpio_mode_set
                0x080001ec       0x52 CMakeFiles/CLion_Test.elf.dir/Core/Src/gd32f4xx_gpio.c.obj
                0x080001ec                gpio_mode_set
 .text.gpio_output_options_set
                0x0800023e       0x50 CMakeFiles/CLion_Test.elf.dir/Core/Src/gd32f4xx_gpio.c.obj
                0x0800023e                gpio_output_options_set
 .text.gpio_af_set
                0x0800028e       0x78 CMakeFiles/CLion_Test.elf.dir/Core/Src/gd32f4xx_gpio.c.obj
                0x0800028e                gpio_af_set
 *fill*         0x08000306        0x2 
 .text.i2c_clock_config
                0x08000308       0xd4 CMakeFiles/CLion_Test.elf.dir/Core/Src/gd32f4xx_i2c.c.obj
                0x08000308                i2c_clock_config
 .text.i2c_mode_addr_config
                0x080003dc       0x1a CMakeFiles/CLion_Test.elf.dir/Core/Src/gd32f4xx_i2c.c.obj
                0x080003dc                i2c_mode_addr_config
 .text.i2c_ack_config
                0x080003f6        0xc CMakeFiles/CLion_Test.elf.dir/Core/Src/gd32f4xx_i2c.c.obj
                0x080003f6                i2c_ack_config
 .text.i2c_ackpos_config
                0x08000402        0xc CMakeFiles/CLion_Test.elf.dir/Core/Src/gd32f4xx_i2c.c.obj
                0x08000402                i2c_ackpos_config
 .text.i2c_master_addressing
                0x0800040e       0x14 CMakeFiles/CLion_Test.elf.dir/Core/Src/gd32f4xx_i2c.c.obj
                0x0800040e                i2c_master_addressing
 .text.i2c_enable
                0x08000422        0xa CMakeFiles/CLion_Test.elf.dir/Core/Src/gd32f4xx_i2c.c.obj
                0x08000422                i2c_enable
 .text.i2c_start_on_bus
                0x0800042c        0xa CMakeFiles/CLion_Test.elf.dir/Core/Src/gd32f4xx_i2c.c.obj
                0x0800042c                i2c_start_on_bus
 .text.i2c_stop_on_bus
                0x08000436        0xa CMakeFiles/CLion_Test.elf.dir/Core/Src/gd32f4xx_i2c.c.obj
                0x08000436                i2c_stop_on_bus
 .text.i2c_data_transmit
                0x08000440        0x4 CMakeFiles/CLion_Test.elf.dir/Core/Src/gd32f4xx_i2c.c.obj
                0x08000440                i2c_data_transmit
 .text.i2c_data_receive
                0x08000444        0x6 CMakeFiles/CLion_Test.elf.dir/Core/Src/gd32f4xx_i2c.c.obj
                0x08000444                i2c_data_receive
 .text.i2c_flag_get
                0x0800044a       0x1a CMakeFiles/CLion_Test.elf.dir/Core/Src/gd32f4xx_i2c.c.obj
                0x0800044a                i2c_flag_get
 .text.i2c_flag_clear
                0x08000464       0x2a CMakeFiles/CLion_Test.elf.dir/Core/Src/gd32f4xx_i2c.c.obj
                0x08000464                i2c_flag_clear
 .text.rcu_periph_clock_enable
                0x0800048e       0x1c CMakeFiles/CLion_Test.elf.dir/Core/Src/gd32f4xx_rcu.c.obj
                0x0800048e                rcu_periph_clock_enable
 *fill*         0x080004aa        0x2 
 .text.rcu_clock_freq_get
                0x080004ac       0xe8 CMakeFiles/CLion_Test.elf.dir/Core/Src/gd32f4xx_rcu.c.obj
                0x080004ac                rcu_clock_freq_get
 .text.system_clock_200m_25m_hxtal
                0x08000594       0xe8 CMakeFiles/CLion_Test.elf.dir/Drivers/CMSIS/system_gd32f4xx.c.obj
 .text.system_clock_config
                0x0800067c        0x8 CMakeFiles/CLion_Test.elf.dir/Drivers/CMSIS/system_gd32f4xx.c.obj
 .text.SystemInit
                0x08000684       0xa8 CMakeFiles/CLion_Test.elf.dir/Drivers/CMSIS/system_gd32f4xx.c.obj
                0x08000684                SystemInit
 .text.curtain_E3_i2c_init
                0x0800072c       0x6c CMakeFiles/CLion_Test.elf.dir/UserApp/src/curtain_E3.c.obj
                0x0800072c                curtain_E3_i2c_init
 .text.open_curtain
                0x08000798       0x1c CMakeFiles/CLion_Test.elf.dir/UserApp/src/curtain_E3.c.obj
                0x08000798                open_curtain
 .text.close_curtain
                0x080007b4       0x1c CMakeFiles/CLion_Test.elf.dir/UserApp/src/curtain_E3.c.obj
                0x080007b4                close_curtain
 .text.display_E1_i2c_init
                0x080007d0       0x7c CMakeFiles/CLion_Test.elf.dir/UserApp/src/display_E1.c.obj
                0x080007d0                display_E1_i2c_init
 .text.display_byte
                0x0800084c      0x4e0 CMakeFiles/CLion_Test.elf.dir/UserApp/src/display_E1.c.obj
                0x0800084c                display_byte
 .text.disable_display
                0x08000d2c       0x34 CMakeFiles/CLion_Test.elf.dir/UserApp/src/display_E1.c.obj
                0x08000d2c                disable_display
 .text.NMI_Handler
                0x08000d60        0x2 CMakeFiles/CLion_Test.elf.dir/UserApp/src/gd32f4xx_it.c.obj
                0x08000d60                NMI_Handler
 .text.HardFault_Handler
                0x08000d62        0x2 CMakeFiles/CLion_Test.elf.dir/UserApp/src/gd32f4xx_it.c.obj
                0x08000d62                HardFault_Handler
 .text.MemManage_Handler
                0x08000d64        0x2 CMakeFiles/CLion_Test.elf.dir/UserApp/src/gd32f4xx_it.c.obj
                0x08000d64                MemManage_Handler
 .text.BusFault_Handler
                0x08000d66        0x2 CMakeFiles/CLion_Test.elf.dir/UserApp/src/gd32f4xx_it.c.obj
                0x08000d66                BusFault_Handler
 .text.UsageFault_Handler
                0x08000d68        0x2 CMakeFiles/CLion_Test.elf.dir/UserApp/src/gd32f4xx_it.c.obj
                0x08000d68                UsageFault_Handler
 .text.SVC_Handler
                0x08000d6a        0x2 CMakeFiles/CLion_Test.elf.dir/UserApp/src/gd32f4xx_it.c.obj
                0x08000d6a                SVC_Handler
 .text.DebugMon_Handler
                0x08000d6c        0x2 CMakeFiles/CLion_Test.elf.dir/UserApp/src/gd32f4xx_it.c.obj
                0x08000d6c                DebugMon_Handler
 .text.PendSV_Handler
                0x08000d6e        0x2 CMakeFiles/CLion_Test.elf.dir/UserApp/src/gd32f4xx_it.c.obj
                0x08000d6e                PendSV_Handler
 .text.SysTick_Handler
                0x08000d70        0x8 CMakeFiles/CLion_Test.elf.dir/UserApp/src/gd32f4xx_it.c.obj
                0x08000d70                SysTick_Handler
 .text.i2c0_gpio_config
                0x08000d78       0x64 CMakeFiles/CLion_Test.elf.dir/UserApp/src/i2c.c.obj
                0x08000d78                i2c0_gpio_config
 .text.i2c0_config
                0x08000ddc       0x3c CMakeFiles/CLion_Test.elf.dir/UserApp/src/i2c.c.obj
                0x08000ddc                i2c0_config
 .text.i2c1_gpio_config
                0x08000e18       0x5c CMakeFiles/CLion_Test.elf.dir/UserApp/src/i2c.c.obj
                0x08000e18                i2c1_gpio_config
 .text.i2c1_config
                0x08000e74       0x3c CMakeFiles/CLion_Test.elf.dir/UserApp/src/i2c.c.obj
                0x08000e74                i2c1_config
 .text.i2c_addr_poll
                0x08000eb0       0x6c CMakeFiles/CLion_Test.elf.dir/UserApp/src/i2c.c.obj
                0x08000eb0                i2c_addr_poll
 .text.i2c_cmd_write
                0x08000f1c       0x96 CMakeFiles/CLion_Test.elf.dir/UserApp/src/i2c.c.obj
                0x08000f1c                i2c_cmd_write
 .text.i2c_byte_write
                0x08000fb2       0xae CMakeFiles/CLion_Test.elf.dir/UserApp/src/i2c.c.obj
                0x08000fb2                i2c_byte_write
 .text.i2c_read
                0x08001060      0x16c CMakeFiles/CLion_Test.elf.dir/UserApp/src/i2c.c.obj
                0x08001060                i2c_read
 .text.key_trans
                0x080011cc       0x1e CMakeFiles/CLion_Test.elf.dir/UserApp/src/key_S1.c.obj
                0x080011cc                key_trans
 *fill*         0x080011ea        0x2 
 .text.key_S1_i2c_init
                0x080011ec       0x7c CMakeFiles/CLion_Test.elf.dir/UserApp/src/key_S1.c.obj
                0x080011ec                key_S1_i2c_init
 .text.get_key  0x08001268       0x38 CMakeFiles/CLion_Test.elf.dir/UserApp/src/key_S1.c.obj
                0x08001268                get_key
 .text.setPWM   0x080012a0       0x5a CMakeFiles/CLion_Test.elf.dir/UserApp/src/led_E1.c.obj
                0x080012a0                setPWM
 .text.setPWM_off
                0x080012fa       0x34 CMakeFiles/CLion_Test.elf.dir/UserApp/src/led_E1.c.obj
                0x080012fa                setPWM_off
 *fill*         0x0800132e        0x2 
 .text.led_E1_i2c_init
                0x08001330       0x88 CMakeFiles/CLion_Test.elf.dir/UserApp/src/led_E1.c.obj
                0x08001330                led_E1_i2c_init
 .text.led_control
                0x080013b8       0xd4 CMakeFiles/CLion_Test.elf.dir/UserApp/src/led_E1.c.obj
                0x080013b8                led_control
 .text.main     0x0800148c       0x66 CMakeFiles/CLion_Test.elf.dir/UserApp/src/main.c.obj
                0x0800148c                main
 *fill*         0x080014f2        0x2 
 .text.systick_config
                0x080014f4       0x40 CMakeFiles/CLion_Test.elf.dir/UserApp/src/systick.c.obj
                0x080014f4                systick_config
 .text.delay_1ms
                0x08001534       0x14 CMakeFiles/CLion_Test.elf.dir/UserApp/src/systick.c.obj
                0x08001534                delay_1ms
 .text.delay_decrement
                0x08001548       0x14 CMakeFiles/CLion_Test.elf.dir/UserApp/src/systick.c.obj
                0x08001548                delay_decrement
 .text.binary2int
                0x0800155c        0xc CMakeFiles/CLion_Test.elf.dir/UserApp/src/tools.c.obj
                0x0800155c                binary2int
 .text.Reset_Handler
                0x08001568       0x44 CMakeFiles/CLion_Test.elf.dir/startup/startup_gd32f450.S.obj
                0x08001568                Reset_Handler
 .text.Default_Handler
                0x080015ac        0x2 CMakeFiles/CLion_Test.elf.dir/startup/startup_gd32f450.S.obj
                0x080015ac                RTC_Alarm_IRQHandler
                0x080015ac                EXTI2_IRQHandler
                0x080015ac                TIMER2_IRQHandler
                0x080015ac                LVD_IRQHandler
                0x080015ac                SPI4_IRQHandler
                0x080015ac                CAN1_EWMC_IRQHandler
                0x080015ac                TIMER7_UP_TIMER12_IRQHandler
                0x080015ac                SDIO_IRQHandler
                0x080015ac                EXTI3_IRQHandler
                0x080015ac                DCI_IRQHandler
                0x080015ac                USBFS_WKUP_IRQHandler
                0x080015ac                USBHS_IRQHandler
                0x080015ac                IPA_IRQHandler
                0x080015ac                TIMER5_DAC_IRQHandler
                0x080015ac                TIMER0_TRG_CMT_TIMER10_IRQHandler
                0x080015ac                USBFS_IRQHandler
                0x080015ac                TIMER3_IRQHandler
                0x080015ac                DMA0_Channel6_IRQHandler
                0x080015ac                I2C0_EV_IRQHandler
                0x080015ac                EXTI0_IRQHandler
                0x080015ac                I2C2_EV_IRQHandler
                0x080015ac                CAN1_RX0_IRQHandler
                0x080015ac                FPU_IRQHandler
                0x080015ac                TIMER7_TRG_CMT_TIMER13_IRQHandler
                0x080015ac                TIMER4_IRQHandler
                0x080015ac                SPI1_IRQHandler
                0x080015ac                DMA0_Channel0_IRQHandler
                0x080015ac                USART5_IRQHandler
                0x080015ac                TIMER0_BRK_TIMER8_IRQHandler
                0x080015ac                DMA1_Channel0_IRQHandler
                0x080015ac                TIMER7_BRK_TIMER11_IRQHandler
                0x080015ac                TIMER7_CC_IRQHandler
                0x080015ac                TIMER6_IRQHandler
                0x080015ac                DMA1_Channel4_IRQHandler
                0x080015ac                DMA0_Channel3_IRQHandler
                0x080015ac                I2C0_ER_IRQHandler
                0x080015ac                TLI_IRQHandler
                0x080015ac                TIMER0_UP_TIMER9_IRQHandler
                0x080015ac                TIMER0_CC_IRQHandler
                0x080015ac                DMA1_Channel7_IRQHandler
                0x080015ac                CAN1_RX1_IRQHandler
                0x080015ac                DMA0_Channel2_IRQHandler
                0x080015ac                TIMER1_IRQHandler
                0x080015ac                I2C1_EV_IRQHandler
                0x080015ac                DMA1_Channel6_IRQHandler
                0x080015ac                UART4_IRQHandler
                0x080015ac                EXTI10_15_IRQHandler
                0x080015ac                DMA1_Channel1_IRQHandler
                0x080015ac                Default_Handler
                0x080015ac                DMA0_Channel7_IRQHandler
                0x080015ac                ADC_IRQHandler
                0x080015ac                CAN0_TX_IRQHandler
                0x080015ac                WWDGT_IRQHandler
                0x080015ac                EXMC_IRQHandler
                0x080015ac                SPI5_IRQHandler
                0x080015ac                TAMPER_STAMP_IRQHandler
                0x080015ac                RTC_WKUP_IRQHandler
                0x080015ac                SPI2_IRQHandler
                0x080015ac                CAN1_TX_IRQHandler
                0x080015ac                RCU_CTC_IRQHandler
                0x080015ac                DMA1_Channel5_IRQHandler
                0x080015ac                EXTI4_IRQHandler
                0x080015ac                CAN0_RX1_IRQHandler
                0x080015ac                DMA0_Channel5_IRQHandler
                0x080015ac                DMA1_Channel3_IRQHandler
                0x080015ac                EXTI5_9_IRQHandler
                0x080015ac                DMA0_Channel1_IRQHandler
                0x080015ac                EXTI1_IRQHandler
                0x080015ac                ENET_WKUP_IRQHandler
                0x080015ac                USBHS_EP1_In_IRQHandler
                0x080015ac                SPI0_IRQHandler
                0x080015ac                UART7_IRQHandler
                0x080015ac                USART2_IRQHandler
                0x080015ac                UART6_IRQHandler
                0x080015ac                CAN0_EWMC_IRQHandler
                0x080015ac                CAN0_RX0_IRQHandler
                0x080015ac                I2C2_ER_IRQHandler
                0x080015ac                DMA1_Channel2_IRQHandler
                0x080015ac                TLI_ER_IRQHandler
                0x080015ac                USART1_IRQHandler
                0x080015ac                SPI3_IRQHandler
                0x080015ac                UART3_IRQHandler
                0x080015ac                I2C1_ER_IRQHandler
                0x080015ac                FMC_IRQHandler
                0x080015ac                USBHS_WKUP_IRQHandler
                0x080015ac                DMA0_Channel4_IRQHandler
                0x080015ac                TRNG_IRQHandler
                0x080015ac                ENET_IRQHandler
                0x080015ac                USBHS_EP1_Out_IRQHandler
 *fill*         0x080015ae        0x2 
 .text._strtol_l.part.0
                0x080015b0      0x120 d:/evr/gcc-arm-none-eabi-10.3-2021.10/bin/../lib/gcc/arm-none-eabi/10.3.1/../../../../arm-none-eabi/lib/thumb/v7e-m/nofp\libg.a(lib_a-strtol.o)
 .text.strtol   0x080016d0       0x2c d:/evr/gcc-arm-none-eabi-10.3-2021.10/bin/../lib/gcc/arm-none-eabi/10.3.1/../../../../arm-none-eabi/lib/thumb/v7e-m/nofp\libg.a(lib_a-strtol.o)
                0x080016d0                strtol
 .text.startup.register_fini
                0x080016fc       0x14 d:/evr/gcc-arm-none-eabi-10.3-2021.10/bin/../lib/gcc/arm-none-eabi/10.3.1/../../../../arm-none-eabi/lib/thumb/v7e-m/nofp\libg.a(lib_a-__call_atexit.o)
 .text.atexit   0x08001710        0xc d:/evr/gcc-arm-none-eabi-10.3-2021.10/bin/../lib/gcc/arm-none-eabi/10.3.1/../../../../arm-none-eabi/lib/thumb/v7e-m/nofp\libg.a(lib_a-atexit.o)
                0x08001710                atexit
 .text.__errno  0x0800171c        0xc d:/evr/gcc-arm-none-eabi-10.3-2021.10/bin/../lib/gcc/arm-none-eabi/10.3.1/../../../../arm-none-eabi/lib/thumb/v7e-m/nofp\libg.a(lib_a-errno.o)
                0x0800171c                __errno
 .text.__libc_fini_array
                0x08001728       0x2c d:/evr/gcc-arm-none-eabi-10.3-2021.10/bin/../lib/gcc/arm-none-eabi/10.3.1/../../../../arm-none-eabi/lib/thumb/v7e-m/nofp\libg.a(lib_a-fini.o)
                0x08001728                __libc_fini_array
 .text.__retarget_lock_acquire_recursive
                0x08001754        0x4 d:/evr/gcc-arm-none-eabi-10.3-2021.10/bin/../lib/gcc/arm-none-eabi/10.3.1/../../../../arm-none-eabi/lib/thumb/v7e-m/nofp\libg.a(lib_a-lock.o)
                0x08001754                __retarget_lock_acquire_recursive
 .text.__retarget_lock_release_recursive
                0x08001758        0x4 d:/evr/gcc-arm-none-eabi-10.3-2021.10/bin/../lib/gcc/arm-none-eabi/10.3.1/../../../../arm-none-eabi/lib/thumb/v7e-m/nofp\libg.a(lib_a-lock.o)
                0x08001758                __retarget_lock_release_recursive
 .text.__register_exitproc
                0x0800175c       0x8c d:/evr/gcc-arm-none-eabi-10.3-2021.10/bin/../lib/gcc/arm-none-eabi/10.3.1/../../../../arm-none-eabi/lib/thumb/v7e-m/nofp\libg.a(lib_a-__atexit.o)
                0x0800175c                __register_exitproc
 *(.glue_7)
 .glue_7        0x080017e8        0x0 linker stubs
 *(.glue_7t)
 .glue_7t       0x080017e8        0x0 linker stubs
 *(.eh_frame)
 .eh_frame      0x080017e8        0x0 d:/evr/gcc-arm-none-eabi-10.3-2021.10/bin/../lib/gcc/arm-none-eabi/10.3.1/thumb/v7e-m/nofp/crtbegin.o
 *(.init)
 .init          0x080017e8        0x4 d:/evr/gcc-arm-none-eabi-10.3-2021.10/bin/../lib/gcc/arm-none-eabi/10.3.1/thumb/v7e-m/nofp/crti.o
                0x080017e8                _init
 .init          0x080017ec        0x8 d:/evr/gcc-arm-none-eabi-10.3-2021.10/bin/../lib/gcc/arm-none-eabi/10.3.1/thumb/v7e-m/nofp/crtn.o
 *(.fini)
 .fini          0x080017f4        0x4 d:/evr/gcc-arm-none-eabi-10.3-2021.10/bin/../lib/gcc/arm-none-eabi/10.3.1/thumb/v7e-m/nofp/crti.o
                0x080017f4                _fini
 .fini          0x080017f8        0x8 d:/evr/gcc-arm-none-eabi-10.3-2021.10/bin/../lib/gcc/arm-none-eabi/10.3.1/thumb/v7e-m/nofp/crtn.o
                0x08001800                . = ALIGN (0x4)
                0x08001800                _etext = .

.vfp11_veneer   0x08001800        0x0
 .vfp11_veneer  0x08001800        0x0 linker stubs

.v4_bx          0x08001800        0x0
 .v4_bx         0x08001800        0x0 linker stubs

.iplt           0x08001800        0x0
 .iplt          0x08001800        0x0 d:/evr/gcc-arm-none-eabi-10.3-2021.10/bin/../lib/gcc/arm-none-eabi/10.3.1/thumb/v7e-m/nofp/crtbegin.o

.rodata         0x08001800      0x1c8
                0x08001800                . = ALIGN (0x4)
 *(.rodata)
 .rodata        0x08001800       0x18 CMakeFiles/CLion_Test.elf.dir/Core/Src/gd32f4xx_rcu.c.obj
 *(.rodata*)
 .rodata.display_byte.str1.4
                0x08001818       0xa5 CMakeFiles/CLion_Test.elf.dir/UserApp/src/display_E1.c.obj
 *fill*         0x080018bd        0x3 
 .rodata._global_impure_ptr
                0x080018c0        0x4 d:/evr/gcc-arm-none-eabi-10.3-2021.10/bin/../lib/gcc/arm-none-eabi/10.3.1/../../../../arm-none-eabi/lib/thumb/v7e-m/nofp\libg.a(lib_a-impure.o)
                0x080018c0                _global_impure_ptr
 .rodata._ctype_
                0x080018c4      0x101 d:/evr/gcc-arm-none-eabi-10.3-2021.10/bin/../lib/gcc/arm-none-eabi/10.3.1/../../../../arm-none-eabi/lib/thumb/v7e-m/nofp\libg.a(lib_a-ctype_.o)
                0x080018c4                _ctype_
                0x080019c8                . = ALIGN (0x4)
 *fill*         0x080019c5        0x3 

.rel.dyn        0x080019c8        0x0
 .rel.iplt      0x080019c8        0x0 d:/evr/gcc-arm-none-eabi-10.3-2021.10/bin/../lib/gcc/arm-none-eabi/10.3.1/thumb/v7e-m/nofp/crtbegin.o

.ARM.extab
 *(.ARM.extab* .gnu.linkonce.armextab.*)

.ARM            0x080019c8        0x0
                0x080019c8                __exidx_start = .
 *(.ARM.exidx*)
                0x080019c8                __exidx_end = .

.ARM.attributes
                0x080019c8       0x2a
 *(.ARM.attributes)
 .ARM.attributes
                0x080019c8       0x1e d:/evr/gcc-arm-none-eabi-10.3-2021.10/bin/../lib/gcc/arm-none-eabi/10.3.1/thumb/v7e-m/nofp/crti.o
 .ARM.attributes
                0x080019e6       0x2e d:/evr/gcc-arm-none-eabi-10.3-2021.10/bin/../lib/gcc/arm-none-eabi/10.3.1/thumb/v7e-m/nofp/crtbegin.o
 .ARM.attributes
                0x08001a14       0x2e CMakeFiles/CLion_Test.elf.dir/Core/Src/gd32f4xx_gpio.c.obj
 .ARM.attributes
                0x08001a42       0x2e CMakeFiles/CLion_Test.elf.dir/Core/Src/gd32f4xx_i2c.c.obj
 .ARM.attributes
                0x08001a70       0x2e CMakeFiles/CLion_Test.elf.dir/Core/Src/gd32f4xx_rcu.c.obj
 .ARM.attributes
                0x08001a9e       0x2e CMakeFiles/CLion_Test.elf.dir/Drivers/CMSIS/system_gd32f4xx.c.obj
 .ARM.attributes
                0x08001acc       0x2e CMakeFiles/CLion_Test.elf.dir/UserApp/src/curtain_E3.c.obj
 .ARM.attributes
                0x08001afa       0x2e CMakeFiles/CLion_Test.elf.dir/UserApp/src/display_E1.c.obj
 .ARM.attributes
                0x08001b28       0x2e CMakeFiles/CLion_Test.elf.dir/UserApp/src/gd32f4xx_it.c.obj
 .ARM.attributes
                0x08001b56       0x2e CMakeFiles/CLion_Test.elf.dir/UserApp/src/i2c.c.obj
 .ARM.attributes
                0x08001b84       0x2e CMakeFiles/CLion_Test.elf.dir/UserApp/src/key_S1.c.obj
 .ARM.attributes
                0x08001bb2       0x2e CMakeFiles/CLion_Test.elf.dir/UserApp/src/led_E1.c.obj
 .ARM.attributes
                0x08001be0       0x2e CMakeFiles/CLion_Test.elf.dir/UserApp/src/main.c.obj
 .ARM.attributes
                0x08001c0e       0x2e CMakeFiles/CLion_Test.elf.dir/UserApp/src/systick.c.obj
 .ARM.attributes
                0x08001c3c       0x2e CMakeFiles/CLion_Test.elf.dir/UserApp/src/tools.c.obj
 .ARM.attributes
                0x08001c6a       0x21 CMakeFiles/CLion_Test.elf.dir/startup/startup_gd32f450.S.obj
 .ARM.attributes
                0x08001c8b       0x2e d:/evr/gcc-arm-none-eabi-10.3-2021.10/bin/../lib/gcc/arm-none-eabi/10.3.1/../../../../arm-none-eabi/lib/thumb/v7e-m/nofp\libg.a(lib_a-impure.o)
 .ARM.attributes
                0x08001cb9       0x2e d:/evr/gcc-arm-none-eabi-10.3-2021.10/bin/../lib/gcc/arm-none-eabi/10.3.1/../../../../arm-none-eabi/lib/thumb/v7e-m/nofp\libg.a(lib_a-strtol.o)
 .ARM.attributes
                0x08001ce7       0x2e d:/evr/gcc-arm-none-eabi-10.3-2021.10/bin/../lib/gcc/arm-none-eabi/10.3.1/../../../../arm-none-eabi/lib/thumb/v7e-m/nofp\libg.a(lib_a-__call_atexit.o)
 .ARM.attributes
                0x08001d15       0x2e d:/evr/gcc-arm-none-eabi-10.3-2021.10/bin/../lib/gcc/arm-none-eabi/10.3.1/../../../../arm-none-eabi/lib/thumb/v7e-m/nofp\libg.a(lib_a-atexit.o)
 .ARM.attributes
                0x08001d43       0x2e d:/evr/gcc-arm-none-eabi-10.3-2021.10/bin/../lib/gcc/arm-none-eabi/10.3.1/../../../../arm-none-eabi/lib/thumb/v7e-m/nofp\libg.a(lib_a-ctype_.o)
 .ARM.attributes
                0x08001d71       0x2e d:/evr/gcc-arm-none-eabi-10.3-2021.10/bin/../lib/gcc/arm-none-eabi/10.3.1/../../../../arm-none-eabi/lib/thumb/v7e-m/nofp\libg.a(lib_a-errno.o)
 .ARM.attributes
                0x08001d9f       0x2e d:/evr/gcc-arm-none-eabi-10.3-2021.10/bin/../lib/gcc/arm-none-eabi/10.3.1/../../../../arm-none-eabi/lib/thumb/v7e-m/nofp\libg.a(lib_a-fini.o)
 .ARM.attributes
                0x08001dcd       0x2e d:/evr/gcc-arm-none-eabi-10.3-2021.10/bin/../lib/gcc/arm-none-eabi/10.3.1/../../../../arm-none-eabi/lib/thumb/v7e-m/nofp\libg.a(lib_a-lock.o)
 .ARM.attributes
                0x08001dfb       0x2e d:/evr/gcc-arm-none-eabi-10.3-2021.10/bin/../lib/gcc/arm-none-eabi/10.3.1/../../../../arm-none-eabi/lib/thumb/v7e-m/nofp\libg.a(lib_a-__atexit.o)
 .ARM.attributes
                0x08001e29       0x1e d:/evr/gcc-arm-none-eabi-10.3-2021.10/bin/../lib/gcc/arm-none-eabi/10.3.1/thumb/v7e-m/nofp/crtn.o

.preinit_array  0x080019c8        0x0
                0x080019c8                PROVIDE (__preinit_array_start = .)
 *(.preinit_array*)
                0x080019c8                PROVIDE (__preinit_array_end = .)

.init_array     0x080019c8        0x8
                0x080019c8                PROVIDE (__init_array_start = .)
 *(SORT_BY_NAME(.init_array.*))
 .init_array.00000
                0x080019c8        0x4 d:/evr/gcc-arm-none-eabi-10.3-2021.10/bin/../lib/gcc/arm-none-eabi/10.3.1/../../../../arm-none-eabi/lib/thumb/v7e-m/nofp\libg.a(lib_a-__call_atexit.o)
 *(.init_array*)
 .init_array    0x080019cc        0x4 d:/evr/gcc-arm-none-eabi-10.3-2021.10/bin/../lib/gcc/arm-none-eabi/10.3.1/thumb/v7e-m/nofp/crtbegin.o
                0x080019d0                PROVIDE (__init_array_end = .)

.fini_array     0x080019d0        0x4
                0x080019d0                PROVIDE (__fini_array_start = .)
 *(.fini_array*)
 .fini_array    0x080019d0        0x4 d:/evr/gcc-arm-none-eabi-10.3-2021.10/bin/../lib/gcc/arm-none-eabi/10.3.1/thumb/v7e-m/nofp/crtbegin.o
 *(SORT_BY_NAME(.fini_array.*))
                0x080019d4                PROVIDE (__fini_array_end = .)
                0x080019d4                _sidata = LOADADDR (.data)

.data           0x20000000      0x434 load address 0x080019d4
                0x20000000                . = ALIGN (0x4)
                0x20000000                _sdata = .
 *(.data)
 *(.data*)
 .data.SystemCoreClock
                0x20000000        0x4 CMakeFiles/CLion_Test.elf.dir/Drivers/CMSIS/system_gd32f4xx.c.obj
                0x20000000                SystemCoreClock
 .data._impure_ptr
                0x20000004        0x4 d:/evr/gcc-arm-none-eabi-10.3-2021.10/bin/../lib/gcc/arm-none-eabi/10.3.1/../../../../arm-none-eabi/lib/thumb/v7e-m/nofp\libg.a(lib_a-impure.o)
                0x20000004                _impure_ptr
 .data.impure_data
                0x20000008      0x428 d:/evr/gcc-arm-none-eabi-10.3-2021.10/bin/../lib/gcc/arm-none-eabi/10.3.1/../../../../arm-none-eabi/lib/thumb/v7e-m/nofp\libg.a(lib_a-impure.o)
 .data.__atexit_recursive_mutex
                0x20000430        0x4 d:/evr/gcc-arm-none-eabi-10.3-2021.10/bin/../lib/gcc/arm-none-eabi/10.3.1/../../../../arm-none-eabi/lib/thumb/v7e-m/nofp\libg.a(lib_a-__call_atexit.o)
                0x20000430                __atexit_recursive_mutex
                0x20000434                . = ALIGN (0x4)
                0x20000434                _edata = .

.igot.plt       0x20000434        0x0 load address 0x08001e08
 .igot.plt      0x20000434        0x0 d:/evr/gcc-arm-none-eabi-10.3-2021.10/bin/../lib/gcc/arm-none-eabi/10.3.1/thumb/v7e-m/nofp/crtbegin.o
                0x20000434                . = ALIGN (0x4)

.bss            0x20000434       0x54 load address 0x08001e08
                0x20000434                _sbss = .
                0x20000434                __bss_start__ = _sbss
 *(.bss)
 .bss           0x20000434       0x1c d:/evr/gcc-arm-none-eabi-10.3-2021.10/bin/../lib/gcc/arm-none-eabi/10.3.1/thumb/v7e-m/nofp/crtbegin.o
 *(.bss*)
 .bss.LED_addr  0x20000450        0xc CMakeFiles/CLion_Test.elf.dir/UserApp/src/main.c.obj
                0x20000450                LED_addr
 .bss.curtain_addr
                0x2000045c        0xc CMakeFiles/CLion_Test.elf.dir/UserApp/src/main.c.obj
                0x2000045c                curtain_addr
 .bss.display_addr
                0x20000468        0xc CMakeFiles/CLion_Test.elf.dir/UserApp/src/main.c.obj
                0x20000468                display_addr
 .bss.key_addr  0x20000474        0xc CMakeFiles/CLion_Test.elf.dir/UserApp/src/main.c.obj
                0x20000474                key_addr
 .bss.delay     0x20000480        0x4 CMakeFiles/CLion_Test.elf.dir/UserApp/src/systick.c.obj
 .bss.__lock___atexit_recursive_mutex
                0x20000484        0x1 d:/evr/gcc-arm-none-eabi-10.3-2021.10/bin/../lib/gcc/arm-none-eabi/10.3.1/../../../../arm-none-eabi/lib/thumb/v7e-m/nofp\libg.a(lib_a-lock.o)
                0x20000484                __lock___atexit_recursive_mutex
 *(COMMON)
                0x20000488                . = ALIGN (0x4)
 *fill*         0x20000485        0x3 
                0x20000488                _ebss = .
                0x20000488                __bss_end__ = _ebss
                0x20000488                . = ALIGN (0x8)
                0x20000488                PROVIDE (end = _ebss)
                [!provide]                PROVIDE (_end = _ebss)
                0x08001e08                _sitcmram = LOADADDR (.tcmram)

.tcmram         0x10000000        0x0 load address 0x08001e08
                0x10000000                . = ALIGN (0x4)
                0x10000000                _stcmram = .
 *(.tcmram)
 *(.tcmram*)
                0x10000000                . = ALIGN (0x4)
                0x10000000                _etcmram = .

.stack          0x2002f800      0x800 load address 0x20000488
                [!provide]                PROVIDE (_heap_end = .)
                0x00000800                . = __stack_size
 *fill*         0x2002f800      0x800 
                0x20030000                PROVIDE (_sp = .)
START GROUP
LOAD d:/evr/gcc-arm-none-eabi-10.3-2021.10/bin/../lib/gcc/arm-none-eabi/10.3.1/thumb/v7e-m/nofp\libgcc.a
LOAD d:/evr/gcc-arm-none-eabi-10.3-2021.10/bin/../lib/gcc/arm-none-eabi/10.3.1/../../../../arm-none-eabi/lib/thumb/v7e-m/nofp\libc.a
LOAD d:/evr/gcc-arm-none-eabi-10.3-2021.10/bin/../lib/gcc/arm-none-eabi/10.3.1/../../../../arm-none-eabi/lib/thumb/v7e-m/nofp\libm.a
LOAD d:/evr/gcc-arm-none-eabi-10.3-2021.10/bin/../lib/gcc/arm-none-eabi/10.3.1/../../../../arm-none-eabi/lib/thumb/v7e-m/nofp\libnosys.a
END GROUP
OUTPUT(CLion_Test.elf elf32-littlearm)
LOAD linker stubs

.debug_info     0x00000000     0x6ce2
 .debug_info    0x00000000      0x858 CMakeFiles/CLion_Test.elf.dir/Core/Src/gd32f4xx_gpio.c.obj
 .debug_info    0x00000858      0xf22 CMakeFiles/CLion_Test.elf.dir/Core/Src/gd32f4xx_i2c.c.obj
 .debug_info    0x0000177a     0x1558 CMakeFiles/CLion_Test.elf.dir/Core/Src/gd32f4xx_rcu.c.obj
 .debug_info    0x00002cd2      0x2a1 CMakeFiles/CLion_Test.elf.dir/Drivers/CMSIS/system_gd32f4xx.c.obj
 .debug_info    0x00002f73      0x2b4 CMakeFiles/CLion_Test.elf.dir/UserApp/src/curtain_E3.c.obj
 .debug_info    0x00003227     0x1087 CMakeFiles/CLion_Test.elf.dir/UserApp/src/display_E1.c.obj
 .debug_info    0x000042ae      0x136 CMakeFiles/CLion_Test.elf.dir/UserApp/src/gd32f4xx_it.c.obj
 .debug_info    0x000043e4     0x14c9 CMakeFiles/CLion_Test.elf.dir/UserApp/src/i2c.c.obj
 .debug_info    0x000058ad      0x23d CMakeFiles/CLion_Test.elf.dir/UserApp/src/key_S1.c.obj
 .debug_info    0x00005aea      0x4e9 CMakeFiles/CLion_Test.elf.dir/UserApp/src/led_E1.c.obj
 .debug_info    0x00005fd3      0x37d CMakeFiles/CLion_Test.elf.dir/UserApp/src/main.c.obj
 .debug_info    0x00006350      0x7e0 CMakeFiles/CLion_Test.elf.dir/UserApp/src/systick.c.obj
 .debug_info    0x00006b30      0x190 CMakeFiles/CLion_Test.elf.dir/UserApp/src/tools.c.obj
 .debug_info    0x00006cc0       0x22 CMakeFiles/CLion_Test.elf.dir/startup/startup_gd32f450.S.obj

.debug_abbrev   0x00000000     0x122c
 .debug_abbrev  0x00000000      0x1bf CMakeFiles/CLion_Test.elf.dir/Core/Src/gd32f4xx_gpio.c.obj
 .debug_abbrev  0x000001bf      0x1ca CMakeFiles/CLion_Test.elf.dir/Core/Src/gd32f4xx_i2c.c.obj
 .debug_abbrev  0x00000389      0x1cb CMakeFiles/CLion_Test.elf.dir/Core/Src/gd32f4xx_rcu.c.obj
 .debug_abbrev  0x00000554      0x163 CMakeFiles/CLion_Test.elf.dir/Drivers/CMSIS/system_gd32f4xx.c.obj
 .debug_abbrev  0x000006b7      0x120 CMakeFiles/CLion_Test.elf.dir/UserApp/src/curtain_E3.c.obj
 .debug_abbrev  0x000007d7      0x16f CMakeFiles/CLion_Test.elf.dir/UserApp/src/display_E1.c.obj
 .debug_abbrev  0x00000946       0x7e CMakeFiles/CLion_Test.elf.dir/UserApp/src/gd32f4xx_it.c.obj
 .debug_abbrev  0x000009c4      0x1de CMakeFiles/CLion_Test.elf.dir/UserApp/src/i2c.c.obj
 .debug_abbrev  0x00000ba2      0x14b CMakeFiles/CLion_Test.elf.dir/UserApp/src/key_S1.c.obj
 .debug_abbrev  0x00000ced      0x131 CMakeFiles/CLion_Test.elf.dir/UserApp/src/led_E1.c.obj
 .debug_abbrev  0x00000e1e      0x121 CMakeFiles/CLion_Test.elf.dir/UserApp/src/main.c.obj
 .debug_abbrev  0x00000f3f      0x1ea CMakeFiles/CLion_Test.elf.dir/UserApp/src/systick.c.obj
 .debug_abbrev  0x00001129       0xf1 CMakeFiles/CLion_Test.elf.dir/UserApp/src/tools.c.obj
 .debug_abbrev  0x0000121a       0x12 CMakeFiles/CLion_Test.elf.dir/startup/startup_gd32f450.S.obj

.debug_loc      0x00000000     0x27a4
 .debug_loc     0x00000000      0x37c CMakeFiles/CLion_Test.elf.dir/Core/Src/gd32f4xx_gpio.c.obj
 .debug_loc     0x0000037c      0x73c CMakeFiles/CLion_Test.elf.dir/Core/Src/gd32f4xx_i2c.c.obj
 .debug_loc     0x00000ab8      0xd3d CMakeFiles/CLion_Test.elf.dir/Core/Src/gd32f4xx_rcu.c.obj
 .debug_loc     0x000017f5      0x150 CMakeFiles/CLion_Test.elf.dir/Drivers/CMSIS/system_gd32f4xx.c.obj
 .debug_loc     0x00001945       0x9a CMakeFiles/CLion_Test.elf.dir/UserApp/src/curtain_E3.c.obj
 .debug_loc     0x000019df      0x43f CMakeFiles/CLion_Test.elf.dir/UserApp/src/display_E1.c.obj
 .debug_loc     0x00001e1e      0x5b8 CMakeFiles/CLion_Test.elf.dir/UserApp/src/i2c.c.obj
 .debug_loc     0x000023d6       0x5d CMakeFiles/CLion_Test.elf.dir/UserApp/src/key_S1.c.obj
 .debug_loc     0x00002433      0x194 CMakeFiles/CLion_Test.elf.dir/UserApp/src/led_E1.c.obj
 .debug_loc     0x000025c7       0x88 CMakeFiles/CLion_Test.elf.dir/UserApp/src/main.c.obj
 .debug_loc     0x0000264f       0x90 CMakeFiles/CLion_Test.elf.dir/UserApp/src/systick.c.obj
 .debug_loc     0x000026df       0xc5 CMakeFiles/CLion_Test.elf.dir/UserApp/src/tools.c.obj

.debug_aranges  0x00000000      0x5f8
 .debug_aranges
                0x00000000       0x90 CMakeFiles/CLion_Test.elf.dir/Core/Src/gd32f4xx_gpio.c.obj
 .debug_aranges
                0x00000090      0x148 CMakeFiles/CLion_Test.elf.dir/Core/Src/gd32f4xx_i2c.c.obj
 .debug_aranges
                0x000001d8      0x190 CMakeFiles/CLion_Test.elf.dir/Core/Src/gd32f4xx_rcu.c.obj
 .debug_aranges
                0x00000368       0x38 CMakeFiles/CLion_Test.elf.dir/Drivers/CMSIS/system_gd32f4xx.c.obj
 .debug_aranges
                0x000003a0       0x38 CMakeFiles/CLion_Test.elf.dir/UserApp/src/curtain_E3.c.obj
 .debug_aranges
                0x000003d8       0x50 CMakeFiles/CLion_Test.elf.dir/UserApp/src/display_E1.c.obj
 .debug_aranges
                0x00000428       0x60 CMakeFiles/CLion_Test.elf.dir/UserApp/src/gd32f4xx_it.c.obj
 .debug_aranges
                0x00000488       0x68 CMakeFiles/CLion_Test.elf.dir/UserApp/src/i2c.c.obj
 .debug_aranges
                0x000004f0       0x30 CMakeFiles/CLion_Test.elf.dir/UserApp/src/key_S1.c.obj
 .debug_aranges
                0x00000520       0x38 CMakeFiles/CLion_Test.elf.dir/UserApp/src/led_E1.c.obj
 .debug_aranges
                0x00000558       0x20 CMakeFiles/CLion_Test.elf.dir/UserApp/src/main.c.obj
 .debug_aranges
                0x00000578       0x30 CMakeFiles/CLion_Test.elf.dir/UserApp/src/systick.c.obj
 .debug_aranges
                0x000005a8       0x28 CMakeFiles/CLion_Test.elf.dir/UserApp/src/tools.c.obj
 .debug_aranges
                0x000005d0       0x28 CMakeFiles/CLion_Test.elf.dir/startup/startup_gd32f450.S.obj

.debug_ranges   0x00000000      0x568
 .debug_ranges  0x00000000       0x80 CMakeFiles/CLion_Test.elf.dir/Core/Src/gd32f4xx_gpio.c.obj
 .debug_ranges  0x00000080      0x138 CMakeFiles/CLion_Test.elf.dir/Core/Src/gd32f4xx_i2c.c.obj
 .debug_ranges  0x000001b8      0x180 CMakeFiles/CLion_Test.elf.dir/Core/Src/gd32f4xx_rcu.c.obj
 .debug_ranges  0x00000338       0x28 CMakeFiles/CLion_Test.elf.dir/Drivers/CMSIS/system_gd32f4xx.c.obj
 .debug_ranges  0x00000360       0x40 CMakeFiles/CLion_Test.elf.dir/UserApp/src/curtain_E3.c.obj
 .debug_ranges  0x000003a0       0x58 CMakeFiles/CLion_Test.elf.dir/UserApp/src/display_E1.c.obj
 .debug_ranges  0x000003f8       0x50 CMakeFiles/CLion_Test.elf.dir/UserApp/src/gd32f4xx_it.c.obj
 .debug_ranges  0x00000448       0x58 CMakeFiles/CLion_Test.elf.dir/UserApp/src/i2c.c.obj
 .debug_ranges  0x000004a0       0x20 CMakeFiles/CLion_Test.elf.dir/UserApp/src/key_S1.c.obj
 .debug_ranges  0x000004c0       0x28 CMakeFiles/CLion_Test.elf.dir/UserApp/src/led_E1.c.obj
 .debug_ranges  0x000004e8       0x28 CMakeFiles/CLion_Test.elf.dir/UserApp/src/main.c.obj
 .debug_ranges  0x00000510       0x20 CMakeFiles/CLion_Test.elf.dir/UserApp/src/systick.c.obj
 .debug_ranges  0x00000530       0x18 CMakeFiles/CLion_Test.elf.dir/UserApp/src/tools.c.obj
 .debug_ranges  0x00000548       0x20 CMakeFiles/CLion_Test.elf.dir/startup/startup_gd32f450.S.obj

.debug_line     0x00000000     0x3eae
 .debug_line    0x00000000      0x581 CMakeFiles/CLion_Test.elf.dir/Core/Src/gd32f4xx_gpio.c.obj
 .debug_line    0x00000581      0x8fb CMakeFiles/CLion_Test.elf.dir/Core/Src/gd32f4xx_i2c.c.obj
 .debug_line    0x00000e7c      0xcc0 CMakeFiles/CLion_Test.elf.dir/Core/Src/gd32f4xx_rcu.c.obj
 .debug_line    0x00001b3c      0x40d CMakeFiles/CLion_Test.elf.dir/Drivers/CMSIS/system_gd32f4xx.c.obj
 .debug_line    0x00001f49      0x2bb CMakeFiles/CLion_Test.elf.dir/UserApp/src/curtain_E3.c.obj
 .debug_line    0x00002204      0x610 CMakeFiles/CLion_Test.elf.dir/UserApp/src/display_E1.c.obj
 .debug_line    0x00002814      0x182 CMakeFiles/CLion_Test.elf.dir/UserApp/src/gd32f4xx_it.c.obj
 .debug_line    0x00002996      0x9d7 CMakeFiles/CLion_Test.elf.dir/UserApp/src/i2c.c.obj
 .debug_line    0x0000336d      0x272 CMakeFiles/CLion_Test.elf.dir/UserApp/src/key_S1.c.obj
 .debug_line    0x000035df      0x293 CMakeFiles/CLion_Test.elf.dir/UserApp/src/led_E1.c.obj
 .debug_line    0x00003872      0x22b CMakeFiles/CLion_Test.elf.dir/UserApp/src/main.c.obj
 .debug_line    0x00003a9d      0x285 CMakeFiles/CLion_Test.elf.dir/UserApp/src/systick.c.obj
 .debug_line    0x00003d22       0xfc CMakeFiles/CLion_Test.elf.dir/UserApp/src/tools.c.obj
 .debug_line    0x00003e1e       0x90 CMakeFiles/CLion_Test.elf.dir/startup/startup_gd32f450.S.obj

.debug_str      0x00000000     0x2d73
 .debug_str     0x00000000      0x64e CMakeFiles/CLion_Test.elf.dir/Core/Src/gd32f4xx_gpio.c.obj
                                0x6ac (size before relaxing)
 .debug_str     0x0000064e      0x89e CMakeFiles/CLion_Test.elf.dir/Core/Src/gd32f4xx_i2c.c.obj
                                0xdba (size before relaxing)
 .debug_str     0x00000eec     0x114b CMakeFiles/CLion_Test.elf.dir/Core/Src/gd32f4xx_rcu.c.obj
                               0x16ad (size before relaxing)
 .debug_str     0x00002037       0xec CMakeFiles/CLion_Test.elf.dir/Drivers/CMSIS/system_gd32f4xx.c.obj
                                0x2e5 (size before relaxing)
 .debug_str     0x00002123       0xcd CMakeFiles/CLion_Test.elf.dir/UserApp/src/curtain_E3.c.obj
                                0x28c (size before relaxing)
 .debug_str     0x000021f0      0x119 CMakeFiles/CLion_Test.elf.dir/UserApp/src/display_E1.c.obj
                                0x331 (size before relaxing)
 .debug_str     0x00002309       0xd6 CMakeFiles/CLion_Test.elf.dir/UserApp/src/gd32f4xx_it.c.obj
                                0x25e (size before relaxing)
 .debug_str     0x000023df       0xde CMakeFiles/CLion_Test.elf.dir/UserApp/src/i2c.c.obj
                                0x82d (size before relaxing)
 .debug_str     0x000024bd       0x66 CMakeFiles/CLion_Test.elf.dir/UserApp/src/key_S1.c.obj
                                0x257 (size before relaxing)
 .debug_str     0x00002523       0x6e CMakeFiles/CLion_Test.elf.dir/UserApp/src/led_E1.c.obj
                                0x27f (size before relaxing)
 .debug_str     0x00002591       0x80 CMakeFiles/CLion_Test.elf.dir/UserApp/src/main.c.obj
                                0x3a7 (size before relaxing)
 .debug_str     0x00002611      0x6cf CMakeFiles/CLion_Test.elf.dir/UserApp/src/systick.c.obj
                                0x914 (size before relaxing)
 .debug_str     0x00002ce0       0x4e CMakeFiles/CLion_Test.elf.dir/UserApp/src/tools.c.obj
                                0x205 (size before relaxing)
 .debug_str     0x00002d2e       0x45 CMakeFiles/CLion_Test.elf.dir/startup/startup_gd32f450.S.obj
                                 0x73 (size before relaxing)

.comment        0x00000000       0x49
 .comment       0x00000000       0x49 CMakeFiles/CLion_Test.elf.dir/Core/Src/gd32f4xx_gpio.c.obj
                                 0x4a (size before relaxing)
 .comment       0x00000049       0x4a CMakeFiles/CLion_Test.elf.dir/Core/Src/gd32f4xx_i2c.c.obj
 .comment       0x00000049       0x4a CMakeFiles/CLion_Test.elf.dir/Core/Src/gd32f4xx_rcu.c.obj
 .comment       0x00000049       0x4a CMakeFiles/CLion_Test.elf.dir/Drivers/CMSIS/system_gd32f4xx.c.obj
 .comment       0x00000049       0x4a CMakeFiles/CLion_Test.elf.dir/UserApp/src/curtain_E3.c.obj
 .comment       0x00000049       0x4a CMakeFiles/CLion_Test.elf.dir/UserApp/src/display_E1.c.obj
 .comment       0x00000049       0x4a CMakeFiles/CLion_Test.elf.dir/UserApp/src/gd32f4xx_it.c.obj
 .comment       0x00000049       0x4a CMakeFiles/CLion_Test.elf.dir/UserApp/src/i2c.c.obj
 .comment       0x00000049       0x4a CMakeFiles/CLion_Test.elf.dir/UserApp/src/key_S1.c.obj
 .comment       0x00000049       0x4a CMakeFiles/CLion_Test.elf.dir/UserApp/src/led_E1.c.obj
 .comment       0x00000049       0x4a CMakeFiles/CLion_Test.elf.dir/UserApp/src/main.c.obj
 .comment       0x00000049       0x4a CMakeFiles/CLion_Test.elf.dir/UserApp/src/systick.c.obj
 .comment       0x00000049       0x4a CMakeFiles/CLion_Test.elf.dir/UserApp/src/tools.c.obj

.debug_frame    0x00000000      0xe70
 .debug_frame   0x00000000      0x12c CMakeFiles/CLion_Test.elf.dir/Core/Src/gd32f4xx_gpio.c.obj
 .debug_frame   0x0000012c      0x29c CMakeFiles/CLion_Test.elf.dir/Core/Src/gd32f4xx_i2c.c.obj
 .debug_frame   0x000003c8      0x33c CMakeFiles/CLion_Test.elf.dir/Core/Src/gd32f4xx_rcu.c.obj
 .debug_frame   0x00000704       0x70 CMakeFiles/CLion_Test.elf.dir/Drivers/CMSIS/system_gd32f4xx.c.obj
 .debug_frame   0x00000774       0x78 CMakeFiles/CLion_Test.elf.dir/UserApp/src/curtain_E3.c.obj
 .debug_frame   0x000007ec       0xe4 CMakeFiles/CLion_Test.elf.dir/UserApp/src/display_E1.c.obj
 .debug_frame   0x000008d0       0xa8 CMakeFiles/CLion_Test.elf.dir/UserApp/src/gd32f4xx_it.c.obj
 .debug_frame   0x00000978      0x134 CMakeFiles/CLion_Test.elf.dir/UserApp/src/i2c.c.obj
 .debug_frame   0x00000aac       0x58 CMakeFiles/CLion_Test.elf.dir/UserApp/src/key_S1.c.obj
 .debug_frame   0x00000b04       0x90 CMakeFiles/CLion_Test.elf.dir/UserApp/src/led_E1.c.obj
 .debug_frame   0x00000b94       0x28 CMakeFiles/CLion_Test.elf.dir/UserApp/src/main.c.obj
 .debug_frame   0x00000bbc       0x40 CMakeFiles/CLion_Test.elf.dir/UserApp/src/systick.c.obj
 .debug_frame   0x00000bfc       0x40 CMakeFiles/CLion_Test.elf.dir/UserApp/src/tools.c.obj
 .debug_frame   0x00000c3c       0x80 d:/evr/gcc-arm-none-eabi-10.3-2021.10/bin/../lib/gcc/arm-none-eabi/10.3.1/../../../../arm-none-eabi/lib/thumb/v7e-m/nofp\libg.a(lib_a-strtol.o)
 .debug_frame   0x00000cbc       0x5c d:/evr/gcc-arm-none-eabi-10.3-2021.10/bin/../lib/gcc/arm-none-eabi/10.3.1/../../../../arm-none-eabi/lib/thumb/v7e-m/nofp\libg.a(lib_a-__call_atexit.o)
 .debug_frame   0x00000d18       0x20 d:/evr/gcc-arm-none-eabi-10.3-2021.10/bin/../lib/gcc/arm-none-eabi/10.3.1/../../../../arm-none-eabi/lib/thumb/v7e-m/nofp\libg.a(lib_a-atexit.o)
 .debug_frame   0x00000d38       0x20 d:/evr/gcc-arm-none-eabi-10.3-2021.10/bin/../lib/gcc/arm-none-eabi/10.3.1/../../../../arm-none-eabi/lib/thumb/v7e-m/nofp\libg.a(lib_a-errno.o)
 .debug_frame   0x00000d58       0x34 d:/evr/gcc-arm-none-eabi-10.3-2021.10/bin/../lib/gcc/arm-none-eabi/10.3.1/../../../../arm-none-eabi/lib/thumb/v7e-m/nofp\libg.a(lib_a-fini.o)
 .debug_frame   0x00000d8c       0xb0 d:/evr/gcc-arm-none-eabi-10.3-2021.10/bin/../lib/gcc/arm-none-eabi/10.3.1/../../../../arm-none-eabi/lib/thumb/v7e-m/nofp\libg.a(lib_a-lock.o)
 .debug_frame   0x00000e3c       0x34 d:/evr/gcc-arm-none-eabi-10.3-2021.10/bin/../lib/gcc/arm-none-eabi/10.3.1/../../../../arm-none-eabi/lib/thumb/v7e-m/nofp\libg.a(lib_a-__atexit.o)

.stabstr        0x00000000      0x183
 .stabstr       0x00000000      0x183 d:/evr/gcc-arm-none-eabi-10.3-2021.10/bin/../lib/gcc/arm-none-eabi/10.3.1/../../../../arm-none-eabi/lib/thumb/v7e-m/nofp\libnosys.a(close.o)
